<html>
<body>
<pre>
<h1>µVision Build Log</h1>
<h2>Tool Versions:</h2>
IDE-Version: µVision V5.17.0.0
Copyright (C) 2015 ARM Ltd and ARM Germany GmbH. All rights reserved.
License Information: Xiu Xiu, Xiu, LIC=CZLRA-1HRBN-CW32K-Z69G3-AQN60-K40NI
 
Tool Versions:
Toolchain:       MDK-ARM Standard  Version: 5.17
Toolchain Path:  C:\Keil_v5\ARM\ARMCC\Bin
C Compiler:      Armcc.exe V5.06 update 1 (build 61)
Assembler:       Armasm.exe V5.06 update 1 (build 61)
Linker/Locator:  ArmLink.exe V5.06 update 1 (build 61)
Library Manager: ArmAr.exe V5.06 update 1 (build 61)
Hex Converter:   FromElf.exe V5.06 update 1 (build 61)
CPU DLL:         SARMCM3.DLL V5.17
Dialog DLL:      DARMCM1.DLL V1.12.0.0
Target DLL:      Nu_Link.dll V2.00
Dialog DLL:      TARMCM1.DLL V1.9.0.0
 
<h2>Project:</h2>
E:\1DATA\Slide\HK7\LTNCB\NUMAKER\NUC131BSP_v3.00.003\SampleCode\StdDriver\GPIO_INT\KEIL\GPIO_INT.uvproj
Project File Date:  03/28/2018

<h2>Output:</h2>
*** Using Compiler 'V5.06 update 1 (build 61)', folder: 'C:\Keil_v5\ARM\ARMCC\Bin'
Build target 'GPIO_INT'
creating preprocessor file for system_NUC131.c...
creating preprocessor file for main.c...
assembling startup_NUC131.s...
creating preprocessor file for retarget.c...
compiling system_NUC131.c...
compiling main.c...
creating preprocessor file for gpio.c...
compiling retarget.c...
creating preprocessor file for clk.c...
creating preprocessor file for sys.c...
compiling gpio.c...
creating preprocessor file for uart.c...
compiling clk.c...
compiling sys.c...
compiling uart.c...
linking...
Program Size: Code=3380 RO-data=320 RW-data=48 ZI-data=1024  
After Build - User command #1: fromelf --bin ".\obj\GPIO_INT.axf" --output ".\obj\GPIO_INT.bin"
After Build - User command #2: fromelf --text -c ".\obj\GPIO_INT.axf" --output ".\obj\GPIO_INT.txt"
".\obj\GPIO_INT.axf" - 0 Error(s), 0 Warning(s).
Build Time Elapsed:  00:00:07
</pre>
</body>
</html>
