Component: ARM Compiler 5.06 update 1 (build 61) Tool: armlink [4d35a8]

==============================================================================

Section Cross References

    main.o(i.Display_Turn) refers to lcdst7920.o(i.Display_Graphic) for Display_Graphic
    main.o(i.Display_Turn) refers to main.o(.data) for BattleMap
    main.o(i.Find_My_Ship_Position) refers to main.o(.data) for Ship1_Positions
    main.o(i.GPIO_Init) refers to gpio.o(i.GPIO_SetMode) for GPIO_SetMode
    main.o(i.SPI_Init) refers to spi.o(i.SPI_Open) for SPI_Open
    main.o(i.SPI_Init) refers to spi.o(i.SPI_DisableAutoSS) for SPI_DisableAutoSS
    main.o(i.SYS_Init) refers to clk.o(i.CLK_EnableXtalRC) for CLK_EnableXtalRC
    main.o(i.SYS_Init) refers to clk.o(i.CLK_WaitClockReady) for CLK_WaitClockReady
    main.o(i.SYS_Init) refers to clk.o(i.CLK_SetHCLK) for CLK_SetHCLK
    main.o(i.SYS_Init) refers to clk.o(i.CLK_SetCoreClock) for CLK_SetCoreClock
    main.o(i.SYS_Init) refers to clk.o(i.CLK_SetModuleClock) for CLK_SetModuleClock
    main.o(i.SYS_Init) refers to clk.o(i.CLK_EnableModuleClock) for CLK_EnableModuleClock
    main.o(i.SYS_Init) refers to system_nuc131.o(i.SystemCoreClockUpdate) for SystemCoreClockUpdate
    main.o(i.Setup_Myship) refers to battlemap.o(i.Select_XY_Number) for Select_XY_Number
    main.o(i.Setup_Myship) refers to battlemap.o(i.Set_My_Ship_XY) for Set_My_Ship_XY
    main.o(i.Setup_Myship) refers to lcdst7920.o(i.Display_Graphic) for Display_Graphic
    main.o(i.Setup_Myship) refers to main.o(.data) for BattleMap
    main.o(i.main) refers to main.o(i.SYS_Init) for SYS_Init
    main.o(i.main) refers to main.o(i.SPI_Init) for SPI_Init
    main.o(i.main) refers to main.o(i.GPIO_Init) for GPIO_Init
    main.o(i.main) refers to lcdst7920.o(i.delay) for delay
    main.o(i.main) refers to enc28j60.o(i.enc28j60Init) for enc28j60Init
    main.o(i.main) refers to enc28j60.o(i.enc28j60PhyWrite) for enc28j60PhyWrite
    main.o(i.main) refers to enc28j60.o(i.enc28j60clkout) for enc28j60clkout
    main.o(i.main) refers to ip_arp_udp_tcp.o(i.init_ip_arp_udp_tcp) for init_ip_arp_udp_tcp
    main.o(i.main) refers to enc28j60.o(i.enc28j60getrev) for enc28j60getrev
    main.o(i.main) refers to lcdst7920.o(i.InitLCD_Graphic) for InitLCD_Graphic
    main.o(i.main) refers to lcdst7920.o(i.Display_Graphic) for Display_Graphic
    main.o(i.main) refers to battlemap.o(i.Select_XY_Number) for Select_XY_Number
    main.o(i.main) refers to ip_arp_udp_tcp.o(i.send_udp_prepare) for send_udp_prepare
    main.o(i.main) refers to ip_arp_udp_tcp.o(i.send_udp_transmit) for send_udp_transmit
    main.o(i.main) refers to battlemap.o(i.Destroy_Enemy_Ship_XY) for Destroy_Enemy_Ship_XY
    main.o(i.main) refers to main.o(i.Display_Turn) for Display_Turn
    main.o(i.main) refers to enc28j60.o(i.enc28j60PacketReceive) for enc28j60PacketReceive
    main.o(i.main) refers to ip_arp_udp_tcp.o(i.eth_type_is_arp_and_my_ip) for eth_type_is_arp_and_my_ip
    main.o(i.main) refers to ip_arp_udp_tcp.o(i.make_arp_answer_from_request) for make_arp_answer_from_request
    main.o(i.main) refers to ip_arp_udp_tcp.o(i.eth_type_is_ip_and_my_ip) for eth_type_is_ip_and_my_ip
    main.o(i.main) refers to ip_arp_udp_tcp.o(i.make_echo_reply_from_request) for make_echo_reply_from_request
    main.o(i.main) refers to battlemap.o(i.Set_Enemy_Ship_XY) for Set_Enemy_Ship_XY
    main.o(i.main) refers to main.o(i.Find_My_Ship_Position) for Find_My_Ship_Position
    main.o(i.main) refers to lcdst7920.o(i.InitLCD_BasicMode) for InitLCD_BasicMode
    main.o(i.main) refers to lcdst7920.o(i.Display_BasicMode) for Display_BasicMode
    main.o(i.main) refers to battlemap.o(i.Destroy_My_Ship_XY) for Destroy_My_Ship_XY
    main.o(i.main) refers to main.o(.data) for mymac
    main.o(i.main) refers to main.o(.bss) for sendbuf
    main.o(i.main) refers to main.o(i.Setup_Myship) for Setup_Myship
    clk.o(i.CLK_DisableCKO) refers to clk.o(i.CLK_DisableModuleClock) for CLK_DisableModuleClock
    clk.o(i.CLK_DisableModuleClock) refers to clk.o(.constdata) for .constdata
    clk.o(i.CLK_EnableCKO) refers to clk.o(i.CLK_EnableModuleClock) for CLK_EnableModuleClock
    clk.o(i.CLK_EnableCKO) refers to clk.o(i.CLK_SetModuleClock) for CLK_SetModuleClock
    clk.o(i.CLK_EnableModuleClock) refers to clk.o(.constdata) for .constdata
    clk.o(i.CLK_EnablePLL) refers to clk.o(i.CLK_WaitClockReady) for CLK_WaitClockReady
    clk.o(i.CLK_EnablePLL) refers to aeabi_sdiv.o(.text) for __aeabi_uidivmod
    clk.o(i.CLK_EnablePLL) refers to clk.o(i.CLK_GetPLLClockFreq) for CLK_GetPLLClockFreq
    clk.o(i.CLK_GetCPUFreq) refers to system_nuc131.o(i.SystemCoreClockUpdate) for SystemCoreClockUpdate
    clk.o(i.CLK_GetCPUFreq) refers to system_nuc131.o(.data) for SystemCoreClock
    clk.o(i.CLK_GetHCLKFreq) refers to system_nuc131.o(i.SystemCoreClockUpdate) for SystemCoreClockUpdate
    clk.o(i.CLK_GetHCLKFreq) refers to system_nuc131.o(.data) for SystemCoreClock
[...]
    __printf_flags_ss.o(.text) refers to __printf_flags_ss.o(.constdata) for .constdata
    __printf_wp.o(.text) refers to __printf_wp.o(i._is_digit) for _is_digit
    __printf_wp.o(.text) refers to _printf_percent.o(.ARM.Collect$$_printf_percent$$00000000) for _printf_percent
    __printf_flags_wp.o(.text) refers to __printf_wp.o(i._is_digit) for _is_digit
    __printf_flags_wp.o(.text) refers to _printf_percent.o(.ARM.Collect$$_printf_percent$$00000000) for _printf_percent
    __printf_flags_wp.o(.text) refers to __printf_flags_wp.o(.constdata) for .constdata
    __printf_ss_wp.o(.text) refers to __printf_wp.o(i._is_digit) for _is_digit
    __printf_ss_wp.o(.text) refers to _printf_percent.o(.ARM.Collect$$_printf_percent$$00000000) for _printf_percent
    __printf_flags_ss_wp.o(.text) refers to __printf_wp.o(i._is_digit) for _is_digit
    __printf_flags_ss_wp.o(.text) refers to _printf_percent.o(.ARM.Collect$$_printf_percent$$00000000) for _printf_percent
    __printf_flags_ss_wp.o(.text) refers to __printf_flags_ss_wp.o(.constdata) for .constdata
    _printf_x.o(.ARM.Collect$$_printf_percent$$0000000C) refers (Weak) to _printf_hex_int.o(.text) for _printf_int_hex
    _printf_percent.o(.ARM.Collect$$_printf_percent$$00000000) refers (Special) to _printf_percent_end.o(.ARM.Collect$$_printf_percent$$00000017) for _printf_percent_end
    rt_memcpy.o(.text) refers to rt_memcpy.o(.emb_text) for __aeabi_memcpy4
    __main.o(!!!main) refers to __rtentry.o(.ARM.Collect$$rtentry$$00000000) for __rt_entry
    __rtentry.o(.ARM.Collect$$rtentry$$00000000) refers (Special) to __rtentry2.o(.ARM.Collect$$rtentry$$0000000A) for __rt_entry_li
    __rtentry.o(.ARM.Collect$$rtentry$$00000000) refers (Special) to __rtentry2.o(.ARM.Collect$$rtentry$$0000000D) for __rt_entry_main
    __rtentry.o(.ARM.Collect$$rtentry$$00000000) refers (Special) to __rtentry2.o(.ARM.Collect$$rtentry$$0000000C) for __rt_entry_postli_1
    __rtentry.o(.ARM.Collect$$rtentry$$00000000) refers (Special) to __rtentry2.o(.ARM.Collect$$rtentry$$00000009) for __rt_entry_postsh_1
    __rtentry.o(.ARM.Collect$$rtentry$$00000000) refers (Special) to __rtentry2.o(.ARM.Collect$$rtentry$$00000002) for __rt_entry_presh_1
    __rtentry.o(.ARM.Collect$$rtentry$$00000000) refers (Special) to __rtentry4.o(.ARM.Collect$$rtentry$$00000004) for __rt_entry_sh
    aeabi_idiv0_sigfpe.o(.text) refers to rt_div0.o(.text) for __rt_div0
    _printf_char_file.o(.text) refers to _printf_char_common.o(.text) for _printf_char_common
    _printf_char_file.o(.text) refers to retarget.o(i.ferror) for ferror
    _printf_char_file.o(.text) refers to retarget.o(i.fputc) for fputc
    __rtentry2.o(.ARM.Collect$$rtentry$$00000008) refers to boardinit2.o(.text) for _platform_post_stackheap_init
    __rtentry2.o(.ARM.Collect$$rtentry$$0000000A) refers to libinit.o(.ARM.Collect$$libinit$$00000000) for __rt_lib_init
    __rtentry2.o(.ARM.Collect$$rtentry$$0000000B) refers to boardinit3.o(.text) for _platform_post_lib_init
    __rtentry2.o(.ARM.Collect$$rtentry$$0000000D) refers to main.o(i.main) for main
    __rtentry2.o(.ARM.Collect$$rtentry$$0000000D) refers to exit.o(.text) for exit
    __rtentry2.o(.ARM.exidx) refers to __rtentry2.o(.ARM.Collect$$rtentry$$00000001) for .ARM.Collect$$rtentry$$00000001
    __rtentry2.o(.ARM.exidx) refers to __rtentry2.o(.ARM.Collect$$rtentry$$00000008) for .ARM.Collect$$rtentry$$00000008
    __rtentry2.o(.ARM.exidx) refers to __rtentry2.o(.ARM.Collect$$rtentry$$0000000A) for .ARM.Collect$$rtentry$$0000000A
    __rtentry2.o(.ARM.exidx) refers to __rtentry2.o(.ARM.Collect$$rtentry$$0000000B) for .ARM.Collect$$rtentry$$0000000B
    __rtentry2.o(.ARM.exidx) refers to __rtentry2.o(.ARM.Collect$$rtentry$$0000000D) for .ARM.Collect$$rtentry$$0000000D
    __rtentry4.o(.ARM.Collect$$rtentry$$00000004) refers to sys_stackheap_outer.o(.text) for __user_setup_stackheap
    __rtentry4.o(.ARM.exidx) refers to __rtentry4.o(.ARM.Collect$$rtentry$$00000004) for .ARM.Collect$$rtentry$$00000004
    rt_div0.o(.text) refers to defsig_fpe_outer.o(.text) for __rt_SIGFPE
    _printf_char_common.o(.text) refers to __printf_wp.o(.text) for __printf
    sys_stackheap_outer.o(.text) refers to libspace.o(.text) for __user_perproc_libspace
    sys_stackheap_outer.o(.text) refers to startup_nuc131.o(.text) for __user_initial_stackheap
    sys_stackheap_outer.o(__vectab_stack_and_reset_area) refers to tempstk.o(.text) for __temporary_stack_top
    sys_stackheap_outer.o(__vectab_stack_and_reset_area) refers to __main.o(!!!main) for __main
    exit.o(.text) refers to rtexit.o(.ARM.Collect$$rtexit$$00000000) for __rt_exit
    defsig_fpe_outer.o(.text) refers to defsig_fpe_inner.o(.text) for __rt_SIGFPE_inner
    defsig_fpe_outer.o(.text) refers to defsig_exit.o(.text) for __sig_exit
    defsig_fpe_formal.o(.text) refers to rt_raise.o(.text) for __rt_raise
    libinit.o(.ARM.Collect$$libinit$$00000000) refers (Special) to libinit2.o(.ARM.Collect$$libinit$$0000002E) for __rt_lib_init_alloca_1
    libinit.o(.ARM.Collect$$libinit$$00000000) refers (Special) to libinit2.o(.ARM.Collect$$libinit$$0000002C) for __rt_lib_init_argv_1
    libinit.o(.ARM.Collect$$libinit$$00000000) refers (Special) to libinit2.o(.ARM.Collect$$libinit$$0000001B) for __rt_lib_init_atexit_1
    libinit.o(.ARM.Collect$$libinit$$00000000) refers (Special) to libinit2.o(.ARM.Collect$$libinit$$00000021) for __rt_lib_init_clock_1
    libinit.o(.ARM.Collect$$libinit$$00000000) refers (Special) to libinit2.o(.ARM.Collect$$libinit$$00000032) for __rt_lib_init_cpp_1
    libinit.o(.ARM.Collect$$libinit$$00000000) refers (Special) to libinit2.o(.ARM.Collect$$libinit$$00000030) for __rt_lib_init_exceptions_1
    libinit.o(.ARM.Collect$$libinit$$00000000) refers (Special) to libinit2.o(.ARM.Collect$$libinit$$00000002) for __rt_lib_init_fp_1
    libinit.o(.ARM.Collect$$libinit$$00000000) refers (Special) to libinit2.o(.ARM.Collect$$libinit$$0000001F) for __rt_lib_init_fp_trap_1
    libinit.o(.ARM.Collect$$libinit$$00000000) refers (Special) to libinit2.o(.ARM.Collect$$libinit$$00000023) for __rt_lib_init_getenv_1
    libinit.o(.ARM.Collect$$libinit$$00000000) refers (Special) to libinit2.o(.ARM.Collect$$libinit$$0000000A) for __rt_lib_init_heap_1
    libinit.o(.ARM.Collect$$libinit$$00000000) refers (Special) to libinit2.o(.ARM.Collect$$libinit$$00000011) for __rt_lib_init_lc_collate_1
    libinit.o(.ARM.Collect$$libinit$$00000000) refers (Special) to libinit2.o(.ARM.Collect$$libinit$$00000013) for __rt_lib_init_lc_ctype_1
    libinit.o(.ARM.Collect$$libinit$$00000000) refers (Special) to libinit2.o(.ARM.Collect$$libinit$$00000015) for __rt_lib_init_lc_monetary_1
    libinit.o(.ARM.Collect$$libinit$$00000000) refers (Special) to libinit2.o(.ARM.Collect$$libinit$$00000017) for __rt_lib_init_lc_numeric_1
    libinit.o(.ARM.Collect$$libinit$$00000000) refers (Special) to libinit2.o(.ARM.Collect$$libinit$$00000019) for __rt_lib_init_lc_time_1
    libinit.o(.ARM.Collect$$libinit$$00000000) refers (Special) to libinit2.o(.ARM.Collect$$libinit$$00000004) for __rt_lib_init_preinit_1
    libinit.o(.ARM.Collect$$libinit$$00000000) refers (Special) to libinit2.o(.ARM.Collect$$libinit$$0000000E) for __rt_lib_init_rand_1
    libinit.o(.ARM.Collect$$libinit$$00000000) refers (Special) to libinit2.o(.ARM.Collect$$libinit$$00000033) for __rt_lib_init_return
    libinit.o(.ARM.Collect$$libinit$$00000000) refers (Special) to libinit2.o(.ARM.Collect$$libinit$$0000001D) for __rt_lib_init_signal_1
    libinit.o(.ARM.Collect$$libinit$$00000000) refers (Special) to libinit2.o(.ARM.Collect$$libinit$$00000025) for __rt_lib_init_stdio_1
    libinit.o(.ARM.Collect$$libinit$$00000000) refers (Special) to libinit2.o(.ARM.Collect$$libinit$$0000000C) for __rt_lib_init_user_alloc_1
    libspace.o(.text) refers to libspace.o(.bss) for __libspace_start
    rtexit.o(.ARM.Collect$$rtexit$$00000000) refers (Special) to rtexit2.o(.ARM.Collect$$rtexit$$00000004) for __rt_exit_exit
    rtexit.o(.ARM.Collect$$rtexit$$00000000) refers (Special) to rtexit2.o(.ARM.Collect$$rtexit$$00000003) for __rt_exit_ls
    rtexit.o(.ARM.Collect$$rtexit$$00000000) refers (Special) to rtexit2.o(.ARM.Collect$$rtexit$$00000002) for __rt_exit_prels_1
    rtexit.o(.ARM.exidx) refers (Special) to rtexit2.o(.ARM.Collect$$rtexit$$00000004) for __rt_exit_exit
    rtexit.o(.ARM.exidx) refers (Special) to rtexit2.o(.ARM.Collect$$rtexit$$00000003) for __rt_exit_ls
    rtexit.o(.ARM.exidx) refers (Special) to rtexit2.o(.ARM.Collect$$rtexit$$00000002) for __rt_exit_prels_1
    rtexit.o(.ARM.exidx) refers to rtexit.o(.ARM.Collect$$rtexit$$00000000) for .ARM.Collect$$rtexit$$00000000
    rt_raise.o(.text) refers to __raise.o(.text) for __raise
    rt_raise.o(.text) refers to sys_exit.o(.text) for _sys_exit
    defsig_exit.o(.text) refers to sys_exit.o(.text) for _sys_exit
    defsig_fpe_inner.o(.text) refers to defsig_general.o(.text) for __default_signal_display
    libinit2.o(.ARM.Collect$$libinit$$00000010) refers to libinit2.o(.ARM.Collect$$libinit$$0000000F) for .ARM.Collect$$libinit$$0000000F
    libinit2.o(.ARM.Collect$$libinit$$00000012) refers to libinit2.o(.ARM.Collect$$libinit$$0000000F) for .ARM.Collect$$libinit$$0000000F
    libinit2.o(.ARM.Collect$$libinit$$00000014) refers to libinit2.o(.ARM.Collect$$libinit$$0000000F) for .ARM.Collect$$libinit$$0000000F
    libinit2.o(.ARM.Collect$$libinit$$00000016) refers to libinit2.o(.ARM.Collect$$libinit$$0000000F) for .ARM.Collect$$libinit$$0000000F
    libinit2.o(.ARM.Collect$$libinit$$00000018) refers to libinit2.o(.ARM.Collect$$libinit$$0000000F) for .ARM.Collect$$libinit$$0000000F
    libinit2.o(.ARM.Collect$$libinit$$00000026) refers to argv_veneer.o(.text) for __ARM_argv_veneer
    libinit2.o(.ARM.Collect$$libinit$$00000027) refers to argv_veneer.o(.text) for __ARM_argv_veneer
    sys_exit.o(.text) refers (Special) to use_no_semi.o(.text) for __I$use$semihosting
    sys_exit.o(.text) refers (Special) to indicate_semi.o(.text) for __semihosting_library_function
    rtexit2.o(.ARM.Collect$$rtexit$$00000003) refers to libshutdown.o(.ARM.Collect$$libshutdown$$00000000) for __rt_lib_shutdown
    rtexit2.o(.ARM.Collect$$rtexit$$00000004) refers to sys_exit.o(.text) for _sys_exit
    rtexit2.o(.ARM.exidx) refers to rtexit2.o(.ARM.Collect$$rtexit$$00000001) for .ARM.Collect$$rtexit$$00000001
    rtexit2.o(.ARM.exidx) refers to rtexit2.o(.ARM.Collect$$rtexit$$00000003) for .ARM.Collect$$rtexit$$00000003
    rtexit2.o(.ARM.exidx) refers to rtexit2.o(.ARM.Collect$$rtexit$$00000004) for .ARM.Collect$$rtexit$$00000004
    __raise.o(.text) refers to defsig.o(CL$$defsig) for __default_signal_handler
    defsig_general.o(.text) refers to retarget.o(i._ttywrch) for _ttywrch
    defsig.o(CL$$defsig) refers to defsig_fpe_inner.o(.text) for __rt_SIGFPE_inner
    defsig.o(CL$$defsig) refers to defsig_rtmem_inner.o(.text) for __rt_SIGRTMEM_inner
    _get_argv_nomalloc.o(.text) refers (Special) to hrguard.o(.text) for __heap_region$guard
    _get_argv_nomalloc.o(.text) refers to defsig_rtmem_outer.o(.text) for __rt_SIGRTMEM
    _get_argv_nomalloc.o(.text) refers to sys_command.o(.text) for _sys_command_string
    libshutdown.o(.ARM.Collect$$libshutdown$$00000000) refers (Special) to libshutdown2.o(.ARM.Collect$$libshutdown$$00000002) for __rt_lib_shutdown_cpp_1
    libshutdown.o(.ARM.Collect$$libshutdown$$00000000) refers (Special) to libshutdown2.o(.ARM.Collect$$libshutdown$$00000007) for __rt_lib_shutdown_fp_trap_1
    libshutdown.o(.ARM.Collect$$libshutdown$$00000000) refers (Special) to libshutdown2.o(.ARM.Collect$$libshutdown$$0000000F) for __rt_lib_shutdown_heap_1
    libshutdown.o(.ARM.Collect$$libshutdown$$00000000) refers (Special) to libshutdown2.o(.ARM.Collect$$libshutdown$$00000010) for __rt_lib_shutdown_return
    libshutdown.o(.ARM.Collect$$libshutdown$$00000000) refers (Special) to libshutdown2.o(.ARM.Collect$$libshutdown$$0000000A) for __rt_lib_shutdown_signal_1
    libshutdown.o(.ARM.Collect$$libshutdown$$00000000) refers (Special) to libshutdown2.o(.ARM.Collect$$libshutdown$$00000004) for __rt_lib_shutdown_stdio_1
    libshutdown.o(.ARM.Collect$$libshutdown$$00000000) refers (Special) to libshutdown2.o(.ARM.Collect$$libshutdown$$0000000C) for __rt_lib_shutdown_user_alloc_1
    sys_command.o(.text) refers (Special) to use_no_semi.o(.text) for __I$use$semihosting
    sys_command.o(.text) refers (Special) to indicate_semi.o(.text) for __semihosting_library_function
    defsig_abrt_inner.o(.text) refers to defsig_general.o(.text) for __default_signal_display
    defsig_rtred_inner.o(.text) refers to defsig_general.o(.text) for __default_signal_display
    defsig_rtmem_inner.o(.text) refers to defsig_general.o(.text) for __default_signal_display
    defsig_rtmem_outer.o(.text) refers to defsig_rtmem_inner.o(.text) for __rt_SIGRTMEM_inner
    defsig_rtmem_outer.o(.text) refers to defsig_exit.o(.text) for __sig_exit
    defsig_rtmem_formal.o(.text) refers to rt_raise.o(.text) for __rt_raise
    defsig_stak_inner.o(.text) refers to defsig_general.o(.text) for __default_signal_display
    defsig_pvfn_inner.o(.text) refers to defsig_general.o(.text) for __default_signal_display
    defsig_cppl_inner.o(.text) refers to defsig_general.o(.text) for __default_signal_display
    defsig_segv_inner.o(.text) refers to defsig_general.o(.text) for __default_signal_display
    defsig_other.o(.text) refers to defsig_general.o(.text) for __default_signal_display


==============================================================================

Removing Unused input sections from the image.

    Removing main.o(.rev16_text), (4 bytes).
    Removing main.o(.revsh_text), (4 bytes).
    Removing clk.o(.rev16_text), (4 bytes).
    Removing clk.o(.revsh_text), (4 bytes).
    Removing clk.o(i.CLK_DisableCKO), (16 bytes).
    Removing clk.o(i.CLK_DisableModuleClock), (60 bytes).
    Removing clk.o(i.CLK_DisablePLL), (20 bytes).
    Removing clk.o(i.CLK_DisableSysTick), (12 bytes).
    Removing clk.o(i.CLK_DisableXtalRC), (16 bytes).
    Removing clk.o(i.CLK_EnableCKO), (48 bytes).
    Removing clk.o(i.CLK_EnableSysTick), (72 bytes).
    Removing clk.o(i.CLK_GetCPUFreq), (16 bytes).
    Removing clk.o(i.CLK_GetHXTFreq), (28 bytes).
    Removing clk.o(i.CLK_GetPCLKFreq), (16 bytes).
    Removing clk.o(i.CLK_Idle), (36 bytes).
    Removing clk.o(i.CLK_PowerDown), (40 bytes).
    Removing clk.o(i.CLK_SetSysTickClockSrc), (20 bytes).
    Removing gpio.o(.rev16_text), (4 bytes).
    Removing gpio.o(.revsh_text), (4 bytes).
    Removing gpio.o(i.GPIO_DisableInt), (28 bytes).
    Removing gpio.o(i.GPIO_EnableInt), (26 bytes).
    Removing sys.o(.rev16_text), (4 bytes).
    Removing sys.o(.revsh_text), (4 bytes).
    Removing sys.o(i.SYS_ClearResetSrc), (16 bytes).
    Removing sys.o(i.SYS_DisableBOD), (18 bytes).
    Removing sys.o(i.SYS_EnableBOD), (50 bytes).
    Removing sys.o(i.SYS_GetBODStatus), (14 bytes).
    Removing sys.o(i.SYS_GetResetSrc), (8 bytes).
    Removing sys.o(i.SYS_IsRegLocked), (20 bytes).
    Removing sys.o(i.SYS_ReadPDID), (8 bytes).
    Removing sys.o(i.SYS_ResetCPU), (18 bytes).
    Removing sys.o(i.SYS_ResetChip), (18 bytes).
    Removing sys.o(i.SYS_ResetModule), (48 bytes).
    Removing uart.o(.rev16_text), (4 bytes).
    Removing uart.o(.revsh_text), (4 bytes).
    Removing uart.o(i.CLK_GetPLLClockFreq), (128 bytes).
    Removing uart.o(i.UART_ClearIntFlag), (112 bytes).
    Removing uart.o(i.UART_Close), (6 bytes).
    Removing uart.o(i.UART_DisableFlowCtrl), (12 bytes).
    Removing uart.o(i.UART_DisableInt), (112 bytes).
    Removing uart.o(i.UART_EnableFlowCtrl), (30 bytes).
    Removing uart.o(i.UART_EnableInt), (112 bytes).
    Removing uart.o(i.UART_Open), (184 bytes).
    Removing uart.o(i.UART_Read), (54 bytes).
    Removing uart.o(i.UART_SelectIrDAMode), (164 bytes).
    Removing uart.o(i.UART_SelectLINMode), (26 bytes).
    Removing uart.o(i.UART_SelectRS485Mode), (32 bytes).
    Removing uart.o(i.UART_SetLine_Config), (184 bytes).
    Removing uart.o(i.UART_SetTimeoutCnt), (22 bytes).
    Removing uart.o(i.UART_Write), (54 bytes).
    Removing uart.o(i.__NVIC_DisableIRQ), (56 bytes).
    Removing uart.o(i.__NVIC_EnableIRQ), (24 bytes).
    Removing uart.o(.constdata), (48 bytes).
    Removing spi.o(.rev16_text), (4 bytes).
    Removing spi.o(.revsh_text), (4 bytes).
    Removing spi.o(i.SPI_ClearIntFlag), (64 bytes).
    Removing spi.o(i.SPI_ClearRxFIFO), (10 bytes).
    Removing spi.o(i.SPI_ClearTxFIFO), (10 bytes).
    Removing spi.o(i.SPI_Close), (36 bytes).
    Removing spi.o(i.SPI_DisableFIFO), (12 bytes).
    Removing spi.o(i.SPI_DisableInt), (104 bytes).
    Removing spi.o(i.SPI_EnableAutoSS), (22 bytes).
    Removing spi.o(i.SPI_EnableFIFO), (32 bytes).
    Removing spi.o(i.SPI_EnableInt), (104 bytes).
    Removing spi.o(i.SPI_GetBusClock), (72 bytes).
    Removing spi.o(i.SPI_GetIntFlag), (146 bytes).
    Removing spi.o(i.SPI_GetStatus), (126 bytes).
    Removing spi.o(i.SPI_SetBusClock), (224 bytes).
    Removing lcdst7920.o(.rev16_text), (4 bytes).
    Removing lcdst7920.o(.revsh_text), (4 bytes).
    Removing battlemap.o(.rev16_text), (4 bytes).
    Removing battlemap.o(.revsh_text), (4 bytes).
    Removing ip_arp_udp_tcp.o(.rev16_text), (4 bytes).
    Removing ip_arp_udp_tcp.o(.revsh_text), (4 bytes).
    Removing ip_arp_udp_tcp.o(i.send_udp), (66 bytes).
    Removing enc28j60.o(.rev16_text), (4 bytes).
    Removing enc28j60.o(.revsh_text), (4 bytes).
    Removing retarget.o(.rev16_text), (4 bytes).
    Removing retarget.o(.revsh_text), (4 bytes).
    Removing retarget.o(i.GetChar), (32 bytes).
    Removing retarget.o(i.IsDebugFifoEmpty), (20 bytes).
    Removing retarget.o(i._ttywrch), (12 bytes).
    Removing retarget.o(i.fgetc), (10 bytes).
    Removing retarget.o(i.kbhit), (20 bytes).
    Removing system_nuc131.o(.rev16_text), (4 bytes).
    Removing system_nuc131.o(.revsh_text), (4 bytes).

86 unused section(s) (total 3250 bytes) removed from the image.

==============================================================================

Image Symbol Table

    Local Symbols

    Symbol Name                              Value     Ov Type        Size  Object(Section)

    RESET                                    0x00000000   Section      192  startup_nuc131.o(RESET)
    ../clib/../cmprslib/zerorunl2.c          0x00000000   Number         0  __dczerorl2.o ABSOLUTE
    ../clib/angel/boardlib.s                 0x00000000   Number         0  boardinit1.o ABSOLUTE
    ../clib/angel/boardlib.s                 0x00000000   Number         0  boardinit2.o ABSOLUTE
    ../clib/angel/boardlib.s                 0x00000000   Number         0  boardinit3.o ABSOLUTE
    ../clib/angel/boardlib.s                 0x00000000   Number         0  boardshut.o ABSOLUTE
    ../clib/angel/handlers.s                 0x00000000   Number         0  __scatter_zi.o ABSOLUTE
    ../clib/angel/kernel.s                   0x00000000   Number         0  __rtentry4.o ABSOLUTE
    ../clib/angel/kernel.s                   0x00000000   Number         0  rtexit.o ABSOLUTE
    ../clib/angel/kernel.s                   0x00000000   Number         0  rtexit2.o ABSOLUTE
    ../clib/angel/kernel.s                   0x00000000   Number         0  __rtentry2.o ABSOLUTE
    ../clib/angel/kernel.s                   0x00000000   Number         0  __rtentry.o ABSOLUTE
    ../clib/angel/rt.s                       0x00000000   Number         0  rt_raise.o ABSOLUTE
    ../clib/angel/rt.s                       0x00000000   Number         0  rt_div0.o ABSOLUTE
    ../clib/angel/rt.s                       0x00000000   Number         0  aeabi_idiv0_sigfpe.o ABSOLUTE
    ../clib/angel/rt.s                       0x00000000   Number         0  aeabi_idiv0.o ABSOLUTE
    ../clib/angel/scatterp.s                 0x00000000   Number         0  __scatter.o ABSOLUTE
    ../clib/angel/startup.s                  0x00000000   Number         0  __main.o ABSOLUTE
    ../clib/angel/sys.s                      0x00000000   Number         0  libspace.o ABSOLUTE
    ../clib/angel/sys.s                      0x00000000   Number         0  tempstk.o ABSOLUTE
    ../clib/angel/sys.s                      0x00000000   Number         0  indicate_semi.o ABSOLUTE
    ../clib/angel/sys.s                      0x00000000   Number         0  use_no_semi.o ABSOLUTE
    ../clib/angel/sys.s                      0x00000000   Number         0  sys_stackheap_outer.o ABSOLUTE
    ../clib/angel/sysapp.c                   0x00000000   Number         0  sys_command.o ABSOLUTE
    ../clib/angel/sysapp.c                   0x00000000   Number         0  sys_exit.o ABSOLUTE
    ../clib/armsys.c                         0x00000000   Number         0  _get_argv_nomalloc.o ABSOLUTE
    ../clib/armsys.c                         0x00000000   Number         0  no_argv.o ABSOLUTE
    ../clib/armsys.c                         0x00000000   Number         0  argv_veneer.o ABSOLUTE
    ../clib/division.s                       0x00000000   Number         0  aeabi_sdiv.o ABSOLUTE
    ../clib/division.s                       0x00000000   Number         0  aeabi_sdiv_div0.o ABSOLUTE
    ../clib/heapalloc.c                      0x00000000   Number         0  hrguard.o ABSOLUTE
    ../clib/heapaux.c                        0x00000000   Number         0  heapauxi.o ABSOLUTE
    ../clib/libinit.s                        0x00000000   Number         0  libinit.o ABSOLUTE
    ../clib/libinit.s                        0x00000000   Number         0  libinit2.o ABSOLUTE
    ../clib/libinit.s                        0x00000000   Number         0  libshutdown.o ABSOLUTE
    ../clib/libinit.s                        0x00000000   Number         0  libshutdown2.o ABSOLUTE
    ../clib/memcpset.c                       0x00000000   Number         0  rt_memcpy.o ABSOLUTE
    ../clib/memcpset.c                       0x00000000   Number         0  rt_memcpy.o ABSOLUTE
    ../clib/misc.s                           0x00000000   Number         0  printf_stubs.o ABSOLUTE
    ../clib/printf.c                         0x00000000   Number         0  _printf_hex_ll.o ABSOLUTE
    ../clib/printf.c                         0x00000000   Number         0  _printf_hex_int_ll.o ABSOLUTE
    ../clib/printf.c                         0x00000000   Number         0  __printf_flags_ss_wp.o ABSOLUTE
    ../clib/printf.c                         0x00000000   Number         0  __printf_ss_wp.o ABSOLUTE
    ../clib/printf.c                         0x00000000   Number         0  __printf_flags_wp.o ABSOLUTE
    ../clib/printf.c                         0x00000000   Number         0  __printf_wp.o ABSOLUTE
    ../clib/printf.c                         0x00000000   Number         0  __printf_flags_ss.o ABSOLUTE
    ../clib/printf.c                         0x00000000   Number         0  __2printf.o ABSOLUTE
    ../clib/printf.c                         0x00000000   Number         0  noretval__2printf.o ABSOLUTE
    ../clib/printf.c                         0x00000000   Number         0  __printf_nopercent.o ABSOLUTE
    ../clib/printf.c                         0x00000000   Number         0  __printf_ss.o ABSOLUTE
    ../clib/printf.c                         0x00000000   Number         0  _printf_char_common.o ABSOLUTE
    ../clib/printf.c                         0x00000000   Number         0  _printf_hex_int_ptr.o ABSOLUTE
    ../clib/printf.c                         0x00000000   Number         0  __printf.o ABSOLUTE
    ../clib/printf.c                         0x00000000   Number         0  _printf_char_file.o ABSOLUTE
    ../clib/printf.c                         0x00000000   Number         0  _printf_intcommon.o ABSOLUTE
    ../clib/printf.c                         0x00000000   Number         0  _printf_hex_int.o ABSOLUTE
    ../clib/printf.c                         0x00000000   Number         0  _printf_hex_ptr.o ABSOLUTE
    ../clib/printf.c                         0x00000000   Number         0  __printf_flags.o ABSOLUTE
    ../clib/printf.c                         0x00000000   Number         0  _printf_hex_int_ll_ptr.o ABSOLUTE
    ../clib/printf.c                         0x00000000   Number         0  _printf_hex_ll_ptr.o ABSOLUTE
    ../clib/printf_percent.s                 0x00000000   Number         0  _printf_x.o ABSOLUTE
    ../clib/printf_percent.s                 0x00000000   Number         0  _printf_percent.o ABSOLUTE
    ../clib/printf_percent.s                 0x00000000   Number         0  _printf_percent_end.o ABSOLUTE
    ../clib/signal.c                         0x00000000   Number         0  defsig_rtred_inner.o ABSOLUTE
    ../clib/signal.c                         0x00000000   Number         0  __raise.o ABSOLUTE
    ../clib/signal.c                         0x00000000   Number         0  defsig_fpe_formal.o ABSOLUTE
    ../clib/signal.c                         0x00000000   Number         0  defsig_fpe_outer.o ABSOLUTE
    ../clib/signal.c                         0x00000000   Number         0  defsig_other.o ABSOLUTE
    ../clib/signal.c                         0x00000000   Number         0  defsig_segv_inner.o ABSOLUTE
    ../clib/signal.c                         0x00000000   Number         0  defsig_cppl_inner.o ABSOLUTE
    ../clib/signal.c                         0x00000000   Number         0  defsig_pvfn_inner.o ABSOLUTE
    ../clib/signal.c                         0x00000000   Number         0  defsig_rtmem_inner.o ABSOLUTE
    ../clib/signal.c                         0x00000000   Number         0  defsig_rtmem_outer.o ABSOLUTE
    ../clib/signal.c                         0x00000000   Number         0  defsig_stak_inner.o ABSOLUTE
    ../clib/signal.c                         0x00000000   Number         0  defsig_exit.o ABSOLUTE
    ../clib/signal.c                         0x00000000   Number         0  defsig_fpe_inner.o ABSOLUTE
    ../clib/signal.c                         0x00000000   Number         0  defsig_general.o ABSOLUTE
    ../clib/signal.c                         0x00000000   Number         0  defsig_rtmem_formal.o ABSOLUTE
    ../clib/signal.c                         0x00000000   Number         0  defsig_abrt_inner.o ABSOLUTE
    ../clib/signal.s                         0x00000000   Number         0  defsig.o ABSOLUTE
    ../clib/stdlib.c                         0x00000000   Number         0  exit.o ABSOLUTE
    ../fplib/cfplib/fpinit.c                 0x00000000   Number         0  fpinit.o ABSOLUTE
    ..\NUC131BSP_v3.00.003\Library\StdDriver\src\clk.c 0x00000000   Number         0  clk.o ABSOLUTE
    ..\NUC131BSP_v3.00.003\Library\StdDriver\src\gpio.c 0x00000000   Number         0  gpio.o ABSOLUTE
    ..\NUC131BSP_v3.00.003\Library\StdDriver\src\spi.c 0x00000000   Number         0  spi.o ABSOLUTE
    ..\NUC131BSP_v3.00.003\Library\StdDriver\src\sys.c 0x00000000   Number         0  sys.o ABSOLUTE
    ..\NUC131BSP_v3.00.003\Library\StdDriver\src\uart.c 0x00000000   Number         0  uart.o ABSOLUTE
    ..\\NUC131BSP_v3.00.003\\Library\\StdDriver\\src\\clk.c 0x00000000   Number         0  clk.o ABSOLUTE
    ..\\NUC131BSP_v3.00.003\\Library\\StdDriver\\src\\gpio.c 0x00000000   Number         0  gpio.o ABSOLUTE
    ..\\NUC131BSP_v3.00.003\\Library\\StdDriver\\src\\spi.c 0x00000000   Number         0  spi.o ABSOLUTE
    ..\\NUC131BSP_v3.00.003\\Library\\StdDriver\\src\\sys.c 0x00000000   Number         0  sys.o ABSOLUTE
    ..\\NUC131BSP_v3.00.003\\Library\\StdDriver\\src\\uart.c 0x00000000   Number         0  uart.o ABSOLUTE
    BattleMap.c                              0x00000000   Number         0  battlemap.o ABSOLUTE
    BattleMap.c                              0x00000000   Number         0  battlemap.o ABSOLUTE
    ENC28J60.C                               0x00000000   Number         0  enc28j60.o ABSOLUTE
    ENC28J60.C                               0x00000000   Number         0  enc28j60.o ABSOLUTE
    LCDST7920.c                              0x00000000   Number         0  lcdst7920.o ABSOLUTE
    LCDST7920.c                              0x00000000   Number         0  lcdst7920.o ABSOLUTE
    RTE\Device\NUC131SD2AE\retarget.c        0x00000000   Number         0  retarget.o ABSOLUTE
    RTE\Device\NUC131SD2AE\startup_NUC131.s  0x00000000   Number         0  startup_nuc131.o ABSOLUTE
    RTE\Device\NUC131SD2AE\system_NUC131.c   0x00000000   Number         0  system_nuc131.o ABSOLUTE
    RTE\\Device\\NUC131SD2AE\\retarget.c     0x00000000   Number         0  retarget.o ABSOLUTE
    RTE\\Device\\NUC131SD2AE\\system_NUC131.c 0x00000000   Number         0  system_nuc131.o ABSOLUTE
    dc.s                                     0x00000000   Number         0  dc.o ABSOLUTE
    ip_arp_udp_tcp.c                         0x00000000   Number         0  ip_arp_udp_tcp.o ABSOLUTE
    ip_arp_udp_tcp.c                         0x00000000   Number         0  ip_arp_udp_tcp.o ABSOLUTE
    main.c                                   0x00000000   Number         0  main.o ABSOLUTE
    main.c                                   0x00000000   Number         0  main.o ABSOLUTE
    !!!main                                  0x000000c0   Section        8  __main.o(!!!main)
    !!!scatter                               0x000000c8   Section       60  __scatter.o(!!!scatter)
    !!handler_zi                             0x00000104   Section       28  __scatter_zi.o(!!handler_zi)
    .ARM.Collect$$_printf_percent$$00000000  0x00000120   Section        2  _printf_percent.o(.ARM.Collect$$_printf_percent$$00000000)
    .ARM.Collect$$_printf_percent$$0000000C  0x00000122   Section       10  _printf_x.o(.ARM.Collect$$_printf_percent$$0000000C)
    .ARM.Collect$$_printf_percent$$00000017  0x0000012c   Section        4  _printf_percent_end.o(.ARM.Collect$$_printf_percent$$00000017)
    .ARM.Collect$$libinit$$00000000          0x00000130   Section        2  libinit.o(.ARM.Collect$$libinit$$00000000)
    .ARM.Collect$$libinit$$00000002          0x00000132   Section        0  libinit2.o(.ARM.Collect$$libinit$$00000002)
    .ARM.Collect$$libinit$$00000004          0x00000132   Section        0  libinit2.o(.ARM.Collect$$libinit$$00000004)
    .ARM.Collect$$libinit$$0000000A          0x00000132   Section        0  libinit2.o(.ARM.Collect$$libinit$$0000000A)
    .ARM.Collect$$libinit$$0000000C          0x00000132   Section        0  libinit2.o(.ARM.Collect$$libinit$$0000000C)
    .ARM.Collect$$libinit$$0000000E          0x00000132   Section        0  libinit2.o(.ARM.Collect$$libinit$$0000000E)
    .ARM.Collect$$libinit$$00000011          0x00000132   Section        0  libinit2.o(.ARM.Collect$$libinit$$00000011)
    .ARM.Collect$$libinit$$00000013          0x00000132   Section        0  libinit2.o(.ARM.Collect$$libinit$$00000013)
    .ARM.Collect$$libinit$$00000015          0x00000132   Section        0  libinit2.o(.ARM.Collect$$libinit$$00000015)
    .ARM.Collect$$libinit$$00000017          0x00000132   Section        0  libinit2.o(.ARM.Collect$$libinit$$00000017)
    .ARM.Collect$$libinit$$00000019          0x00000132   Section        0  libinit2.o(.ARM.Collect$$libinit$$00000019)
    .ARM.Collect$$libinit$$0000001B          0x00000132   Section        0  libinit2.o(.ARM.Collect$$libinit$$0000001B)
    .ARM.Collect$$libinit$$0000001D          0x00000132   Section        0  libinit2.o(.ARM.Collect$$libinit$$0000001D)
    .ARM.Collect$$libinit$$0000001F          0x00000132   Section        0  libinit2.o(.ARM.Collect$$libinit$$0000001F)
    .ARM.Collect$$libinit$$00000021          0x00000132   Section        0  libinit2.o(.ARM.Collect$$libinit$$00000021)
    .ARM.Collect$$libinit$$00000023          0x00000132   Section        0  libinit2.o(.ARM.Collect$$libinit$$00000023)
    .ARM.Collect$$libinit$$00000025          0x00000132   Section        0  libinit2.o(.ARM.Collect$$libinit$$00000025)
    .ARM.Collect$$libinit$$0000002C          0x00000132   Section        0  libinit2.o(.ARM.Collect$$libinit$$0000002C)
    .ARM.Collect$$libinit$$0000002E          0x00000132   Section        0  libinit2.o(.ARM.Collect$$libinit$$0000002E)
    .ARM.Collect$$libinit$$00000030          0x00000132   Section        0  libinit2.o(.ARM.Collect$$libinit$$00000030)
    .ARM.Collect$$libinit$$00000032          0x00000132   Section        0  libinit2.o(.ARM.Collect$$libinit$$00000032)
    .ARM.Collect$$libinit$$00000033          0x00000132   Section        2  libinit2.o(.ARM.Collect$$libinit$$00000033)
    .ARM.Collect$$libshutdown$$00000000      0x00000134   Section        2  libshutdown.o(.ARM.Collect$$libshutdown$$00000000)
    .ARM.Collect$$libshutdown$$00000002      0x00000136   Section        0  libshutdown2.o(.ARM.Collect$$libshutdown$$00000002)
    .ARM.Collect$$libshutdown$$00000004      0x00000136   Section        0  libshutdown2.o(.ARM.Collect$$libshutdown$$00000004)
    .ARM.Collect$$libshutdown$$00000007      0x00000136   Section        0  libshutdown2.o(.ARM.Collect$$libshutdown$$00000007)
    .ARM.Collect$$libshutdown$$0000000A      0x00000136   Section        0  libshutdown2.o(.ARM.Collect$$libshutdown$$0000000A)
    .ARM.Collect$$libshutdown$$0000000C      0x00000136   Section        0  libshutdown2.o(.ARM.Collect$$libshutdown$$0000000C)
    .ARM.Collect$$libshutdown$$0000000F      0x00000136   Section        0  libshutdown2.o(.ARM.Collect$$libshutdown$$0000000F)
    .ARM.Collect$$libshutdown$$00000010      0x00000136   Section        2  libshutdown2.o(.ARM.Collect$$libshutdown$$00000010)
    .ARM.Collect$$rtentry$$00000000          0x00000138   Section        0  __rtentry.o(.ARM.Collect$$rtentry$$00000000)
    .ARM.Collect$$rtentry$$00000002          0x00000138   Section        0  __rtentry2.o(.ARM.Collect$$rtentry$$00000002)
    .ARM.Collect$$rtentry$$00000004          0x00000138   Section        6  __rtentry4.o(.ARM.Collect$$rtentry$$00000004)
    .ARM.Collect$$rtentry$$00000009          0x0000013e   Section        0  __rtentry2.o(.ARM.Collect$$rtentry$$00000009)
    .ARM.Collect$$rtentry$$0000000A          0x0000013e   Section        4  __rtentry2.o(.ARM.Collect$$rtentry$$0000000A)
    .ARM.Collect$$rtentry$$0000000C          0x00000142   Section        0  __rtentry2.o(.ARM.Collect$$rtentry$$0000000C)
    .ARM.Collect$$rtentry$$0000000D          0x00000142   Section        8  __rtentry2.o(.ARM.Collect$$rtentry$$0000000D)
    .ARM.Collect$$rtexit$$00000000           0x0000014a   Section        2  rtexit.o(.ARM.Collect$$rtexit$$00000000)
    .ARM.Collect$$rtexit$$00000002           0x0000014c   Section        0  rtexit2.o(.ARM.Collect$$rtexit$$00000002)
    .ARM.Collect$$rtexit$$00000003           0x0000014c   Section        4  rtexit2.o(.ARM.Collect$$rtexit$$00000003)
    .ARM.Collect$$rtexit$$00000004           0x00000150   Section        6  rtexit2.o(.ARM.Collect$$rtexit$$00000004)
    .emb_text                                0x00000158   Section       28  retarget.o(.emb_text)
    .emb_text                                0x00000174   Section       56  rt_memcpy.o(.emb_text)
    .text                                    0x000001ac   Section      100  startup_nuc131.o(.text)
    Default_Handler                          0x000001d7   Thumb Code     2  startup_nuc131.o(.text)
    .text                                    0x00000210   Section        0  noretval__2printf.o(.text)
    .text                                    0x0000022c   Section        0  _printf_hex_int.o(.text)
    .text                                    0x00000284   Section        0  __printf_wp.o(.text)
    .text                                    0x00000392   Section        0  rt_memcpy.o(.text)
    .text                                    0x00000414   Section      346  aeabi_sdiv.o(.text)
    .text                                    0x0000056e   Section        0  heapauxi.o(.text)
    .text                                    0x00000574   Section        0  _printf_intcommon.o(.text)
    .text                                    0x00000624   Section        0  _printf_char_file.o(.text)
    .text                                    0x0000064c   Section        0  _printf_char_common.o(.text)
    _printf_input_char                       0x0000064d   Thumb Code    10  _printf_char_common.o(.text)
    .text                                    0x0000067c   Section       62  sys_stackheap_outer.o(.text)
    .text                                    0x000006ba   Section        0  exit.o(.text)
    .text                                    0x000006cc   Section        8  libspace.o(.text)
    .text                                    0x000006d4   Section        0  sys_exit.o(.text)
    .text                                    0x000006e0   Section        2  use_no_semi.o(.text)
    .text                                    0x000006e2   Section        0  indicate_semi.o(.text)
    .text                                    0x000006e2   Section        0  __dczerorl2.o(.text)
    i.CLK_EnableModuleClock                  0x00000738   Section        0  clk.o(i.CLK_EnableModuleClock)
    i.CLK_EnablePLL                          0x00000774   Section        0  clk.o(i.CLK_EnablePLL)
    i.CLK_EnableXtalRC                       0x000008f8   Section        0  clk.o(i.CLK_EnableXtalRC)
    i.CLK_GetHCLKFreq                        0x00000908   Section        0  clk.o(i.CLK_GetHCLKFreq)
    i.CLK_GetPLLClockFreq                    0x00000918   Section        0  clk.o(i.CLK_GetPLLClockFreq)
    CLK_GetPLLClockFreq                      0x00000919   Thumb Code   112  clk.o(i.CLK_GetPLLClockFreq)
    i.CLK_GetPLLClockFreq                    0x00000998   Section        0  spi.o(i.CLK_GetPLLClockFreq)
    CLK_GetPLLClockFreq                      0x00000999   Thumb Code   112  spi.o(i.CLK_GetPLLClockFreq)
    i.CLK_GetPLLClockFreq                    0x00000a18   Section        0  system_nuc131.o(i.CLK_GetPLLClockFreq)
    CLK_GetPLLClockFreq                      0x00000a19   Thumb Code   112  system_nuc131.o(i.CLK_GetPLLClockFreq)
    i.CLK_SetCoreClock                       0x00000a98   Section        0  clk.o(i.CLK_SetCoreClock)
    i.CLK_SetHCLK                            0x00000b34   Section        0  clk.o(i.CLK_SetHCLK)
    i.CLK_SetModuleClock                     0x00000ba0   Section        0  clk.o(i.CLK_SetModuleClock)
    i.CLK_WaitClockReady                     0x00000c14   Section        0  clk.o(i.CLK_WaitClockReady)
    i.Destroy_Enemy_Ship_XY                  0x00000c3c   Section        0  battlemap.o(i.Destroy_Enemy_Ship_XY)
    i.Destroy_My_Ship_XY                     0x000010b0   Section        0  battlemap.o(i.Destroy_My_Ship_XY)
    i.Display_BasicMode                      0x0000151c   Section        0  lcdst7920.o(i.Display_BasicMode)
    i.Display_Graphic                        0x000015ac   Section        0  lcdst7920.o(i.Display_Graphic)
    i.Display_Turn                           0x00001618   Section        0  main.o(i.Display_Turn)
    i.Find_My_Ship_Position                  0x00001698   Section        0  main.o(i.Find_My_Ship_Position)
    i.GPIO_Init                              0x00001728   Section        0  main.o(i.GPIO_Init)
    i.GPIO_SetMode                           0x00001824   Section        0  gpio.o(i.GPIO_SetMode)
    i.Hard_Fault_Handler                     0x00001854   Section        0  retarget.o(i.Hard_Fault_Handler)
    __tagsym$$used                           0x00001855   Number         0  retarget.o(i.Hard_Fault_Handler)
    i.InitLCD_BasicMode                      0x00001880   Section        0  lcdst7920.o(i.InitLCD_BasicMode)
    i.InitLCD_Graphic                        0x000018f0   Section        0  lcdst7920.o(i.InitLCD_Graphic)
    i.SPI_DisableAutoSS                      0x00001950   Section        0  spi.o(i.SPI_DisableAutoSS)
    i.SPI_Init                               0x0000195c   Section        0  main.o(i.SPI_Init)
    i.SPI_Open                               0x00001980   Section        0  spi.o(i.SPI_Open)
    i.SPI_READ                               0x00001aa0   Section        0  enc28j60.o(i.SPI_READ)
    i.SPI_WRITE                              0x00001acc   Section        0  enc28j60.o(i.SPI_WRITE)
    i.SYS_Init                               0x00001af0   Section        0  main.o(i.SYS_Init)
    i.Select_XY_Number                       0x00001b68   Section        0  battlemap.o(i.Select_XY_Number)
    i.SendChar                               0x00001db8   Section        0  retarget.o(i.SendChar)
    i.SendChar_ToUART                        0x00001dc4   Section        0  retarget.o(i.SendChar_ToUART)
    i.Set_Enemy_Ship_XY                      0x00001df8   Section        0  battlemap.o(i.Set_Enemy_Ship_XY)
    i.Set_My_Ship_XY                         0x00001f50   Section        0  battlemap.o(i.Set_My_Ship_XY)
    i.Setup_Myship                           0x000020ac   Section        0  main.o(i.Setup_Myship)
    i.SystemCoreClockUpdate                  0x00002230   Section        0  system_nuc131.o(i.SystemCoreClockUpdate)
    i.SystemInit                             0x00002294   Section        0  system_nuc131.o(i.SystemInit)
    i.TransferData                           0x00002298   Section        0  lcdst7920.o(i.TransferData)
    i.__ARM_common_switch8                   0x000022e4   Section        0  battlemap.o(i.__ARM_common_switch8)
    i._is_digit                              0x00002300   Section        0  __printf_wp.o(i._is_digit)
    i.checksum                               0x00002310   Section        0  ip_arp_udp_tcp.o(i.checksum)
    i.delay                                  0x00002368   Section        0  lcdst7920.o(i.delay)
    i.enc28j60Init                           0x00002380   Section        0  enc28j60.o(i.enc28j60Init)
    i.enc28j60PacketReceive                  0x000024b8   Section        0  enc28j60.o(i.enc28j60PacketReceive)
    i.enc28j60PacketSend                     0x000025a0   Section        0  enc28j60.o(i.enc28j60PacketSend)
    i.enc28j60PhyWrite                       0x00002626   Section        0  enc28j60.o(i.enc28j60PhyWrite)
    i.enc28j60Read                           0x0000265c   Section        0  enc28j60.o(i.enc28j60Read)
    i.enc28j60ReadBuffer                     0x00002670   Section        0  enc28j60.o(i.enc28j60ReadBuffer)
    i.enc28j60ReadOp                         0x000026a8   Section        0  enc28j60.o(i.enc28j60ReadOp)
    i.enc28j60SetBank                        0x000026ec   Section        0  enc28j60.o(i.enc28j60SetBank)
    i.enc28j60Write                          0x00002724   Section        0  enc28j60.o(i.enc28j60Write)
    i.enc28j60WriteBuffer                    0x0000273c   Section        0  enc28j60.o(i.enc28j60WriteBuffer)
    i.enc28j60WriteOp                        0x00002770   Section        0  enc28j60.o(i.enc28j60WriteOp)
    i.enc28j60clkout                         0x000027a4   Section        0  enc28j60.o(i.enc28j60clkout)
    i.enc28j60getrev                         0x000027b4   Section        0  enc28j60.o(i.enc28j60getrev)
    i.eth_type_is_arp_and_my_ip              0x000027cc   Section        0  ip_arp_udp_tcp.o(i.eth_type_is_arp_and_my_ip)
    i.eth_type_is_ip_and_my_ip               0x00002810   Section        0  ip_arp_udp_tcp.o(i.eth_type_is_ip_and_my_ip)
    i.ferror                                 0x00002860   Section        0  retarget.o(i.ferror)
    i.fill_ip_hdr_checksum                   0x00002868   Section        0  ip_arp_udp_tcp.o(i.fill_ip_hdr_checksum)
    i.fputc                                  0x00002896   Section        0  retarget.o(i.fputc)
    i.init_ip_arp_udp_tcp                    0x000028a8   Section        0  ip_arp_udp_tcp.o(i.init_ip_arp_udp_tcp)
    i.main                                   0x000028dc   Section        0  main.o(i.main)
    i.make_arp_answer_from_request           0x00002ed8   Section        0  ip_arp_udp_tcp.o(i.make_arp_answer_from_request)
    i.make_echo_reply_from_request           0x00002f3c   Section        0  ip_arp_udp_tcp.o(i.make_echo_reply_from_request)
    i.make_eth                               0x00002f80   Section        0  ip_arp_udp_tcp.o(i.make_eth)
    i.make_ip                                0x00002fa4   Section        0  ip_arp_udp_tcp.o(i.make_ip)
    i.send_udp_prepare                       0x00002fd4   Section        0  ip_arp_udp_tcp.o(i.send_udp_prepare)
    i.send_udp_transmit                      0x0000307c   Section        0  ip_arp_udp_tcp.o(i.send_udp_transmit)
    i.stackDump                              0x000030c8   Section        0  retarget.o(i.stackDump)
    stackDump                                0x000030c9   Thumb Code    70  retarget.o(i.stackDump)
    .constdata                               0x00003170   Section       48  clk.o(.constdata)
    .constdata                               0x000031a0   Section        9  ip_arp_udp_tcp.o(.constdata)
    .constdata                               0x000031a9   Section       40  _printf_hex_int.o(.constdata)
    uc_hextab                                0x000031a9   Data          20  _printf_hex_int.o(.constdata)
    lc_hextab                                0x000031bd   Data          20  _printf_hex_int.o(.constdata)
    .data                                    0x20000000   Section     1081  main.o(.data)
    mymac                                    0x20000000   Data           6  main.o(.data)
    myip                                     0x20000006   Data           4  main.o(.data)
    dis_mac                                  0x2000000a   Data           6  main.o(.data)
    dis_ip                                   0x20000010   Data           4  main.o(.data)
    .data                                    0x2000043c   Section        4  lcdst7920.o(.data)
    .data                                    0x20000440   Section      120  battlemap.o(.data)
    .data                                    0x200004b8   Section       11  ip_arp_udp_tcp.o(.data)
    macaddr                                  0x200004b8   Data           6  ip_arp_udp_tcp.o(.data)
    ipaddr                                   0x200004be   Data           4  ip_arp_udp_tcp.o(.data)
    ipid                                     0x200004c2   Data           1  ip_arp_udp_tcp.o(.data)
    .data                                    0x200004c4   Section        4  enc28j60.o(.data)
    Enc28j60Bank                             0x200004c4   Data           1  enc28j60.o(.data)
    NextPacketPtr                            0x200004c6   Data           2  enc28j60.o(.data)
    .data                                    0x200004c8   Section        8  retarget.o(.data)
    .data                                    0x200004d0   Section       44  system_nuc131.o(.data)
    .bss                                     0x200004fc   Section      202  main.o(.bss)
    sendbuf                                  0x200004fc   Data         101  main.o(.bss)
    receivebuf                               0x20000561   Data         101  main.o(.bss)
    .bss                                     0x200005c8   Section       96  libspace.o(.bss)
    HEAP                                     0x20000628   Section        0  startup_nuc131.o(HEAP)
    STACK                                    0x20000628   Section     1024  startup_nuc131.o(STACK)
    Heap_Mem                                 0x20000628   Data           0  startup_nuc131.o(HEAP)
    Stack_Mem                                0x20000628   Data        1024  startup_nuc131.o(STACK)
    __initial_sp                             0x20000a28   Data           0  startup_nuc131.o(STACK)

    Global Symbols

    Symbol Name                              Value     Ov Type        Size  Object(Section)

    BuildAttributes$$THM_ISAv3M$S$PE$A:L22$X:L11$S22$IEEE1$IW$USESV6$~STKCKD$USESV7$~SHL$OSPACE$ROPI$EBA8$UX$STANDARDLIB$REQ8$PRES8$EABIv2 0x00000000   Number         0  anon$$obj.o ABSOLUTE
    __ARM_use_no_argv                        0x00000000   Number         0  main.o ABSOLUTE
    __Vectors                                0x00000000   Data           4  startup_nuc131.o(RESET)
    _printf_flags                            0x00000000   Number         0  printf_stubs.o ABSOLUTE
    _printf_return_value                     0x00000000   Number         0  printf_stubs.o ABSOLUTE
    _printf_sizespec                         0x00000000   Number         0  printf_stubs.o ABSOLUTE
    _printf_widthprec                        0x00000000   Number         0  printf_stubs.o ABSOLUTE
    __ARM_exceptions_init                     - Undefined Weak Reference
    __alloca_initialize                       - Undefined Weak Reference
    __arm_preinit_                            - Undefined Weak Reference
    __cpp_initialize__aeabi_                  - Undefined Weak Reference
    __cxa_finalize                            - Undefined Weak Reference
    __rt_locale                               - Undefined Weak Reference
    __sigvec_lookup                           - Undefined Weak Reference
    _atexit_init                              - Undefined Weak Reference
    _call_atexit_fns                          - Undefined Weak Reference
    _clock_init                               - Undefined Weak Reference
    _fp_trap_init                             - Undefined Weak Reference
    _fp_trap_shutdown                         - Undefined Weak Reference
    _get_lc_collate                           - Undefined Weak Reference
    _get_lc_ctype                             - Undefined Weak Reference
    _get_lc_monetary                          - Undefined Weak Reference
    _get_lc_numeric                           - Undefined Weak Reference
    _get_lc_time                              - Undefined Weak Reference
    _getenv_init                              - Undefined Weak Reference
    _handle_redirection                       - Undefined Weak Reference
    _init_alloc                               - Undefined Weak Reference
    _init_user_alloc                          - Undefined Weak Reference
    _initio                                   - Undefined Weak Reference
    _printf_post_padding                      - Undefined Weak Reference
    _printf_pre_padding                       - Undefined Weak Reference
    _printf_truncate_unsigned                 - Undefined Weak Reference
    _rand_init                                - Undefined Weak Reference
    _signal_finish                            - Undefined Weak Reference
    _signal_init                              - Undefined Weak Reference
    _terminate_alloc                          - Undefined Weak Reference
    _terminate_user_alloc                     - Undefined Weak Reference
    _terminateio                              - Undefined Weak Reference
    __main                                   0x000000c1   Thumb Code     8  __main.o(!!!main)
    __scatterload                            0x000000c9   Thumb Code     0  __scatter.o(!!!scatter)
    __scatterload_rt2                        0x000000c9   Thumb Code    52  __scatter.o(!!!scatter)
    __scatterload_rt2_thumb_only             0x000000c9   Thumb Code     0  __scatter.o(!!!scatter)
    __scatterload_null                       0x000000d9   Thumb Code     0  __scatter.o(!!!scatter)
    __scatterload_zeroinit                   0x00000105   Thumb Code    28  __scatter_zi.o(!!handler_zi)
    _printf_percent                          0x00000121   Thumb Code     0  _printf_percent.o(.ARM.Collect$$_printf_percent$$00000000)
    _printf_x                                0x00000123   Thumb Code     0  _printf_x.o(.ARM.Collect$$_printf_percent$$0000000C)
    _printf_percent_end                      0x0000012d   Thumb Code     0  _printf_percent_end.o(.ARM.Collect$$_printf_percent$$00000017)
    __rt_lib_init                            0x00000131   Thumb Code     0  libinit.o(.ARM.Collect$$libinit$$00000000)
    __rt_lib_init_alloca_1                   0x00000133   Thumb Code     0  libinit2.o(.ARM.Collect$$libinit$$0000002E)
    __rt_lib_init_argv_1                     0x00000133   Thumb Code     0  libinit2.o(.ARM.Collect$$libinit$$0000002C)
    __rt_lib_init_atexit_1                   0x00000133   Thumb Code     0  libinit2.o(.ARM.Collect$$libinit$$0000001B)
    __rt_lib_init_clock_1                    0x00000133   Thumb Code     0  libinit2.o(.ARM.Collect$$libinit$$00000021)
    __rt_lib_init_cpp_1                      0x00000133   Thumb Code     0  libinit2.o(.ARM.Collect$$libinit$$00000032)
    __rt_lib_init_exceptions_1               0x00000133   Thumb Code     0  libinit2.o(.ARM.Collect$$libinit$$00000030)
    __rt_lib_init_fp_1                       0x00000133   Thumb Code     0  libinit2.o(.ARM.Collect$$libinit$$00000002)
    __rt_lib_init_fp_trap_1                  0x00000133   Thumb Code     0  libinit2.o(.ARM.Collect$$libinit$$0000001F)
    __rt_lib_init_getenv_1                   0x00000133   Thumb Code     0  libinit2.o(.ARM.Collect$$libinit$$00000023)
    __rt_lib_init_heap_1                     0x00000133   Thumb Code     0  libinit2.o(.ARM.Collect$$libinit$$0000000A)
    __rt_lib_init_lc_collate_1               0x00000133   Thumb Code     0  libinit2.o(.ARM.Collect$$libinit$$00000011)
    __rt_lib_init_lc_ctype_1                 0x00000133   Thumb Code     0  libinit2.o(.ARM.Collect$$libinit$$00000013)
    __rt_lib_init_lc_monetary_1              0x00000133   Thumb Code     0  libinit2.o(.ARM.Collect$$libinit$$00000015)
    __rt_lib_init_lc_numeric_1               0x00000133   Thumb Code     0  libinit2.o(.ARM.Collect$$libinit$$00000017)
    __rt_lib_init_lc_time_1                  0x00000133   Thumb Code     0  libinit2.o(.ARM.Collect$$libinit$$00000019)
    __rt_lib_init_preinit_1                  0x00000133   Thumb Code     0  libinit2.o(.ARM.Collect$$libinit$$00000004)
    __rt_lib_init_rand_1                     0x00000133   Thumb Code     0  libinit2.o(.ARM.Collect$$libinit$$0000000E)
    __rt_lib_init_return                     0x00000133   Thumb Code     0  libinit2.o(.ARM.Collect$$libinit$$00000033)
    __rt_lib_init_signal_1                   0x00000133   Thumb Code     0  libinit2.o(.ARM.Collect$$libinit$$0000001D)
    __rt_lib_init_stdio_1                    0x00000133   Thumb Code     0  libinit2.o(.ARM.Collect$$libinit$$00000025)
    __rt_lib_init_user_alloc_1               0x00000133   Thumb Code     0  libinit2.o(.ARM.Collect$$libinit$$0000000C)
    __rt_lib_shutdown                        0x00000135   Thumb Code     0  libshutdown.o(.ARM.Collect$$libshutdown$$00000000)
    __rt_lib_shutdown_cpp_1                  0x00000137   Thumb Code     0  libshutdown2.o(.ARM.Collect$$libshutdown$$00000002)
    __rt_lib_shutdown_fp_trap_1              0x00000137   Thumb Code     0  libshutdown2.o(.ARM.Collect$$libshutdown$$00000007)
    __rt_lib_shutdown_heap_1                 0x00000137   Thumb Code     0  libshutdown2.o(.ARM.Collect$$libshutdown$$0000000F)
    __rt_lib_shutdown_return                 0x00000137   Thumb Code     0  libshutdown2.o(.ARM.Collect$$libshutdown$$00000010)
    __rt_lib_shutdown_signal_1               0x00000137   Thumb Code     0  libshutdown2.o(.ARM.Collect$$libshutdown$$0000000A)
    __rt_lib_shutdown_stdio_1                0x00000137   Thumb Code     0  libshutdown2.o(.ARM.Collect$$libshutdown$$00000004)
    __rt_lib_shutdown_user_alloc_1           0x00000137   Thumb Code     0  libshutdown2.o(.ARM.Collect$$libshutdown$$0000000C)
    __rt_entry                               0x00000139   Thumb Code     0  __rtentry.o(.ARM.Collect$$rtentry$$00000000)
    __rt_entry_presh_1                       0x00000139   Thumb Code     0  __rtentry2.o(.ARM.Collect$$rtentry$$00000002)
    __rt_entry_sh                            0x00000139   Thumb Code     0  __rtentry4.o(.ARM.Collect$$rtentry$$00000004)
    __rt_entry_li                            0x0000013f   Thumb Code     0  __rtentry2.o(.ARM.Collect$$rtentry$$0000000A)
    __rt_entry_postsh_1                      0x0000013f   Thumb Code     0  __rtentry2.o(.ARM.Collect$$rtentry$$00000009)
    __rt_entry_main                          0x00000143   Thumb Code     0  __rtentry2.o(.ARM.Collect$$rtentry$$0000000D)
    __rt_entry_postli_1                      0x00000143   Thumb Code     0  __rtentry2.o(.ARM.Collect$$rtentry$$0000000C)
    __rt_exit                                0x0000014b   Thumb Code     0  rtexit.o(.ARM.Collect$$rtexit$$00000000)
    __rt_exit_ls                             0x0000014d   Thumb Code     0  rtexit2.o(.ARM.Collect$$rtexit$$00000003)
    __rt_exit_prels_1                        0x0000014d   Thumb Code     0  rtexit2.o(.ARM.Collect$$rtexit$$00000002)
    __rt_exit_exit                           0x00000151   Thumb Code     0  rtexit2.o(.ARM.Collect$$rtexit$$00000004)
    HardFault_Handler                        0x00000159   Thumb Code    24  retarget.o(.emb_text)
    __aeabi_memcpy4                          0x00000175   Thumb Code    56  rt_memcpy.o(.emb_text)
    __aeabi_memcpy8                          0x00000175   Thumb Code     0  rt_memcpy.o(.emb_text)
    Reset_Handler                            0x000001ad   Thumb Code    32  startup_nuc131.o(.text)
    NMI_Handler                              0x000001cd   Thumb Code     2  startup_nuc131.o(.text)
    SVC_Handler                              0x000001d1   Thumb Code     2  startup_nuc131.o(.text)
    PendSV_Handler                           0x000001d3   Thumb Code     2  startup_nuc131.o(.text)
    SysTick_Handler                          0x000001d5   Thumb Code     2  startup_nuc131.o(.text)
    ADC_IRQHandler                           0x000001d7   Thumb Code     0  startup_nuc131.o(.text)
    BOD_IRQHandler                           0x000001d7   Thumb Code     0  startup_nuc131.o(.text)
    BPWM0_IRQHandler                         0x000001d7   Thumb Code     0  startup_nuc131.o(.text)
    BPWM1_IRQHandler                         0x000001d7   Thumb Code     0  startup_nuc131.o(.text)
    BRAKE0_IRQHandler                        0x000001d7   Thumb Code     0  startup_nuc131.o(.text)
    BRAKE1_IRQHandler                        0x000001d7   Thumb Code     0  startup_nuc131.o(.text)
    CAN0_IRQHandler                          0x000001d7   Thumb Code     0  startup_nuc131.o(.text)
    CAN1_IRQHandler                          0x000001d7   Thumb Code     0  startup_nuc131.o(.text)
    CKD_IRQHandler                           0x000001d7   Thumb Code     0  startup_nuc131.o(.text)
    EINT0_IRQHandler                         0x000001d7   Thumb Code     0  startup_nuc131.o(.text)
    EINT1_IRQHandler                         0x000001d7   Thumb Code     0  startup_nuc131.o(.text)
    GPAB_IRQHandler                          0x000001d7   Thumb Code     0  startup_nuc131.o(.text)
    GPCDEF_IRQHandler                        0x000001d7   Thumb Code     0  startup_nuc131.o(.text)
    I2C0_IRQHandler                          0x000001d7   Thumb Code     0  startup_nuc131.o(.text)
    I2C1_IRQHandler                          0x000001d7   Thumb Code     0  startup_nuc131.o(.text)
    PWM0_IRQHandler                          0x000001d7   Thumb Code     0  startup_nuc131.o(.text)
    PWM1_IRQHandler                          0x000001d7   Thumb Code     0  startup_nuc131.o(.text)
    PWRWU_IRQHandler                         0x000001d7   Thumb Code     0  startup_nuc131.o(.text)
    RTC_IRQHandler                           0x000001d7   Thumb Code     0  startup_nuc131.o(.text)
    SPI0_IRQHandler                          0x000001d7   Thumb Code     0  startup_nuc131.o(.text)
    TMR0_IRQHandler                          0x000001d7   Thumb Code     0  startup_nuc131.o(.text)
    TMR1_IRQHandler                          0x000001d7   Thumb Code     0  startup_nuc131.o(.text)
    TMR2_IRQHandler                          0x000001d7   Thumb Code     0  startup_nuc131.o(.text)
    TMR3_IRQHandler                          0x000001d7   Thumb Code     0  startup_nuc131.o(.text)
    UART02_IRQHandler                        0x000001d7   Thumb Code     0  startup_nuc131.o(.text)
    UART1_IRQHandler                         0x000001d7   Thumb Code     0  startup_nuc131.o(.text)
    UART3_IRQHandler                         0x000001d7   Thumb Code     0  startup_nuc131.o(.text)
    UART4_IRQHandler                         0x000001d7   Thumb Code     0  startup_nuc131.o(.text)
    UART5_IRQHandler                         0x000001d7   Thumb Code     0  startup_nuc131.o(.text)
    WDT_IRQHandler                           0x000001d7   Thumb Code     0  startup_nuc131.o(.text)
    __user_initial_stackheap                 0x000001d9   Thumb Code     0  startup_nuc131.o(.text)
    __2printf                                0x00000211   Thumb Code    22  noretval__2printf.o(.text)
    _printf_int_hex                          0x0000022d   Thumb Code    84  _printf_hex_int.o(.text)
    _printf_longlong_hex                     0x0000022d   Thumb Code     0  _printf_hex_int.o(.text)
    __printf                                 0x00000285   Thumb Code   270  __printf_wp.o(.text)
    __aeabi_memcpy                           0x00000393   Thumb Code   130  rt_memcpy.o(.text)
    __rt_memcpy                              0x00000393   Thumb Code     0  rt_memcpy.o(.text)
    __aeabi_uidiv                            0x00000415   Thumb Code     0  aeabi_sdiv.o(.text)
    __aeabi_uidivmod                         0x00000415   Thumb Code    20  aeabi_sdiv.o(.text)
    __aeabi_idiv                             0x00000429   Thumb Code     0  aeabi_sdiv.o(.text)
    __aeabi_idivmod                          0x00000429   Thumb Code   326  aeabi_sdiv.o(.text)
    __use_two_region_memory                  0x0000056f   Thumb Code     2  heapauxi.o(.text)
    __rt_heap_escrow$2region                 0x00000571   Thumb Code     2  heapauxi.o(.text)
    __rt_heap_expand$2region                 0x00000573   Thumb Code     2  heapauxi.o(.text)
    _printf_int_common                       0x00000575   Thumb Code   176  _printf_intcommon.o(.text)
    _printf_char_file                        0x00000625   Thumb Code    34  _printf_char_file.o(.text)
    _printf_char_common                      0x00000657   Thumb Code    32  _printf_char_common.o(.text)
    __user_setup_stackheap                   0x0000067d   Thumb Code    62  sys_stackheap_outer.o(.text)
    exit                                     0x000006bb   Thumb Code    16  exit.o(.text)
    __user_libspace                          0x000006cd   Thumb Code     8  libspace.o(.text)
    __user_perproc_libspace                  0x000006cd   Thumb Code     0  libspace.o(.text)
    __user_perthread_libspace                0x000006cd   Thumb Code     0  libspace.o(.text)
    _sys_exit                                0x000006d5   Thumb Code     8  sys_exit.o(.text)
    __I$use$semihosting                      0x000006e1   Thumb Code     0  use_no_semi.o(.text)
    __use_no_semihosting_swi                 0x000006e1   Thumb Code     2  use_no_semi.o(.text)
    __decompress                             0x000006e3   Thumb Code     0  __dczerorl2.o(.text)
    __decompress1                            0x000006e3   Thumb Code    86  __dczerorl2.o(.text)
    __semihosting_library_function           0x000006e3   Thumb Code     0  indicate_semi.o(.text)
    CLK_EnableModuleClock                    0x00000739   Thumb Code    52  clk.o(i.CLK_EnableModuleClock)
    CLK_EnablePLL                            0x00000775   Thumb Code   342  clk.o(i.CLK_EnablePLL)
    CLK_EnableXtalRC                         0x000008f9   Thumb Code    12  clk.o(i.CLK_EnableXtalRC)
    CLK_GetHCLKFreq                          0x00000909   Thumb Code    12  clk.o(i.CLK_GetHCLKFreq)
    CLK_SetCoreClock                         0x00000a99   Thumb Code   144  clk.o(i.CLK_SetCoreClock)
    CLK_SetHCLK                              0x00000b35   Thumb Code   102  clk.o(i.CLK_SetHCLK)
    CLK_SetModuleClock                       0x00000ba1   Thumb Code   108  clk.o(i.CLK_SetModuleClock)
    CLK_WaitClockReady                       0x00000c15   Thumb Code    32  clk.o(i.CLK_WaitClockReady)
    Destroy_Enemy_Ship_XY                    0x00000c3d   Thumb Code  1134  battlemap.o(i.Destroy_Enemy_Ship_XY)
    Destroy_My_Ship_XY                       0x000010b1   Thumb Code  1128  battlemap.o(i.Destroy_My_Ship_XY)
    Display_BasicMode                        0x0000151d   Thumb Code   138  lcdst7920.o(i.Display_BasicMode)
    Display_Graphic                          0x000015ad   Thumb Code   108  lcdst7920.o(i.Display_Graphic)
    Display_Turn                             0x00001619   Thumb Code   122  main.o(i.Display_Turn)
    Find_My_Ship_Position                    0x00001699   Thumb Code   126  main.o(i.Find_My_Ship_Position)
    GPIO_Init                                0x00001729   Thumb Code   242  main.o(i.GPIO_Init)
    GPIO_SetMode                             0x00001825   Thumb Code    46  gpio.o(i.GPIO_SetMode)
    Hard_Fault_Handler                       0x00001855   Thumb Code    18  retarget.o(i.Hard_Fault_Handler)
    InitLCD_BasicMode                        0x00001881   Thumb Code   106  lcdst7920.o(i.InitLCD_BasicMode)
    InitLCD_Graphic                          0x000018f1   Thumb Code    92  lcdst7920.o(i.InitLCD_Graphic)
    SPI_DisableAutoSS                        0x00001951   Thumb Code    10  spi.o(i.SPI_DisableAutoSS)
    SPI_Init                                 0x0000195d   Thumb Code    26  main.o(i.SPI_Init)
    SPI_Open                                 0x00001981   Thumb Code   282  spi.o(i.SPI_Open)
    SPI_READ                                 0x00001aa1   Thumb Code    38  enc28j60.o(i.SPI_READ)
    SPI_WRITE                                0x00001acd   Thumb Code    30  enc28j60.o(i.SPI_WRITE)
    SYS_Init                                 0x00001af1   Thumb Code   106  main.o(i.SYS_Init)
    Select_XY_Number                         0x00001b69   Thumb Code   508  battlemap.o(i.Select_XY_Number)
    SendChar                                 0x00001db9   Thumb Code    12  retarget.o(i.SendChar)
    SendChar_ToUART                          0x00001dc5   Thumb Code    48  retarget.o(i.SendChar_ToUART)
    Set_Enemy_Ship_XY                        0x00001df9   Thumb Code   336  battlemap.o(i.Set_Enemy_Ship_XY)
    Set_My_Ship_XY                           0x00001f51   Thumb Code   338  battlemap.o(i.Set_My_Ship_XY)
    Setup_Myship                             0x000020ad   Thumb Code   364  main.o(i.Setup_Myship)
    SystemCoreClockUpdate                    0x00002231   Thumb Code    76  system_nuc131.o(i.SystemCoreClockUpdate)
    SystemInit                               0x00002295   Thumb Code     2  system_nuc131.o(i.SystemInit)
    TransferData                             0x00002299   Thumb Code    64  lcdst7920.o(i.TransferData)
    __ARM_common_switch8                     0x000022e5   Thumb Code    28  battlemap.o(i.__ARM_common_switch8)
    _is_digit                                0x00002301   Thumb Code    14  __printf_wp.o(i._is_digit)
    checksum                                 0x00002311   Thumb Code    84  ip_arp_udp_tcp.o(i.checksum)
    delay                                    0x00002369   Thumb Code    22  lcdst7920.o(i.delay)
    enc28j60Init                             0x00002381   Thumb Code   304  enc28j60.o(i.enc28j60Init)
    enc28j60PacketReceive                    0x000024b9   Thumb Code   222  enc28j60.o(i.enc28j60PacketReceive)
    enc28j60PacketSend                       0x000025a1   Thumb Code   134  enc28j60.o(i.enc28j60PacketSend)
    enc28j60PhyWrite                         0x00002627   Thumb Code    54  enc28j60.o(i.enc28j60PhyWrite)
    enc28j60Read                             0x0000265d   Thumb Code    20  enc28j60.o(i.enc28j60Read)
    enc28j60ReadBuffer                       0x00002671   Thumb Code    50  enc28j60.o(i.enc28j60ReadBuffer)
    enc28j60ReadOp                           0x000026a9   Thumb Code    62  enc28j60.o(i.enc28j60ReadOp)
    enc28j60SetBank                          0x000026ed   Thumb Code    50  enc28j60.o(i.enc28j60SetBank)
    enc28j60Write                            0x00002725   Thumb Code    24  enc28j60.o(i.enc28j60Write)
    enc28j60WriteBuffer                      0x0000273d   Thumb Code    46  enc28j60.o(i.enc28j60WriteBuffer)
    enc28j60WriteOp                          0x00002771   Thumb Code    46  enc28j60.o(i.enc28j60WriteOp)
    enc28j60clkout                           0x000027a5   Thumb Code    16  enc28j60.o(i.enc28j60clkout)
    enc28j60getrev                           0x000027b5   Thumb Code    22  enc28j60.o(i.enc28j60getrev)
    eth_type_is_arp_and_my_ip                0x000027cd   Thumb Code    64  ip_arp_udp_tcp.o(i.eth_type_is_arp_and_my_ip)
    eth_type_is_ip_and_my_ip                 0x00002811   Thumb Code    74  ip_arp_udp_tcp.o(i.eth_type_is_ip_and_my_ip)
    ferror                                   0x00002861   Thumb Code     8  retarget.o(i.ferror)
    fill_ip_hdr_checksum                     0x00002869   Thumb Code    46  ip_arp_udp_tcp.o(i.fill_ip_hdr_checksum)
    fputc                                    0x00002897   Thumb Code    16  retarget.o(i.fputc)
    init_ip_arp_udp_tcp                      0x000028a9   Thumb Code    42  ip_arp_udp_tcp.o(i.init_ip_arp_udp_tcp)
    main                                     0x000028dd   Thumb Code  1498  main.o(i.main)
    make_arp_answer_from_request             0x00002ed9   Thumb Code    92  ip_arp_udp_tcp.o(i.make_arp_answer_from_request)
    make_echo_reply_from_request             0x00002f3d   Thumb Code    66  ip_arp_udp_tcp.o(i.make_echo_reply_from_request)
    make_eth                                 0x00002f81   Thumb Code    30  ip_arp_udp_tcp.o(i.make_eth)
    make_ip                                  0x00002fa5   Thumb Code    44  ip_arp_udp_tcp.o(i.make_ip)
    send_udp_prepare                         0x00002fd5   Thumb Code   150  ip_arp_udp_tcp.o(i.send_udp_prepare)
    send_udp_transmit                        0x0000307d   Thumb Code    74  ip_arp_udp_tcp.o(i.send_udp_transmit)
    iphdr                                    0x000031a0   Data           9  ip_arp_udp_tcp.o(.constdata)
    Region$$Table$$Base                      0x000031d4   Number         0  anon$$obj.o(Region$$Table)
    Region$$Table$$Limit                     0x000031f4   Number         0  anon$$obj.o(Region$$Table)
    waiting_state                            0x20000014   Data           1  main.o(.data)
    setup_state                              0x20000015   Data           1  main.o(.data)
    start_state                              0x20000016   Data           1  main.o(.data)
    My_turn                                  0x20000017   Data           1  main.o(.data)
    Num_of_Blocks_To_Finish                  0x20000018   Data           1  main.o(.data)
    Ship1_Positions                          0x20000019   Data           2  main.o(.data)
    Ship2_Positions                          0x2000001b   Data          12  main.o(.data)
    Ship3_Positions                          0x20000027   Data          18  main.o(.data)
    BattleMap                                0x20000039   Data        1024  main.o(.data)
    count_index                              0x2000043c   Data           4  lcdst7920.o(.data)
    X0                                       0x20000440   Data           6  battlemap.o(.data)
    X1                                       0x20000446   Data           6  battlemap.o(.data)
    X2                                       0x2000044c   Data           6  battlemap.o(.data)
    X3                                       0x20000452   Data           6  battlemap.o(.data)
    X4                                       0x20000458   Data           6  battlemap.o(.data)
    X5                                       0x2000045e   Data           6  battlemap.o(.data)
    X6                                       0x20000464   Data           6  battlemap.o(.data)
    X7                                       0x2000046a   Data           6  battlemap.o(.data)
    X8                                       0x20000470   Data           6  battlemap.o(.data)
    X9                                       0x20000476   Data           6  battlemap.o(.data)
    Y0                                       0x2000047c   Data           6  battlemap.o(.data)
    Y1                                       0x20000482   Data           6  battlemap.o(.data)
    Y2                                       0x20000488   Data           6  battlemap.o(.data)
    Y3                                       0x2000048e   Data           6  battlemap.o(.data)
    Y4                                       0x20000494   Data           6  battlemap.o(.data)
    Y5                                       0x2000049a   Data           6  battlemap.o(.data)
    Y6                                       0x200004a0   Data           6  battlemap.o(.data)
    Y7                                       0x200004a6   Data           6  battlemap.o(.data)
    Y8                                       0x200004ac   Data           6  battlemap.o(.data)
    Y9                                       0x200004b2   Data           6  battlemap.o(.data)
    __stdout                                 0x200004c8   Data           4  retarget.o(.data)
    __stdin                                  0x200004cc   Data           4  retarget.o(.data)
    SystemCoreClock                          0x200004d0   Data           4  system_nuc131.o(.data)
    CyclesPerUs                              0x200004d4   Data           4  system_nuc131.o(.data)
    PllClock                                 0x200004d8   Data           4  system_nuc131.o(.data)
    gau32ClkSrcTbl                           0x200004dc   Data          32  system_nuc131.o(.data)
    __libspace_start                         0x200005c8   Data          96  libspace.o(.bss)
    __temporary_stack_top$libspace           0x20000628   Data           0  libspace.o(.bss)



==============================================================================

Memory Map of the image

  Image entry point : Not specified.

  Load Region LR_IROM1 (Base: 0x00000000, Size: 0x000036f0, Max: 0x00011000, ABSOLUTE, COMPRESSED[0x00003324])

    Execution Region ER_IROM1 (Base: 0x00000000, Size: 0x000031f4, Max: 0x00011000, ABSOLUTE)

    Base Addr    Size         Type   Attr      Idx    E Section Name        Object

    0x00000000   0x000000c0   Data   RO         1117    RESET               startup_nuc131.o
    0x000000c0   0x00000008   Code   RO         1223  * !!!main             c_p.l(__main.o)
    0x000000c8   0x0000003c   Code   RO         1401    !!!scatter          c_p.l(__scatter.o)
    0x00000104   0x0000001c   Code   RO         1403    !!handler_zi        c_p.l(__scatter_zi.o)
    0x00000120   0x00000002   Code   RO         1212    .ARM.Collect$$_printf_percent$$00000000  c_p.l(_printf_percent.o)
    0x00000122   0x0000000a   Code   RO         1211    .ARM.Collect$$_printf_percent$$0000000C  c_p.l(_printf_x.o)
    0x0000012c   0x00000004   Code   RO         1234    .ARM.Collect$$_printf_percent$$00000017  c_p.l(_printf_percent_end.o)
    0x00000130   0x00000002   Code   RO         1270    .ARM.Collect$$libinit$$00000000  c_p.l(libinit.o)
    0x00000132   0x00000000   Code   RO         1284    .ARM.Collect$$libinit$$00000002  c_p.l(libinit2.o)
    0x00000132   0x00000000   Code   RO         1286    .ARM.Collect$$libinit$$00000004  c_p.l(libinit2.o)
    0x00000132   0x00000000   Code   RO         1289    .ARM.Collect$$libinit$$0000000A  c_p.l(libinit2.o)
    0x00000132   0x00000000   Code   RO         1291    .ARM.Collect$$libinit$$0000000C  c_p.l(libinit2.o)
    0x00000132   0x00000000   Code   RO         1293    .ARM.Collect$$libinit$$0000000E  c_p.l(libinit2.o)
    0x00000132   0x00000000   Code   RO         1296    .ARM.Collect$$libinit$$00000011  c_p.l(libinit2.o)
    0x00000132   0x00000000   Code   RO         1298    .ARM.Collect$$libinit$$00000013  c_p.l(libinit2.o)
    0x00000132   0x00000000   Code   RO         1300    .ARM.Collect$$libinit$$00000015  c_p.l(libinit2.o)
    0x00000132   0x00000000   Code   RO         1302    .ARM.Collect$$libinit$$00000017  c_p.l(libinit2.o)
    0x00000132   0x00000000   Code   RO         1304    .ARM.Collect$$libinit$$00000019  c_p.l(libinit2.o)
    0x00000132   0x00000000   Code   RO         1306    .ARM.Collect$$libinit$$0000001B  c_p.l(libinit2.o)
    0x00000132   0x00000000   Code   RO         1308    .ARM.Collect$$libinit$$0000001D  c_p.l(libinit2.o)
    0x00000132   0x00000000   Code   RO         1310    .ARM.Collect$$libinit$$0000001F  c_p.l(libinit2.o)
    0x00000132   0x00000000   Code   RO         1312    .ARM.Collect$$libinit$$00000021  c_p.l(libinit2.o)
    0x00000132   0x00000000   Code   RO         1314    .ARM.Collect$$libinit$$00000023  c_p.l(libinit2.o)
    0x00000132   0x00000000   Code   RO         1316    .ARM.Collect$$libinit$$00000025  c_p.l(libinit2.o)
    0x00000132   0x00000000   Code   RO         1320    .ARM.Collect$$libinit$$0000002C  c_p.l(libinit2.o)
    0x00000132   0x00000000   Code   RO         1322    .ARM.Collect$$libinit$$0000002E  c_p.l(libinit2.o)
    0x00000132   0x00000000   Code   RO         1324    .ARM.Collect$$libinit$$00000030  c_p.l(libinit2.o)
    0x00000132   0x00000000   Code   RO         1326    .ARM.Collect$$libinit$$00000032  c_p.l(libinit2.o)
    0x00000132   0x00000002   Code   RO         1327    .ARM.Collect$$libinit$$00000033  c_p.l(libinit2.o)
    0x00000134   0x00000002   Code   RO         1356    .ARM.Collect$$libshutdown$$00000000  c_p.l(libshutdown.o)
    0x00000136   0x00000000   Code   RO         1382    .ARM.Collect$$libshutdown$$00000002  c_p.l(libshutdown2.o)
    0x00000136   0x00000000   Code   RO         1384    .ARM.Collect$$libshutdown$$00000004  c_p.l(libshutdown2.o)
    0x00000136   0x00000000   Code   RO         1387    .ARM.Collect$$libshutdown$$00000007  c_p.l(libshutdown2.o)
    0x00000136   0x00000000   Code   RO         1390    .ARM.Collect$$libshutdown$$0000000A  c_p.l(libshutdown2.o)
    0x00000136   0x00000000   Code   RO         1392    .ARM.Collect$$libshutdown$$0000000C  c_p.l(libshutdown2.o)
    0x00000136   0x00000000   Code   RO         1395    .ARM.Collect$$libshutdown$$0000000F  c_p.l(libshutdown2.o)
    0x00000136   0x00000002   Code   RO         1396    .ARM.Collect$$libshutdown$$00000010  c_p.l(libshutdown2.o)
    0x00000138   0x00000000   Code   RO         1225    .ARM.Collect$$rtentry$$00000000  c_p.l(__rtentry.o)
    0x00000138   0x00000000   Code   RO         1236    .ARM.Collect$$rtentry$$00000002  c_p.l(__rtentry2.o)
    0x00000138   0x00000006   Code   RO         1248    .ARM.Collect$$rtentry$$00000004  c_p.l(__rtentry4.o)
    0x0000013e   0x00000000   Code   RO         1238    .ARM.Collect$$rtentry$$00000009  c_p.l(__rtentry2.o)
    0x0000013e   0x00000004   Code   RO         1239    .ARM.Collect$$rtentry$$0000000A  c_p.l(__rtentry2.o)
    0x00000142   0x00000000   Code   RO         1241    .ARM.Collect$$rtentry$$0000000C  c_p.l(__rtentry2.o)
    0x00000142   0x00000008   Code   RO         1242    .ARM.Collect$$rtentry$$0000000D  c_p.l(__rtentry2.o)
    0x0000014a   0x00000002   Code   RO         1275    .ARM.Collect$$rtexit$$00000000  c_p.l(rtexit.o)
    0x0000014c   0x00000000   Code   RO         1331    .ARM.Collect$$rtexit$$00000002  c_p.l(rtexit2.o)
    0x0000014c   0x00000004   Code   RO         1332    .ARM.Collect$$rtexit$$00000003  c_p.l(rtexit2.o)
    0x00000150   0x00000006   Code   RO         1333    .ARM.Collect$$rtexit$$00000004  c_p.l(rtexit2.o)
    0x00000156   0x00000002   PAD
    0x00000158   0x0000001c   Code   RO         1027    .emb_text           retarget.o
    0x00000174   0x00000038   Code   RO         1213    .emb_text           c_p.l(rt_memcpy.o)
    0x000001ac   0x00000064   Code   RO         1118  * .text               startup_nuc131.o
    0x00000210   0x0000001c   Code   RO         1166    .text               c_p.l(noretval__2printf.o)
    0x0000022c   0x00000058   Code   RO         1173    .text               c_p.l(_printf_hex_int.o)
    0x00000284   0x0000010e   Code   RO         1199    .text               c_p.l(__printf_wp.o)
    0x00000392   0x00000082   Code   RO         1214    .text               c_p.l(rt_memcpy.o)
    0x00000414   0x0000015a   Code   RO         1217    .text               c_p.l(aeabi_sdiv.o)
    0x0000056e   0x00000006   Code   RO         1221    .text               c_p.l(heapauxi.o)
    0x00000574   0x000000b0   Code   RO         1230    .text               c_p.l(_printf_intcommon.o)
    0x00000624   0x00000028   Code   RO         1232    .text               c_p.l(_printf_char_file.o)
    0x0000064c   0x00000030   Code   RO         1252    .text               c_p.l(_printf_char_common.o)
    0x0000067c   0x0000003e   Code   RO         1254    .text               c_p.l(sys_stackheap_outer.o)
    0x000006ba   0x00000010   Code   RO         1259    .text               c_p.l(exit.o)
    0x000006ca   0x00000002   PAD
    0x000006cc   0x00000008   Code   RO         1271    .text               c_p.l(libspace.o)
    0x000006d4   0x0000000c   Code   RO         1328    .text               c_p.l(sys_exit.o)
    0x000006e0   0x00000002   Code   RO         1345    .text               c_p.l(use_no_semi.o)
    0x000006e2   0x00000000   Code   RO         1347    .text               c_p.l(indicate_semi.o)
    0x000006e2   0x00000056   Code   RO         1399    .text               c_p.l(__dczerorl2.o)
    0x00000738   0x0000003c   Code   RO          161    i.CLK_EnableModuleClock  clk.o
    0x00000774   0x00000184   Code   RO          162    i.CLK_EnablePLL     clk.o
    0x000008f8   0x00000010   Code   RO          164    i.CLK_EnableXtalRC  clk.o
    0x00000908   0x00000010   Code   RO          166    i.CLK_GetHCLKFreq   clk.o
    0x00000918   0x00000080   Code   RO          169    i.CLK_GetPLLClockFreq  clk.o
    0x00000998   0x00000080   Code   RO          591    i.CLK_GetPLLClockFreq  spi.o
    0x00000a18   0x00000080   Code   RO         1124    i.CLK_GetPLLClockFreq  system_nuc131.o
    0x00000a98   0x0000009c   Code   RO          172    i.CLK_SetCoreClock  clk.o
    0x00000b34   0x0000006c   Code   RO          173    i.CLK_SetHCLK       clk.o
    0x00000ba0   0x00000074   Code   RO          174    i.CLK_SetModuleClock  clk.o
    0x00000c14   0x00000028   Code   RO          176    i.CLK_WaitClockReady  clk.o
    0x00000c3c   0x00000474   Code   RO          756    i.Destroy_Enemy_Ship_XY  battlemap.o
    0x000010b0   0x0000046c   Code   RO          757    i.Destroy_My_Ship_XY  battlemap.o
    0x0000151c   0x00000090   Code   RO          700    i.Display_BasicMode  lcdst7920.o
    0x000015ac   0x0000006c   Code   RO          701    i.Display_Graphic   lcdst7920.o
    0x00001618   0x00000080   Code   RO            3    i.Display_Turn      main.o
    0x00001698   0x00000090   Code   RO            4    i.Find_My_Ship_Position  main.o
    0x00001728   0x000000fc   Code   RO            5    i.GPIO_Init         main.o
    0x00001824   0x0000002e   Code   RO          355    i.GPIO_SetMode      gpio.o
    0x00001852   0x00000002   PAD
    0x00001854   0x0000002c   Code   RO         1029    i.Hard_Fault_Handler  retarget.o
    0x00001880   0x00000070   Code   RO          702    i.InitLCD_BasicMode  lcdst7920.o
    0x000018f0   0x00000060   Code   RO          703    i.InitLCD_Graphic   lcdst7920.o
    0x00001950   0x0000000a   Code   RO          596    i.SPI_DisableAutoSS  spi.o
    0x0000195a   0x00000002   PAD
    0x0000195c   0x00000024   Code   RO            6    i.SPI_Init          main.o
    0x00001980   0x00000120   Code   RO          605    i.SPI_Open          spi.o
    0x00001aa0   0x0000002c   Code   RO          921    i.SPI_READ          enc28j60.o
    0x00001acc   0x00000024   Code   RO          922    i.SPI_WRITE         enc28j60.o
    0x00001af0   0x00000078   Code   RO            7    i.SYS_Init          main.o
    0x00001b68   0x00000250   Code   RO          758    i.Select_XY_Number  battlemap.o
    0x00001db8   0x0000000c   Code   RO         1031    i.SendChar          retarget.o
    0x00001dc4   0x00000034   Code   RO         1032    i.SendChar_ToUART   retarget.o
    0x00001df8   0x00000158   Code   RO          759    i.Set_Enemy_Ship_XY  battlemap.o
    0x00001f50   0x0000015c   Code   RO          760    i.Set_My_Ship_XY    battlemap.o
    0x000020ac   0x00000184   Code   RO            8    i.Setup_Myship      main.o
    0x00002230   0x00000064   Code   RO         1125    i.SystemCoreClockUpdate  system_nuc131.o
    0x00002294   0x00000002   Code   RO         1126    i.SystemInit        system_nuc131.o
    0x00002296   0x00000002   PAD
    0x00002298   0x0000004c   Code   RO          704    i.TransferData      lcdst7920.o
    0x000022e4   0x0000001c   Code   RO          798    i.__ARM_common_switch8  battlemap.o
    0x00002300   0x0000000e   Code   RO         1201    i._is_digit         c_p.l(__printf_wp.o)
    0x0000230e   0x00000002   PAD
    0x00002310   0x00000058   Code   RO          828    i.checksum          ip_arp_udp_tcp.o
    0x00002368   0x00000016   Code   RO          705    i.delay             lcdst7920.o
    0x0000237e   0x00000002   PAD
    0x00002380   0x00000138   Code   RO          923    i.enc28j60Init      enc28j60.o
    0x000024b8   0x000000e8   Code   RO          924    i.enc28j60PacketReceive  enc28j60.o
    0x000025a0   0x00000086   Code   RO          925    i.enc28j60PacketSend  enc28j60.o
    0x00002626   0x00000036   Code   RO          926    i.enc28j60PhyWrite  enc28j60.o
    0x0000265c   0x00000014   Code   RO          927    i.enc28j60Read      enc28j60.o
    0x00002670   0x00000038   Code   RO          928    i.enc28j60ReadBuffer  enc28j60.o
    0x000026a8   0x00000044   Code   RO          929    i.enc28j60ReadOp    enc28j60.o
    0x000026ec   0x00000038   Code   RO          930    i.enc28j60SetBank   enc28j60.o
    0x00002724   0x00000018   Code   RO          931    i.enc28j60Write     enc28j60.o
    0x0000273c   0x00000034   Code   RO          932    i.enc28j60WriteBuffer  enc28j60.o
    0x00002770   0x00000034   Code   RO          933    i.enc28j60WriteOp   enc28j60.o
    0x000027a4   0x00000010   Code   RO          934    i.enc28j60clkout    enc28j60.o
    0x000027b4   0x00000016   Code   RO          935    i.enc28j60getrev    enc28j60.o
    0x000027ca   0x00000002   PAD
    0x000027cc   0x00000044   Code   RO          829    i.eth_type_is_arp_and_my_ip  ip_arp_udp_tcp.o
    0x00002810   0x00000050   Code   RO          830    i.eth_type_is_ip_and_my_ip  ip_arp_udp_tcp.o
    0x00002860   0x00000008   Code   RO         1034    i.ferror            retarget.o
    0x00002868   0x0000002e   Code   RO          831    i.fill_ip_hdr_checksum  ip_arp_udp_tcp.o
    0x00002896   0x00000010   Code   RO         1036    i.fputc             retarget.o
    0x000028a6   0x00000002   PAD
    0x000028a8   0x00000034   Code   RO          832    i.init_ip_arp_udp_tcp  ip_arp_udp_tcp.o
    0x000028dc   0x000005fc   Code   RO            9    i.main              main.o
    0x00002ed8   0x00000064   Code   RO          833    i.make_arp_answer_from_request  ip_arp_udp_tcp.o
    0x00002f3c   0x00000042   Code   RO          834    i.make_echo_reply_from_request  ip_arp_udp_tcp.o
    0x00002f7e   0x00000002   PAD
    0x00002f80   0x00000024   Code   RO          835    i.make_eth          ip_arp_udp_tcp.o
    0x00002fa4   0x00000030   Code   RO          836    i.make_ip           ip_arp_udp_tcp.o
    0x00002fd4   0x000000a8   Code   RO          838    i.send_udp_prepare  ip_arp_udp_tcp.o
    0x0000307c   0x0000004a   Code   RO          839    i.send_udp_transmit  ip_arp_udp_tcp.o
    0x000030c6   0x00000002   PAD
    0x000030c8   0x000000a8   Code   RO         1038    i.stackDump         retarget.o
    0x00003170   0x00000030   Data   RO          177    .constdata          clk.o
    0x000031a0   0x00000009   Data   RO          840    .constdata          ip_arp_udp_tcp.o
    0x000031a9   0x00000028   Data   RO         1174    .constdata          c_p.l(_printf_hex_int.o)
    0x000031d1   0x00000003   PAD
    0x000031d4   0x00000020   Data   RO         1397    Region$$Table       anon$$obj.o


    Execution Region RW_IRAM1 (Base: 0x20000000, Size: 0x00000a28, Max: 0x00002000, ABSOLUTE, COMPRESSED[0x00000130])

    Base Addr    Size         Type   Attr      Idx    E Section Name        Object

    0x20000000   0x00000439   Data   RW           11    .data               main.o
    0x20000439   0x00000003   PAD
    0x2000043c   0x00000004   Data   RW          706    .data               lcdst7920.o
    0x20000440   0x00000078   Data   RW          761    .data               battlemap.o
    0x200004b8   0x0000000b   Data   RW          841    .data               ip_arp_udp_tcp.o
    0x200004c3   0x00000001   PAD
    0x200004c4   0x00000004   Data   RW          936    .data               enc28j60.o
    0x200004c8   0x00000008   Data   RW         1039    .data               retarget.o
    0x200004d0   0x0000002c   Data   RW         1127    .data               system_nuc131.o
    0x200004fc   0x000000ca   Zero   RW           10    .bss                main.o
    0x200005c6   0x00000002   PAD
    0x200005c8   0x00000060   Zero   RW         1272    .bss                c_p.l(libspace.o)
    0x20000628   0x00000000   Zero   RW         1116    HEAP                startup_nuc131.o
    0x20000628   0x00000400   Zero   RW         1115    STACK               startup_nuc131.o


==============================================================================

Image component sizes


      Code (inc. data)   RO Data    RW Data    ZI Data      Debug   Object Name

      3584        152          0        120          0       5707   battlemap.o
      1028        112         48          0          0     129884   clk.o
      1178         60          0          4          0       8571   enc28j60.o
        46          0          0          0          0       1011   gpio.o
       826         60          9         11          0       7605   ip_arp_udp_tcp.o
       558         28          0          4          0       3649   lcdst7920.o
      2600        188          0       1081        202      56333   main.o
       328        132          0          8          0       5417   retarget.o
       426         22          0          0          0       2771   spi.o
       100         46        192          0       1024        652   startup_nuc131.o
       230         40          0         44          0      13963   system_nuc131.o

    ----------------------------------------------------------------------
     10920        840        281       1276       1228     235563   Object Totals
         0          0         32          0          0          0   (incl. Generated)
        16          0          0          4          2          0   (incl. Padding)

    ----------------------------------------------------------------------

      Code (inc. data)   RO Data    RW Data    ZI Data      Debug   Library Member Name

        86          0          0          0          0          0   __dczerorl2.o
         8          0          0          0          0         68   __main.o
       284          0          0          0          0        136   __printf_wp.o
         0          0          0          0          0          0   __rtentry.o
        12          0          0          0          0          0   __rtentry2.o
         6          0          0          0          0          0   __rtentry4.o
        60          8          0          0          0          0   __scatter.o
        28          0          0          0          0          0   __scatter_zi.o
        48          6          0          0          0         88   _printf_char_common.o
        40          6          0          0          0         72   _printf_char_file.o
        88          4         40          0          0         72   _printf_hex_int.o
       176          0          0          0          0         84   _printf_intcommon.o
         2          0          0          0          0          0   _printf_percent.o
         4          0          0          0          0          0   _printf_percent_end.o
        10          0          0          0          0          0   _printf_x.o
       346          0          0          0          0         92   aeabi_sdiv.o
        16          0          0          0          0         68   exit.o
         6          0          0          0          0        136   heapauxi.o
         0          0          0          0          0          0   indicate_semi.o
         2          0          0          0          0          0   libinit.o
         2          0          0          0          0          0   libinit2.o
         2          0          0          0          0          0   libshutdown.o
         2          0          0          0          0          0   libshutdown2.o
         8          4          0          0         96         68   libspace.o
        28          6          0          0          0         84   noretval__2printf.o
       186          0          0          0          0        144   rt_memcpy.o
         2          0          0          0          0          0   rtexit.o
        10          0          0          0          0          0   rtexit2.o
        12          4          0          0          0         60   sys_exit.o
        62          0          0          0          0         80   sys_stackheap_outer.o
         2          0          0          0          0         68   use_no_semi.o

    ----------------------------------------------------------------------
      1544         38         43          0         96       1320   Library Totals
         6          0          3          0          0          0   (incl. Padding)

    ----------------------------------------------------------------------

      Code (inc. data)   RO Data    RW Data    ZI Data      Debug   Library Name

      1538         38         40          0         96       1320   c_p.l

    ----------------------------------------------------------------------
      1544         38         43          0         96       1320   Library Totals

    ----------------------------------------------------------------------

==============================================================================


      Code (inc. data)   RO Data    RW Data    ZI Data      Debug   

     12464        878        324       1276       1324     233471   Grand Totals
     12464        878        324        304       1324     233471   ELF Image Totals (compressed)
     12464        878        324        304          0          0   ROM Totals

==============================================================================

    Total RO  Size (Code + RO Data)                12788 (  12.49kB)
    Total RW  Size (RW Data + ZI Data)              2600 (   2.54kB)
    Total ROM Size (Code + RO Data + RW Data)      13092 (  12.79kB)

==============================================================================

