Component: ARM Compiler 5.06 update 6 (build 750) Tool: armlink [4d35ed]

==============================================================================

Section Cross References

    port.o(.emb_text) refers to tasks.o(.data) for pxCurrentTCB
    port.o(.emb_text) refers to tasks.o(i.vTaskSwitchContext) for vTaskSwitchContext
    port.o(i.SysTick_Handler) refers to port.o(.emb_text) for ulSetInterruptMaskFromISR
    port.o(i.SysTick_Handler) refers to tasks.o(i.xTaskIncrementTick) for xTaskIncrementTick
    port.o(i.pxPortInitialiseStack) refers to port.o(i.prvTaskExitError) for prvTaskExitError
    port.o(i.vPortEnterCritical) refers to port.o(.data) for uxCriticalNesting
    port.o(i.vPortExitCritical) refers to port.o(.data) for uxCriticalNesting
    port.o(i.xPortStartScheduler) refers to port.o(i.prvSetupTimerInterrupt) for prvSetupTimerInterrupt
    port.o(i.xPortStartScheduler) refers to port.o(.emb_text) for __asm___6_port_c_39a90d8d__prvPortStartFirstTask
    port.o(i.xPortStartScheduler) refers to port.o(.data) for uxCriticalNesting
    heap_1.o(i.pvPortMalloc) refers to tasks.o(i.vTaskSuspendAll) for vTaskSuspendAll
    heap_1.o(i.pvPortMalloc) refers to tasks.o(i.xTaskResumeAll) for xTaskResumeAll
    heap_1.o(i.pvPortMalloc) refers to heap_1.o(.data) for pucAlignedHeap
    heap_1.o(i.pvPortMalloc) refers to heap_1.o(.bss) for ucHeap
    heap_1.o(i.vPortInitialiseBlocks) refers to heap_1.o(.data) for xNextFreeByte
    heap_1.o(i.xPortGetFreeHeapSize) refers to heap_1.o(.data) for xNextFreeByte
    event_groups.o(i.vEventGroupClearBitsCallback) refers to event_groups.o(i.xEventGroupClearBits) for xEventGroupClearBits
    event_groups.o(i.vEventGroupDelete) refers to tasks.o(i.vTaskSuspendAll) for vTaskSuspendAll
    event_groups.o(i.vEventGroupDelete) refers to tasks.o(i.vTaskRemoveFromUnorderedEventList) for vTaskRemoveFromUnorderedEventList
    event_groups.o(i.vEventGroupDelete) refers to heap_1.o(i.vPortFree) for vPortFree
    event_groups.o(i.vEventGroupDelete) refers to tasks.o(i.xTaskResumeAll) for xTaskResumeAll
    event_groups.o(i.vEventGroupSetBitsCallback) refers to event_groups.o(i.xEventGroupSetBits) for xEventGroupSetBits
    event_groups.o(i.xEventGroupClearBits) refers to port.o(i.vPortEnterCritical) for vPortEnterCritical
    event_groups.o(i.xEventGroupClearBits) refers to port.o(i.vPortExitCritical) for vPortExitCritical
    event_groups.o(i.xEventGroupCreate) refers to heap_1.o(i.pvPortMalloc) for pvPortMalloc
    event_groups.o(i.xEventGroupCreate) refers to list.o(i.vListInitialise) for vListInitialise
    event_groups.o(i.xEventGroupGetBitsFromISR) refers to port.o(.emb_text) for ulSetInterruptMaskFromISR
    event_groups.o(i.xEventGroupSetBits) refers to tasks.o(i.vTaskSuspendAll) for vTaskSuspendAll
    event_groups.o(i.xEventGroupSetBits) refers to tasks.o(i.vTaskRemoveFromUnorderedEventList) for vTaskRemoveFromUnorderedEventList
    event_groups.o(i.xEventGroupSetBits) refers to tasks.o(i.xTaskResumeAll) for xTaskResumeAll
    event_groups.o(i.xEventGroupSync) refers to tasks.o(i.vTaskSuspendAll) for vTaskSuspendAll
    event_groups.o(i.xEventGroupSync) refers to event_groups.o(i.xEventGroupSetBits) for xEventGroupSetBits
    event_groups.o(i.xEventGroupSync) refers to tasks.o(i.vTaskPlaceOnUnorderedEventList) for vTaskPlaceOnUnorderedEventList
    event_groups.o(i.xEventGroupSync) refers to tasks.o(i.xTaskResumeAll) for xTaskResumeAll
    event_groups.o(i.xEventGroupSync) refers to port.o(i.vPortYield) for vPortYield
    event_groups.o(i.xEventGroupSync) refers to tasks.o(i.uxTaskResetEventItemValue) for uxTaskResetEventItemValue
    event_groups.o(i.xEventGroupSync) refers to port.o(i.vPortEnterCritical) for vPortEnterCritical
    event_groups.o(i.xEventGroupSync) refers to port.o(i.vPortExitCritical) for vPortExitCritical
    event_groups.o(i.xEventGroupWaitBits) refers to tasks.o(i.vTaskSuspendAll) for vTaskSuspendAll
    event_groups.o(i.xEventGroupWaitBits) refers to event_groups.o(i.prvTestWaitCondition) for prvTestWaitCondition
    event_groups.o(i.xEventGroupWaitBits) refers to tasks.o(i.vTaskPlaceOnUnorderedEventList) for vTaskPlaceOnUnorderedEventList
    event_groups.o(i.xEventGroupWaitBits) refers to tasks.o(i.xTaskResumeAll) for xTaskResumeAll
    event_groups.o(i.xEventGroupWaitBits) refers to port.o(i.vPortYield) for vPortYield
    event_groups.o(i.xEventGroupWaitBits) refers to tasks.o(i.uxTaskResetEventItemValue) for uxTaskResetEventItemValue
    event_groups.o(i.xEventGroupWaitBits) refers to port.o(i.vPortEnterCritical) for vPortEnterCritical
    event_groups.o(i.xEventGroupWaitBits) refers to port.o(i.vPortExitCritical) for vPortExitCritical
    queue.o(i.prvCopyDataFromQueue) refers to rt_memcpy.o(.text) for __aeabi_memcpy
    queue.o(i.prvCopyDataToQueue) refers to tasks.o(i.xTaskPriorityDisinherit) for xTaskPriorityDisinherit
    queue.o(i.prvCopyDataToQueue) refers to rt_memcpy.o(.text) for __aeabi_memcpy
[...]
    .ARM.Collect$$libinit$$00000017          0x00000132   Section        0  libinit2.o(.ARM.Collect$$libinit$$00000017)
    .ARM.Collect$$libinit$$00000019          0x00000132   Section        0  libinit2.o(.ARM.Collect$$libinit$$00000019)
    .ARM.Collect$$libinit$$0000001B          0x00000132   Section        0  libinit2.o(.ARM.Collect$$libinit$$0000001B)
    .ARM.Collect$$libinit$$0000001D          0x00000132   Section        0  libinit2.o(.ARM.Collect$$libinit$$0000001D)
    .ARM.Collect$$libinit$$0000001F          0x00000132   Section        0  libinit2.o(.ARM.Collect$$libinit$$0000001F)
    .ARM.Collect$$libinit$$00000021          0x00000132   Section        0  libinit2.o(.ARM.Collect$$libinit$$00000021)
    .ARM.Collect$$libinit$$00000023          0x00000132   Section        0  libinit2.o(.ARM.Collect$$libinit$$00000023)
    .ARM.Collect$$libinit$$00000025          0x00000132   Section        0  libinit2.o(.ARM.Collect$$libinit$$00000025)
    .ARM.Collect$$libinit$$0000002C          0x00000132   Section        0  libinit2.o(.ARM.Collect$$libinit$$0000002C)
    .ARM.Collect$$libinit$$0000002E          0x00000132   Section        0  libinit2.o(.ARM.Collect$$libinit$$0000002E)
    .ARM.Collect$$libinit$$00000030          0x00000132   Section        0  libinit2.o(.ARM.Collect$$libinit$$00000030)
    .ARM.Collect$$libinit$$00000032          0x00000132   Section        0  libinit2.o(.ARM.Collect$$libinit$$00000032)
    .ARM.Collect$$libinit$$00000033          0x00000132   Section        2  libinit2.o(.ARM.Collect$$libinit$$00000033)
    .ARM.Collect$$libshutdown$$00000000      0x00000134   Section        2  libshutdown.o(.ARM.Collect$$libshutdown$$00000000)
    .ARM.Collect$$libshutdown$$00000002      0x00000136   Section        0  libshutdown2.o(.ARM.Collect$$libshutdown$$00000002)
    .ARM.Collect$$libshutdown$$00000004      0x00000136   Section        0  libshutdown2.o(.ARM.Collect$$libshutdown$$00000004)
    .ARM.Collect$$libshutdown$$00000007      0x00000136   Section        0  libshutdown2.o(.ARM.Collect$$libshutdown$$00000007)
    .ARM.Collect$$libshutdown$$0000000A      0x00000136   Section        0  libshutdown2.o(.ARM.Collect$$libshutdown$$0000000A)
    .ARM.Collect$$libshutdown$$0000000C      0x00000136   Section        0  libshutdown2.o(.ARM.Collect$$libshutdown$$0000000C)
    .ARM.Collect$$libshutdown$$0000000F      0x00000136   Section        0  libshutdown2.o(.ARM.Collect$$libshutdown$$0000000F)
    .ARM.Collect$$libshutdown$$00000010      0x00000136   Section        2  libshutdown2.o(.ARM.Collect$$libshutdown$$00000010)
    .ARM.Collect$$rtentry$$00000000          0x00000138   Section        0  __rtentry.o(.ARM.Collect$$rtentry$$00000000)
    .ARM.Collect$$rtentry$$00000002          0x00000138   Section        0  __rtentry2.o(.ARM.Collect$$rtentry$$00000002)
    .ARM.Collect$$rtentry$$00000004          0x00000138   Section        6  __rtentry4.o(.ARM.Collect$$rtentry$$00000004)
    .ARM.Collect$$rtentry$$00000009          0x0000013e   Section        0  __rtentry2.o(.ARM.Collect$$rtentry$$00000009)
    .ARM.Collect$$rtentry$$0000000A          0x0000013e   Section        4  __rtentry2.o(.ARM.Collect$$rtentry$$0000000A)
    .ARM.Collect$$rtentry$$0000000C          0x00000142   Section        0  __rtentry2.o(.ARM.Collect$$rtentry$$0000000C)
    .ARM.Collect$$rtentry$$0000000D          0x00000142   Section        8  __rtentry2.o(.ARM.Collect$$rtentry$$0000000D)
    .ARM.Collect$$rtexit$$00000000           0x0000014a   Section        2  rtexit.o(.ARM.Collect$$rtexit$$00000000)
    .ARM.Collect$$rtexit$$00000002           0x0000014c   Section        0  rtexit2.o(.ARM.Collect$$rtexit$$00000002)
    .ARM.Collect$$rtexit$$00000003           0x0000014c   Section        4  rtexit2.o(.ARM.Collect$$rtexit$$00000003)
    .ARM.Collect$$rtexit$$00000004           0x00000150   Section        6  rtexit2.o(.ARM.Collect$$rtexit$$00000004)
    .emb_text                                0x00000158   Section      120  port.o(.emb_text)
    .emb_text                                0x000001d0   Section       28  retarget.o(.emb_text)
    .emb_text                                0x000001ec   Section       56  rt_memcpy.o(.emb_text)
    .text                                    0x00000224   Section      100  startup_nuc131.o(.text)
    Default_Handler                          0x0000024f   Thumb Code     2  startup_nuc131.o(.text)
    .text                                    0x00000288   Section        0  noretval__2printf.o(.text)
    .text                                    0x000002a4   Section        0  _printf_hex_int.o(.text)
    .text                                    0x000002fc   Section        0  __printf_wp.o(.text)
    .text                                    0x0000040a   Section        0  rt_memcpy.o(.text)
    .text                                    0x0000048c   Section      346  aeabi_sdiv.o(.text)
    .text                                    0x000005e6   Section        0  heapauxi.o(.text)
    .text                                    0x000005ec   Section        0  _printf_intcommon.o(.text)
    .text                                    0x0000069c   Section        0  _printf_char_file.o(.text)
    .text                                    0x000006c4   Section        0  _printf_char_common.o(.text)
    _printf_input_char                       0x000006c5   Thumb Code    10  _printf_char_common.o(.text)
    .text                                    0x000006f4   Section       62  sys_stackheap_outer.o(.text)
    .text                                    0x00000732   Section        0  exit.o(.text)
    .text                                    0x00000744   Section        8  libspace.o(.text)
    .text                                    0x0000074c   Section        0  sys_exit.o(.text)
    .text                                    0x00000758   Section        2  use_no_semi.o(.text)
    .text                                    0x0000075a   Section        0  indicate_semi.o(.text)
    .text                                    0x0000075a   Section        0  __dczerorl2.o(.text)
    i.CLK_EnableModuleClock                  0x000007b0   Section        0  clk.o(i.CLK_EnableModuleClock)
    i.CLK_EnablePLL                          0x000007ec   Section        0  clk.o(i.CLK_EnablePLL)
    i.CLK_EnableXtalRC                       0x00000970   Section        0  clk.o(i.CLK_EnableXtalRC)
    i.CLK_GetHCLKFreq                        0x00000980   Section        0  clk.o(i.CLK_GetHCLKFreq)
    i.CLK_GetPLLClockFreq                    0x00000990   Section        0  clk.o(i.CLK_GetPLLClockFreq)
    CLK_GetPLLClockFreq                      0x00000991   Thumb Code   112  clk.o(i.CLK_GetPLLClockFreq)
    i.CLK_GetPLLClockFreq                    0x00000a10   Section        0  spi.o(i.CLK_GetPLLClockFreq)
    CLK_GetPLLClockFreq                      0x00000a11   Thumb Code   112  spi.o(i.CLK_GetPLLClockFreq)
    i.CLK_GetPLLClockFreq                    0x00000a90   Section        0  uart.o(i.CLK_GetPLLClockFreq)
    CLK_GetPLLClockFreq                      0x00000a91   Thumb Code   112  uart.o(i.CLK_GetPLLClockFreq)
    i.CLK_GetPLLClockFreq                    0x00000b10   Section        0  system_nuc131.o(i.CLK_GetPLLClockFreq)
    CLK_GetPLLClockFreq                      0x00000b11   Thumb Code   112  system_nuc131.o(i.CLK_GetPLLClockFreq)
    i.CLK_SetCoreClock                       0x00000b90   Section        0  clk.o(i.CLK_SetCoreClock)
    i.CLK_SetHCLK                            0x00000c2c   Section        0  clk.o(i.CLK_SetHCLK)
    i.CLK_SetModuleClock                     0x00000c98   Section        0  clk.o(i.CLK_SetModuleClock)
    i.CLK_SetSysTickClockSrc                 0x00000d0c   Section        0  clk.o(i.CLK_SetSysTickClockSrc)
    i.CLK_WaitClockReady                     0x00000d20   Section        0  clk.o(i.CLK_WaitClockReady)
    i.Destroy_Enemy_Ship_XY                  0x00000d48   Section        0  battlemap.o(i.Destroy_Enemy_Ship_XY)
    i.Destroy_My_Ship_XY                     0x000011bc   Section        0  battlemap.o(i.Destroy_My_Ship_XY)
    i.Display_BasicMode                      0x00001628   Section        0  lcdst7920.o(i.Display_BasicMode)
    i.Display_Graphic                        0x000016b8   Section        0  lcdst7920.o(i.Display_Graphic)
    i.Display_Select_XY_Number               0x00001724   Section        0  battlemap.o(i.Display_Select_XY_Number)
    i.Display_Turn                           0x00001974   Section        0  battlemap.o(i.Display_Turn)
    i.Find_My_Ship_Position                  0x000019f4   Section        0  main.o(i.Find_My_Ship_Position)
    i.GPIO_Init                              0x00001a64   Section        0  main.o(i.GPIO_Init)
    i.GPIO_SetMode                           0x00001b60   Section        0  gpio.o(i.GPIO_SetMode)
    i.Hard_Fault_Handler                     0x00001b90   Section        0  retarget.o(i.Hard_Fault_Handler)
    __tagsym$$used                           0x00001b91   Number         0  retarget.o(i.Hard_Fault_Handler)
    i.InitLCD_BasicMode                      0x00001bbc   Section        0  lcdst7920.o(i.InitLCD_BasicMode)
    i.InitLCD_Graphic                        0x00001c2c   Section        0  lcdst7920.o(i.InitLCD_Graphic)
    i.My_UDP_Str_Send                        0x00001c8c   Section        0  main.o(i.My_UDP_Str_Send)
    i.SPI_DisableAutoSS                      0x00001ca6   Section        0  spi.o(i.SPI_DisableAutoSS)
    i.SPI_Init                               0x00001cb0   Section        0  main.o(i.SPI_Init)
    i.SPI_Open                               0x00001cd4   Section        0  spi.o(i.SPI_Open)
    i.SVC_Handler                            0x00001df4   Section        0  port.o(i.SVC_Handler)
    i.SYS_Init                               0x00001df8   Section        0  main.o(i.SYS_Init)
    i.SYS_ResetModule                        0x00001eb4   Section        0  sys.o(i.SYS_ResetModule)
    i.SendChar                               0x00001ee4   Section        0  retarget.o(i.SendChar)
    i.SendChar_ToUART                        0x00001ef0   Section        0  retarget.o(i.SendChar_ToUART)
    i.Set_Enemy_Ship_XY                      0x00001f24   Section        0  battlemap.o(i.Set_Enemy_Ship_XY)
    i.Set_My_Ship_XY                         0x0000207c   Section        0  battlemap.o(i.Set_My_Ship_XY)
    i.Setup_Myship                           0x000021d8   Section        0  main.o(i.Setup_Myship)
    i.Support_Avoid_Setup_Ship_Asthesame_Positions 0x00002424   Section        0  main.o(i.Support_Avoid_Setup_Ship_Asthesame_Positions)
    i.SysTick_Handler                        0x00002450   Section        0  port.o(i.SysTick_Handler)
    i.SystemCoreClockUpdate                  0x00002474   Section        0  system_nuc131.o(i.SystemCoreClockUpdate)
    i.SystemInit                             0x000024d8   Section        0  system_nuc131.o(i.SystemInit)
    i.TIMER_GetModuleClock                   0x000024dc   Section        0  timer.o(i.TIMER_GetModuleClock)
    i.TIMER_Open                             0x00002560   Section        0  timer.o(i.TIMER_Open)
    i.TIMER_Stop                             0x000025dc   Section        0  main.o(i.TIMER_Stop)
    TIMER_Stop                               0x000025dd   Thumb Code    12  main.o(i.TIMER_Stop)
    i.TMR0_IRQHandler                        0x000025e8   Section        0  main.o(i.TMR0_IRQHandler)
    i.TransferData                           0x00002664   Section        0  lcdst7920.o(i.TransferData)
    i.UART_Open                              0x000026b0   Section        0  uart.o(i.UART_Open)
    i.WIZCHIP_READ                           0x00002768   Section        0  w5500.o(i.WIZCHIP_READ)
    i.WIZCHIP_READ_BUF                       0x000027f0   Section        0  w5500.o(i.WIZCHIP_READ_BUF)
    i.WIZCHIP_WRITE                          0x00002890   Section        0  w5500.o(i.WIZCHIP_WRITE)
    i.WIZCHIP_WRITE_BUF                      0x00002914   Section        0  w5500.o(i.WIZCHIP_WRITE_BUF)
    i.__ARM_common_switch8                   0x000029b0   Section        0  tasks.o(i.__ARM_common_switch8)
    i._is_digit                              0x000029cc   Section        0  __printf_wp.o(i._is_digit)
    i.close                                  0x000029dc   Section        0  socket.o(i.close)
    i.connect                                0x00002a78   Section        0  socket.o(i.connect)
    i.cs_desel                               0x00002bd0   Section        0  main.o(i.cs_desel)
    i.cs_sel                                 0x00002bdc   Section        0  main.o(i.cs_sel)
    i.delay                                  0x00002be8   Section        0  lcdst7920.o(i.delay)
    i.disconnect                             0x00002c00   Section        0  socket.o(i.disconnect)
    i.ferror                                 0x00002cb8   Section        0  retarget.o(i.ferror)
    i.fputc                                  0x00002cc0   Section        0  retarget.o(i.fputc)
    i.getSn_RX_RSR                           0x00002cd0   Section        0  w5500.o(i.getSn_RX_RSR)
    i.getSn_TX_FSR                           0x00002d3e   Section        0  w5500.o(i.getSn_TX_FSR)
    i.listen                                 0x00002dac   Section        0  socket.o(i.listen)
    i.loopback_tcpcc                         0x00002e44   Section        0  main.o(i.loopback_tcpcc)
    i.loopback_tcpss                         0x00002fb4   Section        0  main.o(i.loopback_tcpss)
    i.main                                   0x000030f0   Section        0  main.o(i.main)
    i.prvAddCurrentTaskToDelayedList         0x00003374   Section        0  tasks.o(i.prvAddCurrentTaskToDelayedList)
    prvAddCurrentTaskToDelayedList           0x00003375   Thumb Code   100  tasks.o(i.prvAddCurrentTaskToDelayedList)
    i.prvAddNewTaskToReadyList               0x000033f0   Section        0  tasks.o(i.prvAddNewTaskToReadyList)
    prvAddNewTaskToReadyList                 0x000033f1   Thumb Code   140  tasks.o(i.prvAddNewTaskToReadyList)
    i.prvCheckTasksWaitingTermination        0x00003494   Section        0  tasks.o(i.prvCheckTasksWaitingTermination)
    prvCheckTasksWaitingTermination          0x00003495   Thumb Code    60  tasks.o(i.prvCheckTasksWaitingTermination)
    i.prvCopyDataToQueue                     0x000034dc   Section        0  queue.o(i.prvCopyDataToQueue)
    prvCopyDataToQueue                       0x000034dd   Thumb Code   128  queue.o(i.prvCopyDataToQueue)
    i.prvDeleteTCB                           0x0000355c   Section        0  tasks.o(i.prvDeleteTCB)
    prvDeleteTCB                             0x0000355d   Thumb Code    18  tasks.o(i.prvDeleteTCB)
    i.prvGetDisinheritPriorityAfterTimeout   0x0000356e   Section        0  queue.o(i.prvGetDisinheritPriorityAfterTimeout)
    prvGetDisinheritPriorityAfterTimeout     0x0000356f   Thumb Code    22  queue.o(i.prvGetDisinheritPriorityAfterTimeout)
    i.prvIdleTask                            0x00003584   Section        0  tasks.o(i.prvIdleTask)
    prvIdleTask                              0x00003585   Thumb Code    20  tasks.o(i.prvIdleTask)
    i.prvInitialiseNewQueue                  0x0000359c   Section        0  queue.o(i.prvInitialiseNewQueue)
    prvInitialiseNewQueue                    0x0000359d   Thumb Code    34  queue.o(i.prvInitialiseNewQueue)
    i.prvInitialiseNewTask                   0x000035be   Section        0  tasks.o(i.prvInitialiseNewTask)
    prvInitialiseNewTask                     0x000035bf   Thumb Code   150  tasks.o(i.prvInitialiseNewTask)
    i.prvInitialiseTaskLists                 0x00003654   Section        0  tasks.o(i.prvInitialiseTaskLists)
    prvInitialiseTaskLists                   0x00003655   Thumb Code    68  tasks.o(i.prvInitialiseTaskLists)
    i.prvIsQueueEmpty                        0x000036b8   Section        0  queue.o(i.prvIsQueueEmpty)
    prvIsQueueEmpty                          0x000036b9   Thumb Code    28  queue.o(i.prvIsQueueEmpty)
    i.prvIsQueueFull                         0x000036d4   Section        0  queue.o(i.prvIsQueueFull)
    prvIsQueueFull                           0x000036d5   Thumb Code    30  queue.o(i.prvIsQueueFull)
    i.prvResetNextTaskUnblockTime            0x000036f4   Section        0  tasks.o(i.prvResetNextTaskUnblockTime)
    prvResetNextTaskUnblockTime              0x000036f5   Thumb Code    46  tasks.o(i.prvResetNextTaskUnblockTime)
    i.prvSetupTimerInterrupt                 0x0000372c   Section        0  port.o(i.prvSetupTimerInterrupt)
    prvSetupTimerInterrupt                   0x0000372d   Thumb Code    18  port.o(i.prvSetupTimerInterrupt)
    i.prvTaskExitError                       0x00003748   Section        0  port.o(i.prvTaskExitError)
    prvTaskExitError                         0x00003749   Thumb Code     6  port.o(i.prvTaskExitError)
    i.prvUnlockQueue                         0x0000374e   Section        0  queue.o(i.prvUnlockQueue)
    prvUnlockQueue                           0x0000374f   Thumb Code   142  queue.o(i.prvUnlockQueue)
    i.pvPortMalloc                           0x000037dc   Section        0  heap_1.o(i.pvPortMalloc)
    i.pvTaskIncrementMutexHeldCount          0x00003850   Section        0  tasks.o(i.pvTaskIncrementMutexHeldCount)
    i.pxPortInitialiseStack                  0x00003870   Section        0  port.o(i.pxPortInitialiseStack)
    i.rb                                     0x00003890   Section        0  main.o(i.rb)
    i.recv                                   0x000038bc   Section        0  socket.o(i.recv)
    i.reg_wizchip_cs_cbfunc                  0x000039cc   Section        0  wizchip_conf.o(i.reg_wizchip_cs_cbfunc)
    i.reg_wizchip_spi_cbfunc                 0x000039f8   Section        0  wizchip_conf.o(i.reg_wizchip_spi_cbfunc)
    i.send                                   0x00003a34   Section        0  socket.o(i.send)
    i.socket                                 0x00003bac   Section        0  socket.o(i.socket)
    i.stackDump                              0x00003d48   Section        0  retarget.o(i.stackDump)
    stackDump                                0x00003d49   Thumb Code    70  retarget.o(i.stackDump)
    i.uxListRemove                           0x00003df0   Section        0  list.o(i.uxListRemove)
    i.vListInitialise                        0x00003e18   Section        0  list.o(i.vListInitialise)
    i.vListInitialiseItem                    0x00003e32   Section        0  list.o(i.vListInitialiseItem)
    i.vListInsert                            0x00003e38   Section        0  list.o(i.vListInsert)
    i.vListInsertEnd                         0x00003e6e   Section        0  list.o(i.vListInsertEnd)
    i.vPortEnterCritical                     0x00003e88   Section        0  port.o(i.vPortEnterCritical)
    i.vPortExitCritical                      0x00003ea4   Section        0  port.o(i.vPortExitCritical)
    i.vPortFree                              0x00003ec0   Section        0  heap_1.o(i.vPortFree)
    i.vPortYield                             0x00003ec4   Section        0  port.o(i.vPortYield)
    i.vTask1                                 0x00003edc   Section        0  main.o(i.vTask1)
    i.vTask2                                 0x00003f20   Section        0  main.o(i.vTask2)
    i.vTask3                                 0x000040d4   Section        0  main.o(i.vTask3)
    i.vTaskDelay                             0x000042a8   Section        0  tasks.o(i.vTaskDelay)
    i.vTaskInternalSetTimeOutState           0x000042d0   Section        0  tasks.o(i.vTaskInternalSetTimeOutState)
    i.vTaskMissedYield                       0x000042e8   Section        0  tasks.o(i.vTaskMissedYield)
    i.vTaskPlaceOnEventList                  0x000042f4   Section        0  tasks.o(i.vTaskPlaceOnEventList)
    i.vTaskPriorityDisinheritAfterTimeout    0x00004314   Section        0  tasks.o(i.vTaskPriorityDisinheritAfterTimeout)
    i.vTaskStartScheduler                    0x0000439c   Section        0  tasks.o(i.vTaskStartScheduler)
    i.vTaskSuspendAll                        0x000043f0   Section        0  tasks.o(i.vTaskSuspendAll)
    i.vTaskSwitchContext                     0x00004400   Section        0  tasks.o(i.vTaskSwitchContext)
    i.wb                                     0x00004478   Section        0  main.o(i.wb)
    i.wiz_recv_data                          0x0000449c   Section        0  w5500.o(i.wiz_recv_data)
    i.wiz_send_data                          0x00004522   Section        0  w5500.o(i.wiz_send_data)
    i.wizchip_bus_readdata                   0x000045a8   Section        0  wizchip_conf.o(i.wizchip_bus_readdata)
    i.wizchip_bus_writedata                  0x000045ae   Section        0  wizchip_conf.o(i.wizchip_bus_writedata)
    i.wizchip_cris_enter                     0x000045b2   Section        0  wizchip_conf.o(i.wizchip_cris_enter)
    i.wizchip_cris_exit                      0x000045b4   Section        0  wizchip_conf.o(i.wizchip_cris_exit)
    i.wizchip_cs_deselect                    0x000045b6   Section        0  wizchip_conf.o(i.wizchip_cs_deselect)
    i.wizchip_cs_select                      0x000045b8   Section        0  wizchip_conf.o(i.wizchip_cs_select)
    i.wizchip_getnetinfo                     0x000045bc   Section        0  wizchip_conf.o(i.wizchip_getnetinfo)
    i.wizchip_init                           0x00004618   Section        0  wizchip_conf.o(i.wizchip_init)
    i.wizchip_setnetinfo                     0x000046a8   Section        0  wizchip_conf.o(i.wizchip_setnetinfo)
    i.wizchip_spi_readbyte                   0x00004700   Section        0  wizchip_conf.o(i.wizchip_spi_readbyte)
    i.wizchip_spi_writebyte                  0x00004704   Section        0  wizchip_conf.o(i.wizchip_spi_writebyte)
    i.wizchip_sw_reset                       0x00004706   Section        0  wizchip_conf.o(i.wizchip_sw_reset)
    i.xPortStartScheduler                    0x00004778   Section        0  port.o(i.xPortStartScheduler)
    i.xQueueGenericCreate                    0x000047b0   Section        0  queue.o(i.xQueueGenericCreate)
    i.xQueueGenericReset                     0x000047f0   Section        0  queue.o(i.xQueueGenericReset)
    i.xQueueGenericSend                      0x00004868   Section        0  queue.o(i.xQueueGenericSend)
    i.xQueueSemaphoreTake                    0x00004964   Section        0  queue.o(i.xQueueSemaphoreTake)
    i.xTaskCheckForTimeOut                   0x00004a90   Section        0  tasks.o(i.xTaskCheckForTimeOut)
    i.xTaskCreate                            0x00004af0   Section        0  tasks.o(i.xTaskCreate)
    i.xTaskIncrementTick                     0x00004b4c   Section        0  tasks.o(i.xTaskIncrementTick)
    i.xTaskPriorityDisinherit                0x00004c6c   Section        0  tasks.o(i.xTaskPriorityDisinherit)
    i.xTaskPriorityInherit                   0x00004ccc   Section        0  tasks.o(i.xTaskPriorityInherit)
    i.xTaskRemoveFromEventList               0x00004d70   Section        0  tasks.o(i.xTaskRemoveFromEventList)
    i.xTaskResumeAll                         0x00004df0   Section        0  tasks.o(i.xTaskResumeAll)
    .constdata                               0x00004ed0   Section       48  clk.o(.constdata)
    .constdata                               0x00004f00   Section       32  timer.o(.constdata)
    .constdata                               0x00004f20   Section       48  uart.o(.constdata)
    .constdata                               0x00004f50   Section       40  _printf_hex_int.o(.constdata)
    uc_hextab                                0x00004f50   Data          20  _printf_hex_int.o(.constdata)
    lc_hextab                                0x00004f64   Data          20  _printf_hex_int.o(.constdata)
    .conststring                             0x00004f78   Section       58  main.o(.conststring)
    .data                                    0x20000000   Section        4  port.o(.data)
    uxCriticalNesting                        0x20000000   Data           4  port.o(.data)
    .data                                    0x20000004   Section        8  heap_1.o(.data)
    xNextFreeByte                            0x20000004   Data           4  heap_1.o(.data)
    pucAlignedHeap                           0x20000008   Data           4  heap_1.o(.data)
    .data                                    0x2000000c   Section       60  tasks.o(.data)
    pxDelayedTaskList                        0x20000010   Data           4  tasks.o(.data)
    pxOverflowDelayedTaskList                0x20000014   Data           4  tasks.o(.data)
    uxDeletedTasksWaitingCleanUp             0x20000018   Data           4  tasks.o(.data)
    uxCurrentNumberOfTasks                   0x2000001c   Data           4  tasks.o(.data)
    xTickCount                               0x20000020   Data           4  tasks.o(.data)
    uxTopReadyPriority                       0x20000024   Data           4  tasks.o(.data)
    xSchedulerRunning                        0x20000028   Data           4  tasks.o(.data)
    uxPendedTicks                            0x2000002c   Data           4  tasks.o(.data)
    xYieldPending                            0x20000030   Data           4  tasks.o(.data)
    xNumOfOverflows                          0x20000034   Data           4  tasks.o(.data)
    uxTaskNumber                             0x20000038   Data           4  tasks.o(.data)
    xNextTaskUnblockTime                     0x2000003c   Data           4  tasks.o(.data)
    xIdleTaskHandle                          0x20000040   Data           4  tasks.o(.data)
    uxSchedulerSuspended                     0x20000044   Data           4  tasks.o(.data)
    .data                                    0x20000048   Section     1162  main.o(.data)
    any_port                                 0x200004d0   Data           2  main.o(.data)
    .data                                    0x200004d2   Section      120  battlemap.o(.data)
    .data                                    0x2000054c   Section        4  lcdst7920.o(.data)
    .data                                    0x20000550   Section       14  socket.o(.data)
    sock_any_port                            0x20000550   Data           2  socket.o(.data)
    sock_io_mode                             0x20000552   Data           2  socket.o(.data)
    sock_is_sending                          0x20000554   Data           2  socket.o(.data)
    .data                                    0x20000560   Section       49  wizchip_conf.o(.data)
    _DNS_                                    0x2000058c   Data           4  wizchip_conf.o(.data)
    _DHCP_                                   0x20000590   Data           1  wizchip_conf.o(.data)
    .data                                    0x20000594   Section        8  retarget.o(.data)
    .data                                    0x2000059c   Section       44  system_nuc131.o(.data)
    .bss                                     0x200005c8   Section     4000  heap_1.o(.bss)
    ucHeap                                   0x200005c8   Data        4000  heap_1.o(.bss)
    .bss                                     0x20001568   Section      200  tasks.o(.bss)
    pxReadyTasksLists                        0x20001568   Data         100  tasks.o(.bss)
    xDelayedTaskList1                        0x200015cc   Data          20  tasks.o(.bss)
    xDelayedTaskList2                        0x200015e0   Data          20  tasks.o(.bss)
    xPendingReadyList                        0x200015f4   Data          20  tasks.o(.bss)
    xTasksWaitingTermination                 0x20001608   Data          20  tasks.o(.bss)
    xSuspendedTaskList                       0x2000161c   Data          20  tasks.o(.bss)
    .bss                                     0x20001630   Section      119  main.o(.bss)
    .bss                                     0x200016a8   Section       16  socket.o(.bss)
    sock_remained_size                       0x200016a8   Data          16  socket.o(.bss)
    .bss                                     0x200016b8   Section       96  libspace.o(.bss)
    HEAP                                     0x20001718   Section        0  startup_nuc131.o(HEAP)
    STACK                                    0x20001718   Section     1024  startup_nuc131.o(STACK)
    Heap_Mem                                 0x20001718   Data           0  startup_nuc131.o(HEAP)
    Stack_Mem                                0x20001718   Data        1024  startup_nuc131.o(STACK)
    __initial_sp                             0x20001b18   Data           0  startup_nuc131.o(STACK)

    Global Symbols

    Symbol Name                              Value     Ov Type        Size  Object(Section)

    BuildAttributes$$THM_ISAv3M$S$PE$A:L22$X:L11$S22$IEEE1$IW$USESV6$~STKCKD$USESV7$~SHL$OSPACE$ROPI$EBA8$UX$STANDARDLIB$REQ8$PRES8$EABIv2 0x00000000   Number         0  anon$$obj.o ABSOLUTE
    __ARM_use_no_argv                        0x00000000   Number         0  main.o ABSOLUTE
    __Vectors                                0x00000000   Data           4  startup_nuc131.o(RESET)
    _printf_flags                            0x00000000   Number         0  printf_stubs.o ABSOLUTE
    _printf_return_value                     0x00000000   Number         0  printf_stubs.o ABSOLUTE
    _printf_sizespec                         0x00000000   Number         0  printf_stubs.o ABSOLUTE
    _printf_widthprec                        0x00000000   Number         0  printf_stubs.o ABSOLUTE
    __ARM_exceptions_init                     - Undefined Weak Reference
    __alloca_initialize                       - Undefined Weak Reference
    __arm_preinit_                            - Undefined Weak Reference
    __cpp_initialize__aeabi_                  - Undefined Weak Reference
    __cxa_finalize                            - Undefined Weak Reference
    __rt_locale                               - Undefined Weak Reference
    __sigvec_lookup                           - Undefined Weak Reference
    _atexit_init                              - Undefined Weak Reference
    _call_atexit_fns                          - Undefined Weak Reference
    _clock_init                               - Undefined Weak Reference
    _fp_trap_init                             - Undefined Weak Reference
    _fp_trap_shutdown                         - Undefined Weak Reference
    _get_lc_collate                           - Undefined Weak Reference
    _get_lc_ctype                             - Undefined Weak Reference
    _get_lc_monetary                          - Undefined Weak Reference
    _get_lc_numeric                           - Undefined Weak Reference
    _get_lc_time                              - Undefined Weak Reference
    _getenv_init                              - Undefined Weak Reference
    _handle_redirection                       - Undefined Weak Reference
    _init_alloc                               - Undefined Weak Reference
    _init_user_alloc                          - Undefined Weak Reference
    _initio                                   - Undefined Weak Reference
    _printf_post_padding                      - Undefined Weak Reference
    _printf_pre_padding                       - Undefined Weak Reference
    _printf_truncate_unsigned                 - Undefined Weak Reference
    _rand_init                                - Undefined Weak Reference
    _signal_finish                            - Undefined Weak Reference
    _signal_init                              - Undefined Weak Reference
    _terminate_alloc                          - Undefined Weak Reference
    _terminate_user_alloc                     - Undefined Weak Reference
    _terminateio                              - Undefined Weak Reference
    __main                                   0x000000c1   Thumb Code     8  __main.o(!!!main)
    __scatterload                            0x000000c9   Thumb Code     0  __scatter.o(!!!scatter)
    __scatterload_rt2                        0x000000c9   Thumb Code    52  __scatter.o(!!!scatter)
    __scatterload_rt2_thumb_only             0x000000c9   Thumb Code     0  __scatter.o(!!!scatter)
    __scatterload_null                       0x000000d9   Thumb Code     0  __scatter.o(!!!scatter)
    __scatterload_zeroinit                   0x00000105   Thumb Code    28  __scatter_zi.o(!!handler_zi)
    _printf_percent                          0x00000121   Thumb Code     0  _printf_percent.o(.ARM.Collect$$_printf_percent$$00000000)
    _printf_x                                0x00000123   Thumb Code     0  _printf_x.o(.ARM.Collect$$_printf_percent$$0000000C)
    _printf_percent_end                      0x0000012d   Thumb Code     0  _printf_percent_end.o(.ARM.Collect$$_printf_percent$$00000017)
    __rt_lib_init                            0x00000131   Thumb Code     0  libinit.o(.ARM.Collect$$libinit$$00000000)
    __rt_lib_init_alloca_1                   0x00000133   Thumb Code     0  libinit2.o(.ARM.Collect$$libinit$$0000002E)
    __rt_lib_init_argv_1                     0x00000133   Thumb Code     0  libinit2.o(.ARM.Collect$$libinit$$0000002C)
    __rt_lib_init_atexit_1                   0x00000133   Thumb Code     0  libinit2.o(.ARM.Collect$$libinit$$0000001B)
    __rt_lib_init_clock_1                    0x00000133   Thumb Code     0  libinit2.o(.ARM.Collect$$libinit$$00000021)
    __rt_lib_init_cpp_1                      0x00000133   Thumb Code     0  libinit2.o(.ARM.Collect$$libinit$$00000032)
    __rt_lib_init_exceptions_1               0x00000133   Thumb Code     0  libinit2.o(.ARM.Collect$$libinit$$00000030)
    __rt_lib_init_fp_1                       0x00000133   Thumb Code     0  libinit2.o(.ARM.Collect$$libinit$$00000002)
    __rt_lib_init_fp_trap_1                  0x00000133   Thumb Code     0  libinit2.o(.ARM.Collect$$libinit$$0000001F)
    __rt_lib_init_getenv_1                   0x00000133   Thumb Code     0  libinit2.o(.ARM.Collect$$libinit$$00000023)
    __rt_lib_init_heap_1                     0x00000133   Thumb Code     0  libinit2.o(.ARM.Collect$$libinit$$0000000A)
    __rt_lib_init_lc_collate_1               0x00000133   Thumb Code     0  libinit2.o(.ARM.Collect$$libinit$$00000011)
    __rt_lib_init_lc_ctype_1                 0x00000133   Thumb Code     0  libinit2.o(.ARM.Collect$$libinit$$00000013)
    __rt_lib_init_lc_monetary_1              0x00000133   Thumb Code     0  libinit2.o(.ARM.Collect$$libinit$$00000015)
    __rt_lib_init_lc_numeric_1               0x00000133   Thumb Code     0  libinit2.o(.ARM.Collect$$libinit$$00000017)
    __rt_lib_init_lc_time_1                  0x00000133   Thumb Code     0  libinit2.o(.ARM.Collect$$libinit$$00000019)
    __rt_lib_init_preinit_1                  0x00000133   Thumb Code     0  libinit2.o(.ARM.Collect$$libinit$$00000004)
    __rt_lib_init_rand_1                     0x00000133   Thumb Code     0  libinit2.o(.ARM.Collect$$libinit$$0000000E)
    __rt_lib_init_return                     0x00000133   Thumb Code     0  libinit2.o(.ARM.Collect$$libinit$$00000033)
    __rt_lib_init_signal_1                   0x00000133   Thumb Code     0  libinit2.o(.ARM.Collect$$libinit$$0000001D)
    __rt_lib_init_stdio_1                    0x00000133   Thumb Code     0  libinit2.o(.ARM.Collect$$libinit$$00000025)
    __rt_lib_init_user_alloc_1               0x00000133   Thumb Code     0  libinit2.o(.ARM.Collect$$libinit$$0000000C)
    __rt_lib_shutdown                        0x00000135   Thumb Code     0  libshutdown.o(.ARM.Collect$$libshutdown$$00000000)
    __rt_lib_shutdown_cpp_1                  0x00000137   Thumb Code     0  libshutdown2.o(.ARM.Collect$$libshutdown$$00000002)
    __rt_lib_shutdown_fp_trap_1              0x00000137   Thumb Code     0  libshutdown2.o(.ARM.Collect$$libshutdown$$00000007)
    __rt_lib_shutdown_heap_1                 0x00000137   Thumb Code     0  libshutdown2.o(.ARM.Collect$$libshutdown$$0000000F)
    __rt_lib_shutdown_return                 0x00000137   Thumb Code     0  libshutdown2.o(.ARM.Collect$$libshutdown$$00000010)
    __rt_lib_shutdown_signal_1               0x00000137   Thumb Code     0  libshutdown2.o(.ARM.Collect$$libshutdown$$0000000A)
    __rt_lib_shutdown_stdio_1                0x00000137   Thumb Code     0  libshutdown2.o(.ARM.Collect$$libshutdown$$00000004)
    __rt_lib_shutdown_user_alloc_1           0x00000137   Thumb Code     0  libshutdown2.o(.ARM.Collect$$libshutdown$$0000000C)
    __rt_entry                               0x00000139   Thumb Code     0  __rtentry.o(.ARM.Collect$$rtentry$$00000000)
    __rt_entry_presh_1                       0x00000139   Thumb Code     0  __rtentry2.o(.ARM.Collect$$rtentry$$00000002)
    __rt_entry_sh                            0x00000139   Thumb Code     0  __rtentry4.o(.ARM.Collect$$rtentry$$00000004)
    __rt_entry_li                            0x0000013f   Thumb Code     0  __rtentry2.o(.ARM.Collect$$rtentry$$0000000A)
    __rt_entry_postsh_1                      0x0000013f   Thumb Code     0  __rtentry2.o(.ARM.Collect$$rtentry$$00000009)
    __rt_entry_main                          0x00000143   Thumb Code     0  __rtentry2.o(.ARM.Collect$$rtentry$$0000000D)
    __rt_entry_postli_1                      0x00000143   Thumb Code     0  __rtentry2.o(.ARM.Collect$$rtentry$$0000000C)
    __rt_exit                                0x0000014b   Thumb Code     0  rtexit.o(.ARM.Collect$$rtexit$$00000000)
    __rt_exit_ls                             0x0000014d   Thumb Code     0  rtexit2.o(.ARM.Collect$$rtexit$$00000003)
    __rt_exit_prels_1                        0x0000014d   Thumb Code     0  rtexit2.o(.ARM.Collect$$rtexit$$00000002)
    __rt_exit_exit                           0x00000151   Thumb Code     0  rtexit2.o(.ARM.Collect$$rtexit$$00000004)
    __asm___6_port_c_39a90d8d__prvPortStartFirstTask 0x00000159   Thumb Code    36  port.o(.emb_text)
    ulSetInterruptMaskFromISR                0x00000181   Thumb Code     8  port.o(.emb_text)
    vClearInterruptMaskFromISR               0x00000189   Thumb Code     6  port.o(.emb_text)
    PendSV_Handler                           0x0000018f   Thumb Code    62  port.o(.emb_text)
    HardFault_Handler                        0x000001d1   Thumb Code    24  retarget.o(.emb_text)
    __aeabi_memcpy4                          0x000001ed   Thumb Code    56  rt_memcpy.o(.emb_text)
    __aeabi_memcpy8                          0x000001ed   Thumb Code     0  rt_memcpy.o(.emb_text)
    Reset_Handler                            0x00000225   Thumb Code    32  startup_nuc131.o(.text)
    NMI_Handler                              0x00000245   Thumb Code     2  startup_nuc131.o(.text)
    ADC_IRQHandler                           0x0000024f   Thumb Code     0  startup_nuc131.o(.text)
    BOD_IRQHandler                           0x0000024f   Thumb Code     0  startup_nuc131.o(.text)
    BPWM0_IRQHandler                         0x0000024f   Thumb Code     0  startup_nuc131.o(.text)
    BPWM1_IRQHandler                         0x0000024f   Thumb Code     0  startup_nuc131.o(.text)
    BRAKE0_IRQHandler                        0x0000024f   Thumb Code     0  startup_nuc131.o(.text)
    BRAKE1_IRQHandler                        0x0000024f   Thumb Code     0  startup_nuc131.o(.text)
    CAN0_IRQHandler                          0x0000024f   Thumb Code     0  startup_nuc131.o(.text)
    CAN1_IRQHandler                          0x0000024f   Thumb Code     0  startup_nuc131.o(.text)
    CKD_IRQHandler                           0x0000024f   Thumb Code     0  startup_nuc131.o(.text)
    EINT0_IRQHandler                         0x0000024f   Thumb Code     0  startup_nuc131.o(.text)
    EINT1_IRQHandler                         0x0000024f   Thumb Code     0  startup_nuc131.o(.text)
    GPAB_IRQHandler                          0x0000024f   Thumb Code     0  startup_nuc131.o(.text)
    GPCDEF_IRQHandler                        0x0000024f   Thumb Code     0  startup_nuc131.o(.text)
    I2C0_IRQHandler                          0x0000024f   Thumb Code     0  startup_nuc131.o(.text)
    I2C1_IRQHandler                          0x0000024f   Thumb Code     0  startup_nuc131.o(.text)
    PWM0_IRQHandler                          0x0000024f   Thumb Code     0  startup_nuc131.o(.text)
    PWM1_IRQHandler                          0x0000024f   Thumb Code     0  startup_nuc131.o(.text)
    PWRWU_IRQHandler                         0x0000024f   Thumb Code     0  startup_nuc131.o(.text)
    RTC_IRQHandler                           0x0000024f   Thumb Code     0  startup_nuc131.o(.text)
    SPI0_IRQHandler                          0x0000024f   Thumb Code     0  startup_nuc131.o(.text)
    TMR1_IRQHandler                          0x0000024f   Thumb Code     0  startup_nuc131.o(.text)
    TMR2_IRQHandler                          0x0000024f   Thumb Code     0  startup_nuc131.o(.text)
    TMR3_IRQHandler                          0x0000024f   Thumb Code     0  startup_nuc131.o(.text)
    UART02_IRQHandler                        0x0000024f   Thumb Code     0  startup_nuc131.o(.text)
    UART1_IRQHandler                         0x0000024f   Thumb Code     0  startup_nuc131.o(.text)
    UART3_IRQHandler                         0x0000024f   Thumb Code     0  startup_nuc131.o(.text)
    UART4_IRQHandler                         0x0000024f   Thumb Code     0  startup_nuc131.o(.text)
    UART5_IRQHandler                         0x0000024f   Thumb Code     0  startup_nuc131.o(.text)
    WDT_IRQHandler                           0x0000024f   Thumb Code     0  startup_nuc131.o(.text)
    __user_initial_stackheap                 0x00000251   Thumb Code     0  startup_nuc131.o(.text)
    __2printf                                0x00000289   Thumb Code    22  noretval__2printf.o(.text)
    _printf_int_hex                          0x000002a5   Thumb Code    84  _printf_hex_int.o(.text)
    _printf_longlong_hex                     0x000002a5   Thumb Code     0  _printf_hex_int.o(.text)
    __printf                                 0x000002fd   Thumb Code   270  __printf_wp.o(.text)
    __aeabi_memcpy                           0x0000040b   Thumb Code   130  rt_memcpy.o(.text)
    __rt_memcpy                              0x0000040b   Thumb Code     0  rt_memcpy.o(.text)
    __aeabi_uidiv                            0x0000048d   Thumb Code     0  aeabi_sdiv.o(.text)
    __aeabi_uidivmod                         0x0000048d   Thumb Code    20  aeabi_sdiv.o(.text)
    __aeabi_idiv                             0x000004a1   Thumb Code     0  aeabi_sdiv.o(.text)
    __aeabi_idivmod                          0x000004a1   Thumb Code   326  aeabi_sdiv.o(.text)
    __use_two_region_memory                  0x000005e7   Thumb Code     2  heapauxi.o(.text)
    __rt_heap_escrow$2region                 0x000005e9   Thumb Code     2  heapauxi.o(.text)
    __rt_heap_expand$2region                 0x000005eb   Thumb Code     2  heapauxi.o(.text)
    _printf_int_common                       0x000005ed   Thumb Code   176  _printf_intcommon.o(.text)
    _printf_char_file                        0x0000069d   Thumb Code    34  _printf_char_file.o(.text)
    _printf_char_common                      0x000006cf   Thumb Code    32  _printf_char_common.o(.text)
    __user_setup_stackheap                   0x000006f5   Thumb Code    62  sys_stackheap_outer.o(.text)
    exit                                     0x00000733   Thumb Code    16  exit.o(.text)
    __user_libspace                          0x00000745   Thumb Code     8  libspace.o(.text)
    __user_perproc_libspace                  0x00000745   Thumb Code     0  libspace.o(.text)
    __user_perthread_libspace                0x00000745   Thumb Code     0  libspace.o(.text)
    _sys_exit                                0x0000074d   Thumb Code     8  sys_exit.o(.text)
    __I$use$semihosting                      0x00000759   Thumb Code     0  use_no_semi.o(.text)
    __use_no_semihosting_swi                 0x00000759   Thumb Code     2  use_no_semi.o(.text)
    __decompress                             0x0000075b   Thumb Code     0  __dczerorl2.o(.text)
    __decompress1                            0x0000075b   Thumb Code    86  __dczerorl2.o(.text)
    __semihosting_library_function           0x0000075b   Thumb Code     0  indicate_semi.o(.text)
    CLK_EnableModuleClock                    0x000007b1   Thumb Code    52  clk.o(i.CLK_EnableModuleClock)
    CLK_EnablePLL                            0x000007ed   Thumb Code   342  clk.o(i.CLK_EnablePLL)
    CLK_EnableXtalRC                         0x00000971   Thumb Code    12  clk.o(i.CLK_EnableXtalRC)
    CLK_GetHCLKFreq                          0x00000981   Thumb Code    12  clk.o(i.CLK_GetHCLKFreq)
    CLK_SetCoreClock                         0x00000b91   Thumb Code   144  clk.o(i.CLK_SetCoreClock)
    CLK_SetHCLK                              0x00000c2d   Thumb Code   102  clk.o(i.CLK_SetHCLK)
    CLK_SetModuleClock                       0x00000c99   Thumb Code   108  clk.o(i.CLK_SetModuleClock)
    CLK_SetSysTickClockSrc                   0x00000d0d   Thumb Code    16  clk.o(i.CLK_SetSysTickClockSrc)
    CLK_WaitClockReady                       0x00000d21   Thumb Code    32  clk.o(i.CLK_WaitClockReady)
    Destroy_Enemy_Ship_XY                    0x00000d49   Thumb Code  1134  battlemap.o(i.Destroy_Enemy_Ship_XY)
    Destroy_My_Ship_XY                       0x000011bd   Thumb Code  1128  battlemap.o(i.Destroy_My_Ship_XY)
    Display_BasicMode                        0x00001629   Thumb Code   138  lcdst7920.o(i.Display_BasicMode)
    Display_Graphic                          0x000016b9   Thumb Code   108  lcdst7920.o(i.Display_Graphic)
    Display_Select_XY_Number                 0x00001725   Thumb Code   508  battlemap.o(i.Display_Select_XY_Number)
    Display_Turn                             0x00001975   Thumb Code   122  battlemap.o(i.Display_Turn)
    Find_My_Ship_Position                    0x000019f5   Thumb Code    96  main.o(i.Find_My_Ship_Position)
    GPIO_Init                                0x00001a65   Thumb Code   242  main.o(i.GPIO_Init)
    GPIO_SetMode                             0x00001b61   Thumb Code    46  gpio.o(i.GPIO_SetMode)
    Hard_Fault_Handler                       0x00001b91   Thumb Code    18  retarget.o(i.Hard_Fault_Handler)
    InitLCD_BasicMode                        0x00001bbd   Thumb Code   106  lcdst7920.o(i.InitLCD_BasicMode)
    InitLCD_Graphic                          0x00001c2d   Thumb Code    92  lcdst7920.o(i.InitLCD_Graphic)
    My_UDP_Str_Send                          0x00001c8d   Thumb Code    26  main.o(i.My_UDP_Str_Send)
    SPI_DisableAutoSS                        0x00001ca7   Thumb Code    10  spi.o(i.SPI_DisableAutoSS)
    SPI_Init                                 0x00001cb1   Thumb Code    26  main.o(i.SPI_Init)
    SPI_Open                                 0x00001cd5   Thumb Code   282  spi.o(i.SPI_Open)
    SVC_Handler                              0x00001df5   Thumb Code     2  port.o(i.SVC_Handler)
    SYS_Init                                 0x00001df9   Thumb Code   168  main.o(i.SYS_Init)
    SYS_ResetModule                          0x00001eb5   Thumb Code    48  sys.o(i.SYS_ResetModule)
    SendChar                                 0x00001ee5   Thumb Code    12  retarget.o(i.SendChar)
    SendChar_ToUART                          0x00001ef1   Thumb Code    48  retarget.o(i.SendChar_ToUART)
    Set_Enemy_Ship_XY                        0x00001f25   Thumb Code   336  battlemap.o(i.Set_Enemy_Ship_XY)
    Set_My_Ship_XY                           0x0000207d   Thumb Code   338  battlemap.o(i.Set_My_Ship_XY)
    Setup_Myship                             0x000021d9   Thumb Code   560  main.o(i.Setup_Myship)
    Support_Avoid_Setup_Ship_Asthesame_Positions 0x00002425   Thumb Code    40  main.o(i.Support_Avoid_Setup_Ship_Asthesame_Positions)
    SysTick_Handler                          0x00002451   Thumb Code    32  port.o(i.SysTick_Handler)
    SystemCoreClockUpdate                    0x00002475   Thumb Code    76  system_nuc131.o(i.SystemCoreClockUpdate)
    SystemInit                               0x000024d9   Thumb Code     2  system_nuc131.o(i.SystemInit)
    TIMER_GetModuleClock                     0x000024dd   Thumb Code   110  timer.o(i.TIMER_GetModuleClock)
    TIMER_Open                               0x00002561   Thumb Code   112  timer.o(i.TIMER_Open)
    TMR0_IRQHandler                          0x000025e9   Thumb Code   104  main.o(i.TMR0_IRQHandler)
    TransferData                             0x00002665   Thumb Code    64  lcdst7920.o(i.TransferData)
    UART_Open                                0x000026b1   Thumb Code   166  uart.o(i.UART_Open)
    WIZCHIP_READ                             0x00002769   Thumb Code   132  w5500.o(i.WIZCHIP_READ)
    WIZCHIP_READ_BUF                         0x000027f1   Thumb Code   156  w5500.o(i.WIZCHIP_READ_BUF)
    WIZCHIP_WRITE                            0x00002891   Thumb Code   128  w5500.o(i.WIZCHIP_WRITE)
    WIZCHIP_WRITE_BUF                        0x00002915   Thumb Code   150  w5500.o(i.WIZCHIP_WRITE_BUF)
    __ARM_common_switch8                     0x000029b1   Thumb Code    28  tasks.o(i.__ARM_common_switch8)
    _is_digit                                0x000029cd   Thumb Code    14  __printf_wp.o(i._is_digit)
    close                                    0x000029dd   Thumb Code   138  socket.o(i.close)
    connect                                  0x00002a79   Thumb Code   338  socket.o(i.connect)
    cs_desel                                 0x00002bd1   Thumb Code     8  main.o(i.cs_desel)
    cs_sel                                   0x00002bdd   Thumb Code     8  main.o(i.cs_sel)
    delay                                    0x00002be9   Thumb Code    22  lcdst7920.o(i.delay)
    disconnect                               0x00002c01   Thumb Code   176  socket.o(i.disconnect)
    ferror                                   0x00002cb9   Thumb Code     8  retarget.o(i.ferror)
    fputc                                    0x00002cc1   Thumb Code    16  retarget.o(i.fputc)
    getSn_RX_RSR                             0x00002cd1   Thumb Code   110  w5500.o(i.getSn_RX_RSR)
    getSn_TX_FSR                             0x00002d3f   Thumb Code   110  w5500.o(i.getSn_TX_FSR)
    listen                                   0x00002dad   Thumb Code   150  socket.o(i.listen)
    loopback_tcpcc                           0x00002e45   Thumb Code   262  main.o(i.loopback_tcpcc)
    loopback_tcpss                           0x00002fb5   Thumb Code   228  main.o(i.loopback_tcpss)
    main                                     0x000030f1   Thumb Code   494  main.o(i.main)
    pvPortMalloc                             0x000037dd   Thumb Code   100  heap_1.o(i.pvPortMalloc)
    pvTaskIncrementMutexHeldCount            0x00003851   Thumb Code    28  tasks.o(i.pvTaskIncrementMutexHeldCount)
    pxPortInitialiseStack                    0x00003871   Thumb Code    26  port.o(i.pxPortInitialiseStack)
    rb                                       0x00003891   Thumb Code    40  main.o(i.rb)
    recv                                     0x000038bd   Thumb Code   268  socket.o(i.recv)
    reg_wizchip_cs_cbfunc                    0x000039cd   Thumb Code    30  wizchip_conf.o(i.reg_wizchip_cs_cbfunc)
    reg_wizchip_spi_cbfunc                   0x000039f9   Thumb Code    46  wizchip_conf.o(i.reg_wizchip_spi_cbfunc)
    send                                     0x00003a35   Thumb Code   366  socket.o(i.send)
    socket                                   0x00003bad   Thumb Code   386  socket.o(i.socket)
    uxListRemove                             0x00003df1   Thumb Code    40  list.o(i.uxListRemove)
    vListInitialise                          0x00003e19   Thumb Code    26  list.o(i.vListInitialise)
    vListInitialiseItem                      0x00003e33   Thumb Code     6  list.o(i.vListInitialiseItem)
    vListInsert                              0x00003e39   Thumb Code    54  list.o(i.vListInsert)
    vListInsertEnd                           0x00003e6f   Thumb Code    24  list.o(i.vListInsertEnd)
    vPortEnterCritical                       0x00003e89   Thumb Code    22  port.o(i.vPortEnterCritical)
    vPortExitCritical                        0x00003ea5   Thumb Code    22  port.o(i.vPortExitCritical)
    vPortFree                                0x00003ec1   Thumb Code     2  heap_1.o(i.vPortFree)
    vPortYield                               0x00003ec5   Thumb Code    18  port.o(i.vPortYield)
    vTask1                                   0x00003edd   Thumb Code    52  main.o(i.vTask1)
    vTask2                                   0x00003f21   Thumb Code   408  main.o(i.vTask2)
    vTask3                                   0x000040d5   Thumb Code   382  main.o(i.vTask3)
    vTaskDelay                               0x000042a9   Thumb Code    38  tasks.o(i.vTaskDelay)
    vTaskInternalSetTimeOutState             0x000042d1   Thumb Code    14  tasks.o(i.vTaskInternalSetTimeOutState)
    vTaskMissedYield                         0x000042e9   Thumb Code     8  tasks.o(i.vTaskMissedYield)
    vTaskPlaceOnEventList                    0x000042f5   Thumb Code    28  tasks.o(i.vTaskPlaceOnEventList)
    vTaskPriorityDisinheritAfterTimeout      0x00004315   Thumb Code   128  tasks.o(i.vTaskPriorityDisinheritAfterTimeout)
    vTaskStartScheduler                      0x0000439d   Thumb Code    56  tasks.o(i.vTaskStartScheduler)
    vTaskSuspendAll                          0x000043f1   Thumb Code    12  tasks.o(i.vTaskSuspendAll)
    vTaskSwitchContext                       0x00004401   Thumb Code    98  tasks.o(i.vTaskSwitchContext)
    wb                                       0x00004479   Thumb Code    30  main.o(i.wb)
    wiz_recv_data                            0x0000449d   Thumb Code   134  w5500.o(i.wiz_recv_data)
    wiz_send_data                            0x00004523   Thumb Code   134  w5500.o(i.wiz_send_data)
    wizchip_bus_readdata                     0x000045a9   Thumb Code     6  wizchip_conf.o(i.wizchip_bus_readdata)
    wizchip_bus_writedata                    0x000045af   Thumb Code     4  wizchip_conf.o(i.wizchip_bus_writedata)
    wizchip_cris_enter                       0x000045b3   Thumb Code     2  wizchip_conf.o(i.wizchip_cris_enter)
    wizchip_cris_exit                        0x000045b5   Thumb Code     2  wizchip_conf.o(i.wizchip_cris_exit)
    wizchip_cs_deselect                      0x000045b7   Thumb Code     2  wizchip_conf.o(i.wizchip_cs_deselect)
    wizchip_cs_select                        0x000045b9   Thumb Code     2  wizchip_conf.o(i.wizchip_cs_select)
    wizchip_getnetinfo                       0x000045bd   Thumb Code    82  wizchip_conf.o(i.wizchip_getnetinfo)
    wizchip_init                             0x00004619   Thumb Code   144  wizchip_conf.o(i.wizchip_init)
    wizchip_setnetinfo                       0x000046a9   Thumb Code    80  wizchip_conf.o(i.wizchip_setnetinfo)
    wizchip_spi_readbyte                     0x00004701   Thumb Code     4  wizchip_conf.o(i.wizchip_spi_readbyte)
    wizchip_spi_writebyte                    0x00004705   Thumb Code     2  wizchip_conf.o(i.wizchip_spi_writebyte)
    wizchip_sw_reset                         0x00004707   Thumb Code   114  wizchip_conf.o(i.wizchip_sw_reset)
    xPortStartScheduler                      0x00004779   Thumb Code    48  port.o(i.xPortStartScheduler)
    xQueueGenericCreate                      0x000047b1   Thumb Code    64  queue.o(i.xQueueGenericCreate)
    xQueueGenericReset                       0x000047f1   Thumb Code   120  queue.o(i.xQueueGenericReset)
    xQueueGenericSend                        0x00004869   Thumb Code   252  queue.o(i.xQueueGenericSend)
    xQueueSemaphoreTake                      0x00004965   Thumb Code   298  queue.o(i.xQueueSemaphoreTake)
    xTaskCheckForTimeOut                     0x00004a91   Thumb Code    86  tasks.o(i.xTaskCheckForTimeOut)
    xTaskCreate                              0x00004af1   Thumb Code    92  tasks.o(i.xTaskCreate)
    xTaskIncrementTick                       0x00004b4d   Thumb Code   242  tasks.o(i.xTaskIncrementTick)
    xTaskPriorityDisinherit                  0x00004c6d   Thumb Code    88  tasks.o(i.xTaskPriorityDisinherit)
    xTaskPriorityInherit                     0x00004ccd   Thumb Code   150  tasks.o(i.xTaskPriorityInherit)
    xTaskRemoveFromEventList                 0x00004d71   Thumb Code   102  tasks.o(i.xTaskRemoveFromEventList)
    xTaskResumeAll                           0x00004df1   Thumb Code   192  tasks.o(i.xTaskResumeAll)
    Region$$Table$$Base                      0x00004fb4   Number         0  anon$$obj.o(Region$$Table)
    Region$$Table$$Limit                     0x00004fd4   Number         0  anon$$obj.o(Region$$Table)
    pxCurrentTCB                             0x2000000c   Data           4  tasks.o(.data)
    _SERVER                                  0x20000048   Data           1  main.o(.data)
    _CLIENT                                  0x20000049   Data           1  main.o(.data)
    SERVER_SETUP                             0x2000004a   Data           1  main.o(.data)
    CLIENT_SETUP                             0x2000004b   Data           1  main.o(.data)
    MODE_DONE                                0x2000004c   Data           1  main.o(.data)
    IMCLIENT                                 0x2000004d   Data           1  main.o(.data)
    sectochangemode                          0x2000004e   Data           1  main.o(.data)
    distIPK                                  0x2000004f   Data           4  main.o(.data)
    bufSize                                  0x20000053   Data           4  main.o(.data)
    netInfoSV                                0x20000057   Data          23  main.o(.data)
    netInfoCL                                0x2000006e   Data          23  main.o(.data)
    x                                        0x20000086   Data           2  main.o(.data)
    y                                        0x20000088   Data           2  main.o(.data)
    waiting_state                            0x2000008a   Data           1  main.o(.data)
    passstep                                 0x2000008b   Data           1  main.o(.data)
    My_turn                                  0x2000008c   Data           1  main.o(.data)
    Num_of_Blocks_To_Finish                  0x2000008d   Data           1  main.o(.data)
    Check_Num_of_Blocks_To_Finish            0x2000008e   Data          16  main.o(.data)
    Index_Support_Check_Num_of_Blocks_To_Finish 0x2000009e   Data           2  main.o(.data)
    pvTask1                                  0x200000a0   Data           4  main.o(.data)
    pvTask2                                  0x200000a4   Data           4  main.o(.data)
    pvTask3                                  0x200000a8   Data           4  main.o(.data)
    xSemaphore                               0x200000ac   Data           4  main.o(.data)
    Ship1_Positions                          0x200000b0   Data           2  main.o(.data)
    Ship2_Positions                          0x200000b2   Data          12  main.o(.data)
    Ship3_Positions                          0x200000be   Data          18  main.o(.data)
    BattleMap                                0x200000d0   Data        1024  main.o(.data)
    X0                                       0x200004d2   Data           6  battlemap.o(.data)
    X1                                       0x200004d8   Data           6  battlemap.o(.data)
    X2                                       0x200004de   Data           6  battlemap.o(.data)
    X3                                       0x200004e4   Data           6  battlemap.o(.data)
    X4                                       0x200004ea   Data           6  battlemap.o(.data)
    X5                                       0x200004f0   Data           6  battlemap.o(.data)
    X6                                       0x200004f6   Data           6  battlemap.o(.data)
    X7                                       0x200004fc   Data           6  battlemap.o(.data)
    X8                                       0x20000502   Data           6  battlemap.o(.data)
    X9                                       0x20000508   Data           6  battlemap.o(.data)
    Y0                                       0x2000050e   Data           6  battlemap.o(.data)
    Y1                                       0x20000514   Data           6  battlemap.o(.data)
    Y2                                       0x2000051a   Data           6  battlemap.o(.data)
    Y3                                       0x20000520   Data           6  battlemap.o(.data)
    Y4                                       0x20000526   Data           6  battlemap.o(.data)
    Y5                                       0x2000052c   Data           6  battlemap.o(.data)
    Y6                                       0x20000532   Data           6  battlemap.o(.data)
    Y7                                       0x20000538   Data           6  battlemap.o(.data)
    Y8                                       0x2000053e   Data           6  battlemap.o(.data)
    Y9                                       0x20000544   Data           6  battlemap.o(.data)
    count_index                              0x2000054c   Data           4  lcdst7920.o(.data)
    sock_pack_info                           0x20000556   Data           8  socket.o(.data)
    WIZCHIP                                  0x20000560   Data          44  wizchip_conf.o(.data)
    __stdout                                 0x20000594   Data           4  retarget.o(.data)
    __stdin                                  0x20000598   Data           4  retarget.o(.data)
    SystemCoreClock                          0x2000059c   Data           4  system_nuc131.o(.data)
    CyclesPerUs                              0x200005a0   Data           4  system_nuc131.o(.data)
    PllClock                                 0x200005a4   Data           4  system_nuc131.o(.data)
    gau32ClkSrcTbl                           0x200005a8   Data          32  system_nuc131.o(.data)
    SENDBUF                                  0x20001630   Data          20  main.o(.bss)
    revbuf                                   0x20001644   Data          40  main.o(.bss)
    rcvBuf                                   0x2000166c   Data          20  main.o(.bss)
    netInfotest                              0x20001680   Data          23  main.o(.bss)
    Arr_Support_Check_Num_of_Blocks_To_Finish 0x20001697   Data          16  main.o(.bss)
    __libspace_start                         0x200016b8   Data          96  libspace.o(.bss)
    __temporary_stack_top$libspace           0x20001718   Data           0  libspace.o(.bss)



==============================================================================

Memory Map of the image

  Image entry point : Not specified.

  Load Region LR_IROM1 (Base: 0x00000000, Size: 0x0000559c, Max: 0x00011000, ABSOLUTE, COMPRESSED[0x00005148])

    Execution Region ER_IROM1 (Exec base: 0x00000000, Load base: 0x00000000, Size: 0x00004fd4, Max: 0x00011000, ABSOLUTE)

    Exec Addr    Load Addr    Size         Type   Attr      Idx    E Section Name        Object

    0x00000000   0x00000000   0x000000c0   Data   RO         2152    RESET               startup_nuc131.o
    0x000000c0   0x000000c0   0x00000008   Code   RO         2255  * !!!main             c_p.l(__main.o)
    0x000000c8   0x000000c8   0x0000003c   Code   RO         2433    !!!scatter          c_p.l(__scatter.o)
    0x00000104   0x00000104   0x0000001c   Code   RO         2435    !!handler_zi        c_p.l(__scatter_zi.o)
    0x00000120   0x00000120   0x00000002   Code   RO         2244    .ARM.Collect$$_printf_percent$$00000000  c_p.l(_printf_percent.o)
    0x00000122   0x00000122   0x0000000a   Code   RO         2243    .ARM.Collect$$_printf_percent$$0000000C  c_p.l(_printf_x.o)
    0x0000012c   0x0000012c   0x00000004   Code   RO         2266    .ARM.Collect$$_printf_percent$$00000017  c_p.l(_printf_percent_end.o)
    0x00000130   0x00000130   0x00000002   Code   RO         2302    .ARM.Collect$$libinit$$00000000  c_p.l(libinit.o)
    0x00000132   0x00000132   0x00000000   Code   RO         2316    .ARM.Collect$$libinit$$00000002  c_p.l(libinit2.o)
    0x00000132   0x00000132   0x00000000   Code   RO         2318    .ARM.Collect$$libinit$$00000004  c_p.l(libinit2.o)
    0x00000132   0x00000132   0x00000000   Code   RO         2321    .ARM.Collect$$libinit$$0000000A  c_p.l(libinit2.o)
    0x00000132   0x00000132   0x00000000   Code   RO         2323    .ARM.Collect$$libinit$$0000000C  c_p.l(libinit2.o)
    0x00000132   0x00000132   0x00000000   Code   RO         2325    .ARM.Collect$$libinit$$0000000E  c_p.l(libinit2.o)
    0x00000132   0x00000132   0x00000000   Code   RO         2328    .ARM.Collect$$libinit$$00000011  c_p.l(libinit2.o)
    0x00000132   0x00000132   0x00000000   Code   RO         2330    .ARM.Collect$$libinit$$00000013  c_p.l(libinit2.o)
    0x00000132   0x00000132   0x00000000   Code   RO         2332    .ARM.Collect$$libinit$$00000015  c_p.l(libinit2.o)
    0x00000132   0x00000132   0x00000000   Code   RO         2334    .ARM.Collect$$libinit$$00000017  c_p.l(libinit2.o)
    0x00000132   0x00000132   0x00000000   Code   RO         2336    .ARM.Collect$$libinit$$00000019  c_p.l(libinit2.o)
    0x00000132   0x00000132   0x00000000   Code   RO         2338    .ARM.Collect$$libinit$$0000001B  c_p.l(libinit2.o)
    0x00000132   0x00000132   0x00000000   Code   RO         2340    .ARM.Collect$$libinit$$0000001D  c_p.l(libinit2.o)
    0x00000132   0x00000132   0x00000000   Code   RO         2342    .ARM.Collect$$libinit$$0000001F  c_p.l(libinit2.o)
    0x00000132   0x00000132   0x00000000   Code   RO         2344    .ARM.Collect$$libinit$$00000021  c_p.l(libinit2.o)
    0x00000132   0x00000132   0x00000000   Code   RO         2346    .ARM.Collect$$libinit$$00000023  c_p.l(libinit2.o)
    0x00000132   0x00000132   0x00000000   Code   RO         2348    .ARM.Collect$$libinit$$00000025  c_p.l(libinit2.o)
    0x00000132   0x00000132   0x00000000   Code   RO         2352    .ARM.Collect$$libinit$$0000002C  c_p.l(libinit2.o)
    0x00000132   0x00000132   0x00000000   Code   RO         2354    .ARM.Collect$$libinit$$0000002E  c_p.l(libinit2.o)
    0x00000132   0x00000132   0x00000000   Code   RO         2356    .ARM.Collect$$libinit$$00000030  c_p.l(libinit2.o)
    0x00000132   0x00000132   0x00000000   Code   RO         2358    .ARM.Collect$$libinit$$00000032  c_p.l(libinit2.o)
    0x00000132   0x00000132   0x00000002   Code   RO         2359    .ARM.Collect$$libinit$$00000033  c_p.l(libinit2.o)
    0x00000134   0x00000134   0x00000002   Code   RO         2388    .ARM.Collect$$libshutdown$$00000000  c_p.l(libshutdown.o)
    0x00000136   0x00000136   0x00000000   Code   RO         2414    .ARM.Collect$$libshutdown$$00000002  c_p.l(libshutdown2.o)
    0x00000136   0x00000136   0x00000000   Code   RO         2416    .ARM.Collect$$libshutdown$$00000004  c_p.l(libshutdown2.o)
    0x00000136   0x00000136   0x00000000   Code   RO         2419    .ARM.Collect$$libshutdown$$00000007  c_p.l(libshutdown2.o)
    0x00000136   0x00000136   0x00000000   Code   RO         2422    .ARM.Collect$$libshutdown$$0000000A  c_p.l(libshutdown2.o)
    0x00000136   0x00000136   0x00000000   Code   RO         2424    .ARM.Collect$$libshutdown$$0000000C  c_p.l(libshutdown2.o)
    0x00000136   0x00000136   0x00000000   Code   RO         2427    .ARM.Collect$$libshutdown$$0000000F  c_p.l(libshutdown2.o)
    0x00000136   0x00000136   0x00000002   Code   RO         2428    .ARM.Collect$$libshutdown$$00000010  c_p.l(libshutdown2.o)
    0x00000138   0x00000138   0x00000000   Code   RO         2257    .ARM.Collect$$rtentry$$00000000  c_p.l(__rtentry.o)
    0x00000138   0x00000138   0x00000000   Code   RO         2268    .ARM.Collect$$rtentry$$00000002  c_p.l(__rtentry2.o)
    0x00000138   0x00000138   0x00000006   Code   RO         2280    .ARM.Collect$$rtentry$$00000004  c_p.l(__rtentry4.o)
    0x0000013e   0x0000013e   0x00000000   Code   RO         2270    .ARM.Collect$$rtentry$$00000009  c_p.l(__rtentry2.o)
    0x0000013e   0x0000013e   0x00000004   Code   RO         2271    .ARM.Collect$$rtentry$$0000000A  c_p.l(__rtentry2.o)
    0x00000142   0x00000142   0x00000000   Code   RO         2273    .ARM.Collect$$rtentry$$0000000C  c_p.l(__rtentry2.o)
    0x00000142   0x00000142   0x00000008   Code   RO         2274    .ARM.Collect$$rtentry$$0000000D  c_p.l(__rtentry2.o)
    0x0000014a   0x0000014a   0x00000002   Code   RO         2307    .ARM.Collect$$rtexit$$00000000  c_p.l(rtexit.o)
    0x0000014c   0x0000014c   0x00000000   Code   RO         2363    .ARM.Collect$$rtexit$$00000002  c_p.l(rtexit2.o)
    0x0000014c   0x0000014c   0x00000004   Code   RO         2364    .ARM.Collect$$rtexit$$00000003  c_p.l(rtexit2.o)
    0x00000150   0x00000150   0x00000006   Code   RO         2365    .ARM.Collect$$rtexit$$00000004  c_p.l(rtexit2.o)
    0x00000156   0x00000156   0x00000002   PAD
    0x00000158   0x00000158   0x00000078   Code   RO            1    .emb_text           port.o
    0x000001d0   0x000001d0   0x0000001c   Code   RO         2062    .emb_text           retarget.o
    0x000001ec   0x000001ec   0x00000038   Code   RO         2245    .emb_text           c_p.l(rt_memcpy.o)
    0x00000224   0x00000224   0x00000064   Code   RO         2153  * .text               startup_nuc131.o
    0x00000288   0x00000288   0x0000001c   Code   RO         2198    .text               c_p.l(noretval__2printf.o)
    0x000002a4   0x000002a4   0x00000058   Code   RO         2205    .text               c_p.l(_printf_hex_int.o)
    0x000002fc   0x000002fc   0x0000010e   Code   RO         2231    .text               c_p.l(__printf_wp.o)
    0x0000040a   0x0000040a   0x00000082   Code   RO         2246    .text               c_p.l(rt_memcpy.o)
    0x0000048c   0x0000048c   0x0000015a   Code   RO         2249    .text               c_p.l(aeabi_sdiv.o)
    0x000005e6   0x000005e6   0x00000006   Code   RO         2253    .text               c_p.l(heapauxi.o)
    0x000005ec   0x000005ec   0x000000b0   Code   RO         2262    .text               c_p.l(_printf_intcommon.o)
    0x0000069c   0x0000069c   0x00000028   Code   RO         2264    .text               c_p.l(_printf_char_file.o)
    0x000006c4   0x000006c4   0x00000030   Code   RO         2284    .text               c_p.l(_printf_char_common.o)
    0x000006f4   0x000006f4   0x0000003e   Code   RO         2286    .text               c_p.l(sys_stackheap_outer.o)
    0x00000732   0x00000732   0x00000010   Code   RO         2291    .text               c_p.l(exit.o)
    0x00000742   0x00000742   0x00000002   PAD
    0x00000744   0x00000744   0x00000008   Code   RO         2303    .text               c_p.l(libspace.o)
    0x0000074c   0x0000074c   0x0000000c   Code   RO         2360    .text               c_p.l(sys_exit.o)
    0x00000758   0x00000758   0x00000002   Code   RO         2377    .text               c_p.l(use_no_semi.o)
    0x0000075a   0x0000075a   0x00000000   Code   RO         2379    .text               c_p.l(indicate_semi.o)
    0x0000075a   0x0000075a   0x00000056   Code   RO         2431    .text               c_p.l(__dczerorl2.o)
    0x000007b0   0x000007b0   0x0000003c   Code   RO          742    i.CLK_EnableModuleClock  clk.o
    0x000007ec   0x000007ec   0x00000184   Code   RO          743    i.CLK_EnablePLL     clk.o
    0x00000970   0x00000970   0x00000010   Code   RO          745    i.CLK_EnableXtalRC  clk.o
    0x00000980   0x00000980   0x00000010   Code   RO          747    i.CLK_GetHCLKFreq   clk.o
    0x00000990   0x00000990   0x00000080   Code   RO          750    i.CLK_GetPLLClockFreq  clk.o
    0x00000a10   0x00000a10   0x00000080   Code   RO          978    i.CLK_GetPLLClockFreq  spi.o
    0x00000a90   0x00000a90   0x00000080   Code   RO         1227    i.CLK_GetPLLClockFreq  uart.o
    0x00000b10   0x00000b10   0x00000080   Code   RO         2159    i.CLK_GetPLLClockFreq  system_nuc131.o
    0x00000b90   0x00000b90   0x0000009c   Code   RO          753    i.CLK_SetCoreClock  clk.o
    0x00000c2c   0x00000c2c   0x0000006c   Code   RO          754    i.CLK_SetHCLK       clk.o
    0x00000c98   0x00000c98   0x00000074   Code   RO          755    i.CLK_SetModuleClock  clk.o
    0x00000d0c   0x00000d0c   0x00000014   Code   RO          756    i.CLK_SetSysTickClockSrc  clk.o
    0x00000d20   0x00000d20   0x00000028   Code   RO          757    i.CLK_WaitClockReady  clk.o
    0x00000d48   0x00000d48   0x00000474   Code   RO         1560    i.Destroy_Enemy_Ship_XY  battlemap.o
    0x000011bc   0x000011bc   0x0000046c   Code   RO         1561    i.Destroy_My_Ship_XY  battlemap.o
    0x00001628   0x00001628   0x00000090   Code   RO         1627    i.Display_BasicMode  lcdst7920.o
    0x000016b8   0x000016b8   0x0000006c   Code   RO         1628    i.Display_Graphic   lcdst7920.o
    0x00001724   0x00001724   0x00000250   Code   RO         1562    i.Display_Select_XY_Number  battlemap.o
    0x00001974   0x00001974   0x00000080   Code   RO         1563    i.Display_Turn      battlemap.o
    0x000019f4   0x000019f4   0x00000070   Code   RO         1361    i.Find_My_Ship_Position  main.o
    0x00001a64   0x00001a64   0x000000fc   Code   RO         1362    i.GPIO_Init         main.o
    0x00001b60   0x00001b60   0x0000002e   Code   RO          945    i.GPIO_SetMode      gpio.o
    0x00001b8e   0x00001b8e   0x00000002   PAD
    0x00001b90   0x00001b90   0x0000002c   Code   RO         2064    i.Hard_Fault_Handler  retarget.o
    0x00001bbc   0x00001bbc   0x00000070   Code   RO         1629    i.InitLCD_BasicMode  lcdst7920.o
    0x00001c2c   0x00001c2c   0x00000060   Code   RO         1630    i.InitLCD_Graphic   lcdst7920.o
    0x00001c8c   0x00001c8c   0x0000001a   Code   RO         1363    i.My_UDP_Str_Send   main.o
    0x00001ca6   0x00001ca6   0x0000000a   Code   RO          983    i.SPI_DisableAutoSS  spi.o
    0x00001cb0   0x00001cb0   0x00000024   Code   RO         1364    i.SPI_Init          main.o
    0x00001cd4   0x00001cd4   0x00000120   Code   RO          992    i.SPI_Open          spi.o
    0x00001df4   0x00001df4   0x00000002   Code   RO            2    i.SVC_Handler       port.o
    0x00001df6   0x00001df6   0x00000002   PAD
    0x00001df8   0x00001df8   0x000000bc   Code   RO         1365    i.SYS_Init          main.o
    0x00001eb4   0x00001eb4   0x00000030   Code   RO         1099    i.SYS_ResetModule   sys.o
    0x00001ee4   0x00001ee4   0x0000000c   Code   RO         2066    i.SendChar          retarget.o
    0x00001ef0   0x00001ef0   0x00000034   Code   RO         2067    i.SendChar_ToUART   retarget.o
    0x00001f24   0x00001f24   0x00000158   Code   RO         1564    i.Set_Enemy_Ship_XY  battlemap.o
    0x0000207c   0x0000207c   0x0000015c   Code   RO         1565    i.Set_My_Ship_XY    battlemap.o
    0x000021d8   0x000021d8   0x0000024c   Code   RO         1366    i.Setup_Myship      main.o
    0x00002424   0x00002424   0x0000002c   Code   RO         1367    i.Support_Avoid_Setup_Ship_Asthesame_Positions  main.o
    0x00002450   0x00002450   0x00000024   Code   RO            3    i.SysTick_Handler   port.o
    0x00002474   0x00002474   0x00000064   Code   RO         2160    i.SystemCoreClockUpdate  system_nuc131.o
    0x000024d8   0x000024d8   0x00000002   Code   RO         2161    i.SystemInit        system_nuc131.o
    0x000024da   0x000024da   0x00000002   PAD
    0x000024dc   0x000024dc   0x00000084   Code   RO         1170    i.TIMER_GetModuleClock  timer.o
    0x00002560   0x00002560   0x0000007c   Code   RO         1171    i.TIMER_Open        timer.o
    0x000025dc   0x000025dc   0x0000000c   Code   RO         1368    i.TIMER_Stop        main.o
    0x000025e8   0x000025e8   0x0000007c   Code   RO         1369    i.TMR0_IRQHandler   main.o
    0x00002664   0x00002664   0x0000004c   Code   RO         1631    i.TransferData      lcdst7920.o
    0x000026b0   0x000026b0   0x000000b8   Code   RO         1234    i.UART_Open         uart.o
    0x00002768   0x00002768   0x00000088   Code   RO         1772    i.WIZCHIP_READ      w5500.o
    0x000027f0   0x000027f0   0x000000a0   Code   RO         1773    i.WIZCHIP_READ_BUF  w5500.o
    0x00002890   0x00002890   0x00000084   Code   RO         1774    i.WIZCHIP_WRITE     w5500.o
    0x00002914   0x00002914   0x0000009c   Code   RO         1775    i.WIZCHIP_WRITE_BUF  w5500.o
    0x000029b0   0x000029b0   0x0000001c   Code   RO          723    i.__ARM_common_switch8  tasks.o
    0x000029cc   0x000029cc   0x0000000e   Code   RO         2233    i._is_digit         c_p.l(__printf_wp.o)
    0x000029da   0x000029da   0x00000002   PAD
    0x000029dc   0x000029dc   0x0000009c   Code   RO         1690    i.close             socket.o
    0x00002a78   0x00002a78   0x00000158   Code   RO         1691    i.connect           socket.o
    0x00002bd0   0x00002bd0   0x0000000c   Code   RO         1370    i.cs_desel          main.o
    0x00002bdc   0x00002bdc   0x0000000c   Code   RO         1371    i.cs_sel            main.o
    0x00002be8   0x00002be8   0x00000016   Code   RO         1632    i.delay             lcdst7920.o
    0x00002bfe   0x00002bfe   0x00000002   PAD
    0x00002c00   0x00002c00   0x000000b8   Code   RO         1693    i.disconnect        socket.o
    0x00002cb8   0x00002cb8   0x00000008   Code   RO         2069    i.ferror            retarget.o
    0x00002cc0   0x00002cc0   0x00000010   Code   RO         2071    i.fputc             retarget.o
    0x00002cd0   0x00002cd0   0x0000006e   Code   RO         1776    i.getSn_RX_RSR      w5500.o
    0x00002d3e   0x00002d3e   0x0000006e   Code   RO         1777    i.getSn_TX_FSR      w5500.o
    0x00002dac   0x00002dac   0x00000096   Code   RO         1695    i.listen            socket.o
    0x00002e42   0x00002e42   0x00000002   PAD
    0x00002e44   0x00002e44   0x00000170   Code   RO         1372    i.loopback_tcpcc    main.o
    0x00002fb4   0x00002fb4   0x0000013c   Code   RO         1373    i.loopback_tcpss    main.o
    0x000030f0   0x000030f0   0x00000284   Code   RO         1374    i.main              main.o
    0x00003374   0x00003374   0x0000007c   Code   RO          432    i.prvAddCurrentTaskToDelayedList  tasks.o
    0x000033f0   0x000033f0   0x000000a4   Code   RO          433    i.prvAddNewTaskToReadyList  tasks.o
    0x00003494   0x00003494   0x00000048   Code   RO          434    i.prvCheckTasksWaitingTermination  tasks.o
    0x000034dc   0x000034dc   0x00000080   Code   RO          278    i.prvCopyDataToQueue  queue.o
    0x0000355c   0x0000355c   0x00000012   Code   RO          435    i.prvDeleteTCB      tasks.o
    0x0000356e   0x0000356e   0x00000016   Code   RO          279    i.prvGetDisinheritPriorityAfterTimeout  queue.o
    0x00003584   0x00003584   0x00000018   Code   RO          436    i.prvIdleTask       tasks.o
    0x0000359c   0x0000359c   0x00000022   Code   RO          281    i.prvInitialiseNewQueue  queue.o
    0x000035be   0x000035be   0x00000096   Code   RO          437    i.prvInitialiseNewTask  tasks.o
    0x00003654   0x00003654   0x00000064   Code   RO          438    i.prvInitialiseTaskLists  tasks.o
    0x000036b8   0x000036b8   0x0000001c   Code   RO          282    i.prvIsQueueEmpty   queue.o
    0x000036d4   0x000036d4   0x0000001e   Code   RO          283    i.prvIsQueueFull    queue.o
    0x000036f2   0x000036f2   0x00000002   PAD
    0x000036f4   0x000036f4   0x00000038   Code   RO          439    i.prvResetNextTaskUnblockTime  tasks.o
    0x0000372c   0x0000372c   0x0000001c   Code   RO            4    i.prvSetupTimerInterrupt  port.o
    0x00003748   0x00003748   0x00000006   Code   RO            5    i.prvTaskExitError  port.o
    0x0000374e   0x0000374e   0x0000008e   Code   RO          284    i.prvUnlockQueue    queue.o
    0x000037dc   0x000037dc   0x00000074   Code   RO          107    i.pvPortMalloc      heap_1.o
    0x00003850   0x00003850   0x00000020   Code   RO          441    i.pvTaskIncrementMutexHeldCount  tasks.o
    0x00003870   0x00003870   0x00000020   Code   RO            6    i.pxPortInitialiseStack  port.o
    0x00003890   0x00003890   0x0000002c   Code   RO         1375    i.rb                main.o
    0x000038bc   0x000038bc   0x00000110   Code   RO         1696    i.recv              socket.o
    0x000039cc   0x000039cc   0x0000002c   Code   RO         1836    i.reg_wizchip_cs_cbfunc  wizchip_conf.o
    0x000039f8   0x000039f8   0x0000003c   Code   RO         1837    i.reg_wizchip_spi_cbfunc  wizchip_conf.o
    0x00003a34   0x00003a34   0x00000178   Code   RO         1698    i.send              socket.o
    0x00003bac   0x00003bac   0x0000019c   Code   RO         1701    i.socket            socket.o
    0x00003d48   0x00003d48   0x000000a8   Code   RO         2073    i.stackDump         retarget.o
    0x00003df0   0x00003df0   0x00000028   Code   RO          241    i.uxListRemove      list.o
    0x00003e18   0x00003e18   0x0000001a   Code   RO          242    i.vListInitialise   list.o
    0x00003e32   0x00003e32   0x00000006   Code   RO          243    i.vListInitialiseItem  list.o
    0x00003e38   0x00003e38   0x00000036   Code   RO          244    i.vListInsert       list.o
    0x00003e6e   0x00003e6e   0x00000018   Code   RO          245    i.vListInsertEnd    list.o
    0x00003e86   0x00003e86   0x00000002   PAD
    0x00003e88   0x00003e88   0x0000001c   Code   RO            8    i.vPortEnterCritical  port.o
    0x00003ea4   0x00003ea4   0x0000001c   Code   RO            9    i.vPortExitCritical  port.o
    0x00003ec0   0x00003ec0   0x00000002   Code   RO          108    i.vPortFree         heap_1.o
    0x00003ec2   0x00003ec2   0x00000002   PAD
    0x00003ec4   0x00003ec4   0x00000018   Code   RO           10    i.vPortYield        port.o
    0x00003edc   0x00003edc   0x00000044   Code   RO         1376    i.vTask1            main.o
    0x00003f20   0x00003f20   0x000001b4   Code   RO         1377    i.vTask2            main.o
    0x000040d4   0x000040d4   0x000001d4   Code   RO         1378    i.vTask3            main.o
    0x000042a8   0x000042a8   0x00000026   Code   RO          447    i.vTaskDelay        tasks.o
    0x000042ce   0x000042ce   0x00000002   PAD
    0x000042d0   0x000042d0   0x00000018   Code   RO          451    i.vTaskInternalSetTimeOutState  tasks.o
    0x000042e8   0x000042e8   0x0000000c   Code   RO          452    i.vTaskMissedYield  tasks.o
    0x000042f4   0x000042f4   0x00000020   Code   RO          454    i.vTaskPlaceOnEventList  tasks.o
    0x00004314   0x00004314   0x00000088   Code   RO          456    i.vTaskPriorityDisinheritAfterTimeout  tasks.o
    0x0000439c   0x0000439c   0x00000054   Code   RO          461    i.vTaskStartScheduler  tasks.o
    0x000043f0   0x000043f0   0x00000010   Code   RO          463    i.vTaskSuspendAll   tasks.o
    0x00004400   0x00004400   0x00000078   Code   RO          464    i.vTaskSwitchContext  tasks.o
    0x00004478   0x00004478   0x00000024   Code   RO         1379    i.wb                main.o
    0x0000449c   0x0000449c   0x00000086   Code   RO         1778    i.wiz_recv_data     w5500.o
    0x00004522   0x00004522   0x00000086   Code   RO         1780    i.wiz_send_data     w5500.o
    0x000045a8   0x000045a8   0x00000006   Code   RO         1839    i.wizchip_bus_readdata  wizchip_conf.o
    0x000045ae   0x000045ae   0x00000004   Code   RO         1840    i.wizchip_bus_writedata  wizchip_conf.o
    0x000045b2   0x000045b2   0x00000002   Code   RO         1842    i.wizchip_cris_enter  wizchip_conf.o
    0x000045b4   0x000045b4   0x00000002   Code   RO         1843    i.wizchip_cris_exit  wizchip_conf.o
    0x000045b6   0x000045b6   0x00000002   Code   RO         1844    i.wizchip_cs_deselect  wizchip_conf.o
    0x000045b8   0x000045b8   0x00000002   Code   RO         1845    i.wizchip_cs_select  wizchip_conf.o
    0x000045ba   0x000045ba   0x00000002   PAD
    0x000045bc   0x000045bc   0x0000005c   Code   RO         1848    i.wizchip_getnetinfo  wizchip_conf.o
    0x00004618   0x00004618   0x00000090   Code   RO         1851    i.wizchip_init      wizchip_conf.o
    0x000046a8   0x000046a8   0x00000058   Code   RO         1853    i.wizchip_setnetinfo  wizchip_conf.o
    0x00004700   0x00004700   0x00000004   Code   RO         1857    i.wizchip_spi_readbyte  wizchip_conf.o
    0x00004704   0x00004704   0x00000002   Code   RO         1859    i.wizchip_spi_writebyte  wizchip_conf.o
    0x00004706   0x00004706   0x00000072   Code   RO         1860    i.wizchip_sw_reset  wizchip_conf.o
    0x00004778   0x00004778   0x00000038   Code   RO           11    i.xPortStartScheduler  port.o
    0x000047b0   0x000047b0   0x00000040   Code   RO          290    i.xQueueGenericCreate  queue.o
    0x000047f0   0x000047f0   0x00000078   Code   RO          291    i.xQueueGenericReset  queue.o
    0x00004868   0x00004868   0x000000fc   Code   RO          292    i.xQueueGenericSend  queue.o
    0x00004964   0x00004964   0x0000012a   Code   RO          301    i.xQueueSemaphoreTake  queue.o
    0x00004a8e   0x00004a8e   0x00000002   PAD
    0x00004a90   0x00004a90   0x00000060   Code   RO          465    i.xTaskCheckForTimeOut  tasks.o
    0x00004af0   0x00004af0   0x0000005c   Code   RO          466    i.xTaskCreate       tasks.o
    0x00004b4c   0x00004b4c   0x00000120   Code   RO          472    i.xTaskIncrementTick  tasks.o
    0x00004c6c   0x00004c6c   0x00000060   Code   RO          475    i.xTaskPriorityDisinherit  tasks.o
    0x00004ccc   0x00004ccc   0x000000a4   Code   RO          476    i.xTaskPriorityInherit  tasks.o
    0x00004d70   0x00004d70   0x00000080   Code   RO          477    i.xTaskRemoveFromEventList  tasks.o
    0x00004df0   0x00004df0   0x000000e0   Code   RO          478    i.xTaskResumeAll    tasks.o
    0x00004ed0   0x00004ed0   0x00000030   Data   RO          758    .constdata          clk.o
    0x00004f00   0x00004f00   0x00000020   Data   RO         1172    .constdata          timer.o
    0x00004f20   0x00004f20   0x00000030   Data   RO         1244    .constdata          uart.o
    0x00004f50   0x00004f50   0x00000028   Data   RO         2206    .constdata          c_p.l(_printf_hex_int.o)
    0x00004f78   0x00004f78   0x0000003a   Data   RO         1381    .conststring        main.o
    0x00004fb2   0x00004fb2   0x00000002   PAD
    0x00004fb4   0x00004fb4   0x00000020   Data   RO         2429    Region$$Table       anon$$obj.o


    Execution Region RW_IRAM1 (Exec base: 0x20000000, Load base: 0x00004fd4, Size: 0x00001b18, Max: 0x00002000, ABSOLUTE, COMPRESSED[0x00000174])

    Exec Addr    Load Addr    Size         Type   Attr      Idx    E Section Name        Object

    0x20000000   COMPRESSED   0x00000004   Data   RW           12    .data               port.o
    0x20000004   COMPRESSED   0x00000008   Data   RW          112    .data               heap_1.o
    0x2000000c   COMPRESSED   0x0000003c   Data   RW          481    .data               tasks.o
    0x20000048   COMPRESSED   0x0000048a   Data   RW         1382    .data               main.o
    0x200004d2   COMPRESSED   0x00000078   Data   RW         1566    .data               battlemap.o
    0x2000054a   COMPRESSED   0x00000002   PAD
    0x2000054c   COMPRESSED   0x00000004   Data   RW         1633    .data               lcdst7920.o
    0x20000550   COMPRESSED   0x0000000e   Data   RW         1703    .data               socket.o
    0x2000055e   COMPRESSED   0x00000002   PAD
    0x20000560   COMPRESSED   0x00000031   Data   RW         1868    .data               wizchip_conf.o
    0x20000591   COMPRESSED   0x00000003   PAD
    0x20000594   COMPRESSED   0x00000008   Data   RW         2074    .data               retarget.o
    0x2000059c   COMPRESSED   0x0000002c   Data   RW         2162    .data               system_nuc131.o
    0x200005c8        -       0x00000fa0   Zero   RW          111    .bss                heap_1.o
    0x20001568        -       0x000000c8   Zero   RW          480    .bss                tasks.o
    0x20001630        -       0x00000077   Zero   RW         1380    .bss                main.o
    0x200016a7   COMPRESSED   0x00000001   PAD
    0x200016a8        -       0x00000010   Zero   RW         1702    .bss                socket.o
    0x200016b8        -       0x00000060   Zero   RW         2304    .bss                c_p.l(libspace.o)
    0x20001718        -       0x00000000   Zero   RW         2151    HEAP                startup_nuc131.o
    0x20001718        -       0x00000400   Zero   RW         2150    STACK               startup_nuc131.o


==============================================================================

Image component sizes


      Code (inc. data)   RO Data    RW Data    ZI Data      Debug   Object Name

      3684        158          0        120          0       6122   battlemap.o
      1048        116         48          0          0     130529   clk.o
        46          0          0          0          0       1027   gpio.o
       118         16          0          8       4000       3499   heap_1.o
       558         28          0          4          0       3581   lcdst7920.o
       150          0          0          0          0       3158   list.o
      3786        600         58       1162        119      76041   main.o
       360         56          0          4          0      20608   port.o
      1118          0          0          0          0      11585   queue.o
       328        132          0          8          0       5313   retarget.o
      1894         72          0         14         16       6008   socket.o
       426         22          0          0          0       2827   spi.o
       100         46        192          0       1024        644   startup_nuc131.o
        48          0          0          0          0        514   sys.o
       230         40          0         44          0       2503   system_nuc131.o
      2318        326          0         60        200      22368   tasks.o
       256         34         32          0          0       1948   timer.o
       312         34         48          0          0     114196   uart.o
      1072         18          0          0          0       5368   w5500.o
       566         46          0         49          0      10212   wizchip_conf.o

    ----------------------------------------------------------------------
     18440       1744        412       1480       5360     428051   Object Totals
         0          0         32          0          0          0   (incl. Generated)
        22          0          2          7          1          0   (incl. Padding)

    ----------------------------------------------------------------------

      Code (inc. data)   RO Data    RW Data    ZI Data      Debug   Library Member Name

        86          0          0          0          0          0   __dczerorl2.o
         8          0          0          0          0         68   __main.o
       284          0          0          0          0        136   __printf_wp.o
         0          0          0          0          0          0   __rtentry.o
        12          0          0          0          0          0   __rtentry2.o
         6          0          0          0          0          0   __rtentry4.o
        60          8          0          0          0          0   __scatter.o
        28          0          0          0          0          0   __scatter_zi.o
        48          6          0          0          0         88   _printf_char_common.o
        40          6          0          0          0         72   _printf_char_file.o
        88          4         40          0          0         72   _printf_hex_int.o
       176          0          0          0          0         84   _printf_intcommon.o
         2          0          0          0          0          0   _printf_percent.o
         4          0          0          0          0          0   _printf_percent_end.o
        10          0          0          0          0          0   _printf_x.o
       346          0          0          0          0         92   aeabi_sdiv.o
        16          0          0          0          0         68   exit.o
         6          0          0          0          0        136   heapauxi.o
         0          0          0          0          0          0   indicate_semi.o
         2          0          0          0          0          0   libinit.o
         2          0          0          0          0          0   libinit2.o
         2          0          0          0          0          0   libshutdown.o
         2          0          0          0          0          0   libshutdown2.o
         8          4          0          0         96         68   libspace.o
        28          6          0          0          0         84   noretval__2printf.o
       186          0          0          0          0        144   rt_memcpy.o
         2          0          0          0          0          0   rtexit.o
        10          0          0          0          0          0   rtexit2.o
        12          4          0          0          0         60   sys_exit.o
        62          0          0          0          0         80   sys_stackheap_outer.o
         2          0          0          0          0         68   use_no_semi.o

    ----------------------------------------------------------------------
      1544         38         40          0         96       1320   Library Totals
         6          0          0          0          0          0   (incl. Padding)

    ----------------------------------------------------------------------

      Code (inc. data)   RO Data    RW Data    ZI Data      Debug   Library Name

      1538         38         40          0         96       1320   c_p.l

    ----------------------------------------------------------------------
      1544         38         40          0         96       1320   Library Totals

    ----------------------------------------------------------------------

==============================================================================


      Code (inc. data)   RO Data    RW Data    ZI Data      Debug   

     19984       1782        452       1480       5456     422783   Grand Totals
     19984       1782        452        372       5456     422783   ELF Image Totals (compressed)
     19984       1782        452        372          0          0   ROM Totals

==============================================================================

    Total RO  Size (Code + RO Data)                20436 (  19.96kB)
    Total RW  Size (RW Data + ZI Data)              6936 (   6.77kB)
    Total ROM Size (Code + RO Data + RW Data)      20808 (  20.32kB)

==============================================================================

