<html>
<body>
<pre>
<h1>µVision Build Log</h1>
<h2>Tool Versions:</h2>
IDE-Version: µVision V5.29.0.0
Copyright (C) 2019 ARM Ltd and ARM Germany GmbH. All rights reserved.
License Information: Xiu Xiu, Xiu, LIC=CZLRA-1HRBN-CW32K-Z69G3-AQN60-K40NI
 
Tool Versions:
Toolchain:       MDK-ARM Plus  Version: 5.29.0.0
Toolchain Path:  C:\Keil_v5\ARM\ARMCC\Bin
C Compiler:      Armcc.exe V5.06 update 6 (build 750)
Assembler:       Armasm.exe V5.06 update 6 (build 750)
Linker/Locator:  ArmLink.exe V5.06 update 6 (build 750)
Library Manager: ArmAr.exe V5.06 update 6 (build 750)
Hex Converter:   FromElf.exe V5.06 update 6 (build 750)
CPU DLL:         SARMCM3.DLL V5.29.0.0
Dialog DLL:      DARMCM1.DLL V1.19.2.0
Target DLL:      NULink\Nu_Link.dll V3.01
Dialog DLL:      TARMCM1.DLL V1.14.1.0
 
<h2>Project:</h2>
E:\1DATA\Slide\HK7\LTNCB\NUMAKER\BattleShip_RTOS\BattleShip_RTOS.uvprojx
Project File Date:  12/27/2019

<h2>Output:</h2>
*** Using Compiler 'V5.06 update 6 (build 750)', folder: 'C:\Keil_v5\ARM\ARMCC\Bin'
Rebuild target 'Target 1'
compiling heap_1.c...
compiling croutine.c...
compiling timers.c...
compiling port.c...
compiling list.c...
compiling event_groups.c...
compiling queue.c...
compiling tasks.c...
compiling clk.c...
compiling gpio.c...
compiling spi.c...
compiling sys.c...
compiling timer.c...
compiling ip_arp_udp_tcp.c...
compiling main.c...
main.c(652): warning:  #111-D: statement is unreachable
  	return 0;
main.c: 1 warning, 0 errors
compiling ENC28J60.C...
assembling startup_NUC131.s...
compiling BattleMap.c...
compiling LCDST7920.c...
compiling retarget.c...
compiling system_NUC131.c...
linking...
.\Objects\FreeRTOS.axf: Warning: L6305W: Image does not have an entry point. (Not specified or not set due to multiple choices.)
Program Size: Code=17600 RO-data=384 RW-data=1536 ZI-data=5544  
Finished: 0 information, 1 warning and 0 error messages.
".\Objects\FreeRTOS.axf" - 0 Error(s), 2 Warning(s).

<h2>Software Packages used:</h2>

Package Vendor: ARM
                http://www.keil.com/pack/ARM.CMSIS.5.6.0.pack
                ARM.CMSIS.5.6.0
                CMSIS (Cortex Microcontroller Software Interface Standard)
   * Component: CORE Version: 5.3.0

Package Vendor: Nuvoton
                http://www.nuvoton.com/hq/enu/Documents/KEILSoftwarePack/Nuvoton.NuMicro_DFP.1.3.2.pack
                Nuvoton.NuMicro_DFP.1.3.2
                Nuvoton ARM Cortex-M NuMicro Family Device Support
   * Component: Startup Version: 0.00.001

<h2>Collection of Component include folders:</h2>
  .\RTE\_Target_1
  C:\Keil_v5\ARM\PACK\ARM\CMSIS\5.6.0\CMSIS\Core\Include
  C:\Keil_v5\ARM\PACK\Nuvoton\NuMicro_DFP\1.3.2\Device\NUC131\Include
  C:\Keil_v5\ARM\PACK\Nuvoton\NuMicro_DFP\1.3.2\Device\NUC131\StdDriver\inc

<h2>Collection of Component Files used:</h2>

   * Component: ARM::CMSIS:CORE:5.3.0

   * Component: Nuvoton::Device:Startup:0.00.001
      Source file:   Device\NUC131\Source\ARM\startup_NUC131.s
      Include file:  Device\NUC131\Include\NUC131.h
      Source file:   Device\NUC131\Source\system_NUC131.c
      Source file:   Device\NUC131\StdDriver\src\retarget.c
Build Time Elapsed:  00:00:06
</pre>
</body>
</html>
